Component: ARM Compiler 5.06 update 5 (build 528) Tool: armlink [4d35e2]

==============================================================================

Section Cross References

    startup_stm32g431xx.o(RESET) refers to startup_stm32g431xx.o(STACK) for __initial_sp
    startup_stm32g431xx.o(RESET) refers to startup_stm32g431xx.o(.text) for Reset_Handler
    startup_stm32g431xx.o(RESET) refers to stm32g4xx_it.o(i.NMI_Handler) for NMI_Handler
    startup_stm32g431xx.o(RESET) refers to stm32g4xx_it.o(i.HardFault_Handler) for HardFault_Handler
    startup_stm32g431xx.o(RESET) refers to stm32g4xx_it.o(i.MemManage_Handler) for MemManage_Handler
    startup_stm32g431xx.o(RESET) refers to stm32g4xx_it.o(i.BusFault_Handler) for BusFault_Handler
    startup_stm32g431xx.o(RESET) refers to stm32g4xx_it.o(i.UsageFault_Handler) for UsageFault_Handler
    startup_stm32g431xx.o(RESET) refers to stm32g4xx_it.o(i.SVC_Handler) for SVC_Handler
    startup_stm32g431xx.o(RESET) refers to stm32g4xx_it.o(i.DebugMon_Handler) for DebugMon_Handler
    startup_stm32g431xx.o(RESET) refers to stm32g4xx_it.o(i.PendSV_Handler) for PendSV_Handler
    startup_stm32g431xx.o(RESET) refers to stm32g4xx_it.o(i.SysTick_Handler) for SysTick_Handler
    startup_stm32g431xx.o(RESET) refers to stm32g4xx_it.o(i.TIM2_IRQHandler) for TIM2_IRQHandler
    startup_stm32g431xx.o(RESET) refers to stm32g4xx_it.o(i.TIM4_IRQHandler) for TIM4_IRQHandler
    startup_stm32g431xx.o(.text) refers to system_stm32g4xx.o(i.SystemInit) for SystemInit
    startup_stm32g431xx.o(.text) refers to entry.o(.ARM.Collect$$$$00000000) for __main
    main.o(i.SystemClock_Config) refers to memseta.o(.text) for __aeabi_memclr4
    main.o(i.SystemClock_Config) refers to stm32g4xx_hal_pwr_ex.o(i.HAL_PWREx_ControlVoltageScaling) for HAL_PWREx_ControlVoltageScaling
    main.o(i.SystemClock_Config) refers to stm32g4xx_hal_rcc.o(i.HAL_RCC_OscConfig) for HAL_RCC_OscConfig
    main.o(i.SystemClock_Config) refers to stm32g4xx_hal_rcc.o(i.HAL_RCC_ClockConfig) for HAL_RCC_ClockConfig
    main.o(i.main) refers to stm32g4xx_hal.o(i.HAL_Init) for HAL_Init
    main.o(i.main) refers to main.o(i.SystemClock_Config) for SystemClock_Config
    main.o(i.main) refers to gpio.o(i.MX_GPIO_Init) for MX_GPIO_Init
    main.o(i.main) refers to adc.o(i.MX_ADC2_Init) for MX_ADC2_Init
    main.o(i.main) refers to tim.o(i.MX_TIM2_Init) for MX_TIM2_Init
    main.o(i.main) refers to tim.o(i.MX_TIM3_Init) for MX_TIM3_Init
    main.o(i.main) refers to tim.o(i.MX_TIM4_Init) for MX_TIM4_Init
    main.o(i.main) refers to usart.o(i.MX_USART1_UART_Init) for MX_USART1_UART_Init
    main.o(i.main) refers to lcd.o(i.lcd_init) for lcd_init
    main.o(i.main) refers to gpio.o(i.led_init) for led_init
    main.o(i.main) refers to adc.o(i.adc_init) for adc_init
    main.o(i.main) refers to tim.o(i.key_init) for key_init
    main.o(i.main) refers to tim.o(i.pwm_init) for pwm_init
    main.o(i.main) refers to gpio.o(i.led_task) for led_task
    main.o(i.main) refers to adc.o(i.adc_task) for adc_task
    main.o(i.main) refers to tim.o(i.key_task) for key_task
    main.o(i.main) refers to lcd.o(i.lcd_task) for lcd_task
    main.o(i.main) refers to tim.o(i.pwm_task) for pwm_task
    main.o(i.main) refers to main.o(.data) for .data
    gpio.o(i.MX_GPIO_Init) refers to memseta.o(.text) for __aeabi_memclr4
    gpio.o(i.MX_GPIO_Init) refers to stm32g4xx_hal_gpio.o(i.HAL_GPIO_WritePin) for HAL_GPIO_WritePin
    gpio.o(i.MX_GPIO_Init) refers to stm32g4xx_hal_gpio.o(i.HAL_GPIO_Init) for HAL_GPIO_Init
    gpio.o(i.led_by_8bits) refers to stm32g4xx_hal_gpio.o(i.HAL_GPIO_WritePin) for HAL_GPIO_WritePin
    gpio.o(i.led_by_8bits) refers to gpio.o(.data) for .data
    gpio.o(i.led_init) refers to stm32g4xx_hal_gpio.o(i.HAL_GPIO_WritePin) for HAL_GPIO_WritePin
    gpio.o(i.led_task) refers to gpio.o(i.led_by_8bits) for led_by_8bits
    gpio.o(i.led_task) refers to lcd.o(.data) for F
    gpio.o(i.led_task) refers to lcd.o(.data) for FH
    gpio.o(i.led_task) refers to gpio.o(.data) for .data
    gpio.o(i.led_task) refers to lcd.o(.data) for AH
    gpio.o(i.led_task) refers to lcd.o(.data) for TH
    adc.o(i.HAL_ADC_MspDeInit) refers to stm32g4xx_hal_gpio.o(i.HAL_GPIO_DeInit) for HAL_GPIO_DeInit
    adc.o(i.HAL_ADC_MspInit) refers to memseta.o(.text) for __aeabi_memclr4
    adc.o(i.HAL_ADC_MspInit) refers to stm32g4xx_hal_rcc_ex.o(i.HAL_RCCEx_PeriphCLKConfig) for HAL_RCCEx_PeriphCLKConfig
    adc.o(i.HAL_ADC_MspInit) refers to main.o(i.Error_Handler) for Error_Handler
    adc.o(i.HAL_ADC_MspInit) refers to stm32g4xx_hal_gpio.o(i.HAL_GPIO_Init) for HAL_GPIO_Init
    adc.o(i.MX_ADC2_Init) refers to memseta.o(.text) for __aeabi_memclr4
    adc.o(i.MX_ADC2_Init) refers to stm32g4xx_hal_adc.o(i.HAL_ADC_Init) for HAL_ADC_Init
    adc.o(i.MX_ADC2_Init) refers to main.o(i.Error_Handler) for Error_Handler
    adc.o(i.MX_ADC2_Init) refers to stm32g4xx_hal_adc.o(i.HAL_ADC_ConfigChannel) for HAL_ADC_ConfigChannel
[...]
    ..\Drivers\STM32G4xx_HAL_Driver\Src\stm32g4xx_hal_adc.c 0x00000000   Number         0  stm32g4xx_hal_adc.o ABSOLUTE
    ..\Drivers\STM32G4xx_HAL_Driver\Src\stm32g4xx_hal_adc_ex.c 0x00000000   Number         0  stm32g4xx_hal_adc_ex.o ABSOLUTE
    ..\Drivers\STM32G4xx_HAL_Driver\Src\stm32g4xx_hal_cortex.c 0x00000000   Number         0  stm32g4xx_hal_cortex.o ABSOLUTE
    ..\Drivers\STM32G4xx_HAL_Driver\Src\stm32g4xx_hal_dma.c 0x00000000   Number         0  stm32g4xx_hal_dma.o ABSOLUTE
    ..\Drivers\STM32G4xx_HAL_Driver\Src\stm32g4xx_hal_dma_ex.c 0x00000000   Number         0  stm32g4xx_hal_dma_ex.o ABSOLUTE
    ..\Drivers\STM32G4xx_HAL_Driver\Src\stm32g4xx_hal_exti.c 0x00000000   Number         0  stm32g4xx_hal_exti.o ABSOLUTE
    ..\Drivers\STM32G4xx_HAL_Driver\Src\stm32g4xx_hal_flash.c 0x00000000   Number         0  stm32g4xx_hal_flash.o ABSOLUTE
    ..\Drivers\STM32G4xx_HAL_Driver\Src\stm32g4xx_hal_flash_ex.c 0x00000000   Number         0  stm32g4xx_hal_flash_ex.o ABSOLUTE
    ..\Drivers\STM32G4xx_HAL_Driver\Src\stm32g4xx_hal_flash_ramfunc.c 0x00000000   Number         0  stm32g4xx_hal_flash_ramfunc.o ABSOLUTE
    ..\Drivers\STM32G4xx_HAL_Driver\Src\stm32g4xx_hal_gpio.c 0x00000000   Number         0  stm32g4xx_hal_gpio.o ABSOLUTE
    ..\Drivers\STM32G4xx_HAL_Driver\Src\stm32g4xx_hal_pwr.c 0x00000000   Number         0  stm32g4xx_hal_pwr.o ABSOLUTE
    ..\Drivers\STM32G4xx_HAL_Driver\Src\stm32g4xx_hal_pwr_ex.c 0x00000000   Number         0  stm32g4xx_hal_pwr_ex.o ABSOLUTE
    ..\Drivers\STM32G4xx_HAL_Driver\Src\stm32g4xx_hal_rcc.c 0x00000000   Number         0  stm32g4xx_hal_rcc.o ABSOLUTE
    ..\Drivers\STM32G4xx_HAL_Driver\Src\stm32g4xx_hal_rcc_ex.c 0x00000000   Number         0  stm32g4xx_hal_rcc_ex.o ABSOLUTE
    ..\Drivers\STM32G4xx_HAL_Driver\Src\stm32g4xx_hal_tim.c 0x00000000   Number         0  stm32g4xx_hal_tim.o ABSOLUTE
    ..\Drivers\STM32G4xx_HAL_Driver\Src\stm32g4xx_hal_tim_ex.c 0x00000000   Number         0  stm32g4xx_hal_tim_ex.o ABSOLUTE
    ..\Drivers\STM32G4xx_HAL_Driver\Src\stm32g4xx_hal_uart.c 0x00000000   Number         0  stm32g4xx_hal_uart.o ABSOLUTE
    ..\Drivers\STM32G4xx_HAL_Driver\Src\stm32g4xx_hal_uart_ex.c 0x00000000   Number         0  stm32g4xx_hal_uart_ex.o ABSOLUTE
    ..\\bsp\\lcd.c                           0x00000000   Number         0  lcd.o ABSOLUTE
    ..\bsp\lcd.c                             0x00000000   Number         0  lcd.o ABSOLUTE
    cdrcmple.s                               0x00000000   Number         0  cdrcmple.o ABSOLUTE
    dc.s                                     0x00000000   Number         0  dc.o ABSOLUTE
    handlers.s                               0x00000000   Number         0  handlers.o ABSOLUTE
    init.s                                   0x00000000   Number         0  init.o ABSOLUTE
    startup_stm32g431xx.s                    0x00000000   Number         0  startup_stm32g431xx.o ABSOLUTE
    RESET                                    0x08000000   Section      472  startup_stm32g431xx.o(RESET)
    .ARM.Collect$$$$00000000                 0x080001d8   Section        0  entry.o(.ARM.Collect$$$$00000000)
    .ARM.Collect$$$$00000001                 0x080001d8   Section        4  entry2.o(.ARM.Collect$$$$00000001)
    .ARM.Collect$$$$00000004                 0x080001dc   Section        4  entry5.o(.ARM.Collect$$$$00000004)
    .ARM.Collect$$$$00000008                 0x080001e0   Section        0  entry7b.o(.ARM.Collect$$$$00000008)
    .ARM.Collect$$$$0000000A                 0x080001e0   Section        0  entry8b.o(.ARM.Collect$$$$0000000A)
    .ARM.Collect$$$$0000000B                 0x080001e0   Section        8  entry9a.o(.ARM.Collect$$$$0000000B)
    .ARM.Collect$$$$0000000D                 0x080001e8   Section        0  entry10a.o(.ARM.Collect$$$$0000000D)
    .ARM.Collect$$$$0000000F                 0x080001e8   Section        0  entry11a.o(.ARM.Collect$$$$0000000F)
    .ARM.Collect$$$$00002712                 0x080001e8   Section        4  entry2.o(.ARM.Collect$$$$00002712)
    __lit__00000000                          0x080001e8   Data           4  entry2.o(.ARM.Collect$$$$00002712)
    .text                                    0x080001ec   Section       36  startup_stm32g431xx.o(.text)
    $v0                                      0x080001ec   Number         0  startup_stm32g431xx.o(.text)
    .text                                    0x08000210   Section        0  uldiv.o(.text)
    .text                                    0x08000272   Section        0  memseta.o(.text)
    .text                                    0x08000296   Section        0  dmul.o(.text)
    .text                                    0x0800037a   Section        0  ddiv.o(.text)
    .text                                    0x08000458   Section        0  dfltui.o(.text)
    .text                                    0x08000472   Section        0  f2d.o(.text)
    .text                                    0x08000498   Section        0  d2f.o(.text)
    .text                                    0x080004d0   Section        0  uidiv.o(.text)
    .text                                    0x080004fc   Section        0  llshl.o(.text)
    .text                                    0x0800051a   Section        0  llushr.o(.text)
    .text                                    0x0800053a   Section        0  iusefp.o(.text)
    .text                                    0x0800053a   Section        0  fepilogue.o(.text)
    .text                                    0x080005a8   Section        0  depilogue.o(.text)
    .text                                    0x08000662   Section        0  dadd.o(.text)
    .text                                    0x080007b0   Section        0  dfixul.o(.text)
    .text                                    0x080007e0   Section       48  cdrcmple.o(.text)
    .text                                    0x08000810   Section       36  init.o(.text)
    .text                                    0x08000834   Section        0  llsshr.o(.text)
    i.ADC_Disable                            0x08000858   Section        0  stm32g4xx_hal_adc.o(i.ADC_Disable)
    i.ADC_Enable                             0x080008c8   Section        0  stm32g4xx_hal_adc.o(i.ADC_Enable)
    i.BusFault_Handler                       0x08000974   Section        0  stm32g4xx_it.o(i.BusFault_Handler)
    i.DebugMon_Handler                       0x08000976   Section        0  stm32g4xx_it.o(i.DebugMon_Handler)
    i.Delay_LCD                              0x08000978   Section        0  lcd.o(i.Delay_LCD)
    i.Error_Handler                          0x08000994   Section        0  main.o(i.Error_Handler)
    i.HAL_ADCEx_Calibration_Start            0x08000998   Section        0  stm32g4xx_hal_adc_ex.o(i.HAL_ADCEx_Calibration_Start)
    i.HAL_ADC_ConfigChannel                  0x08000a2c   Section        0  stm32g4xx_hal_adc.o(i.HAL_ADC_ConfigChannel)
    i.HAL_ADC_GetValue                       0x08000e50   Section        0  stm32g4xx_hal_adc.o(i.HAL_ADC_GetValue)
    i.HAL_ADC_Init                           0x08000e58   Section        0  stm32g4xx_hal_adc.o(i.HAL_ADC_Init)
    i.HAL_ADC_MspInit                        0x0800104c   Section        0  adc.o(i.HAL_ADC_MspInit)
    i.HAL_ADC_Start                          0x080010c4   Section        0  stm32g4xx_hal_adc.o(i.HAL_ADC_Start)
    i.HAL_Delay                              0x080011b8   Section        0  stm32g4xx_hal.o(i.HAL_Delay)
    i.HAL_GPIO_Init                          0x080011dc   Section        0  stm32g4xx_hal_gpio.o(i.HAL_GPIO_Init)
    i.HAL_GPIO_ReadPin                       0x08001424   Section        0  stm32g4xx_hal_gpio.o(i.HAL_GPIO_ReadPin)
    i.HAL_GPIO_WritePin                      0x0800142e   Section        0  stm32g4xx_hal_gpio.o(i.HAL_GPIO_WritePin)
    i.HAL_GetTick                            0x08001438   Section        0  stm32g4xx_hal.o(i.HAL_GetTick)
    i.HAL_IncTick                            0x08001444   Section        0  stm32g4xx_hal.o(i.HAL_IncTick)
    i.HAL_Init                               0x08001454   Section        0  stm32g4xx_hal.o(i.HAL_Init)
    i.HAL_InitTick                           0x08001474   Section        0  stm32g4xx_hal.o(i.HAL_InitTick)
    i.HAL_MspInit                            0x080014b8   Section        0  stm32g4xx_hal_msp.o(i.HAL_MspInit)
    i.HAL_NVIC_EnableIRQ                     0x080014e8   Section        0  stm32g4xx_hal_cortex.o(i.HAL_NVIC_EnableIRQ)
    i.HAL_NVIC_SetPriority                   0x08001504   Section        0  stm32g4xx_hal_cortex.o(i.HAL_NVIC_SetPriority)
    i.HAL_NVIC_SetPriorityGrouping           0x08001544   Section        0  stm32g4xx_hal_cortex.o(i.HAL_NVIC_SetPriorityGrouping)
    i.HAL_PWREx_ControlVoltageScaling        0x08001568   Section        0  stm32g4xx_hal_pwr_ex.o(i.HAL_PWREx_ControlVoltageScaling)
    i.HAL_PWREx_DisableUCPDDeadBattery       0x08001624   Section        0  stm32g4xx_hal_pwr_ex.o(i.HAL_PWREx_DisableUCPDDeadBattery)
    i.HAL_RCCEx_PeriphCLKConfig              0x08001634   Section        0  stm32g4xx_hal_rcc_ex.o(i.HAL_RCCEx_PeriphCLKConfig)
    i.HAL_RCC_ClockConfig                    0x080018bc   Section        0  stm32g4xx_hal_rcc.o(i.HAL_RCC_ClockConfig)
    i.HAL_RCC_GetPCLK1Freq                   0x08001a98   Section        0  stm32g4xx_hal_rcc.o(i.HAL_RCC_GetPCLK1Freq)
    i.HAL_RCC_GetPCLK2Freq                   0x08001abc   Section        0  stm32g4xx_hal_rcc.o(i.HAL_RCC_GetPCLK2Freq)
    i.HAL_RCC_GetSysClockFreq                0x08001ae0   Section        0  stm32g4xx_hal_rcc.o(i.HAL_RCC_GetSysClockFreq)
    i.HAL_RCC_OscConfig                      0x08001b50   Section        0  stm32g4xx_hal_rcc.o(i.HAL_RCC_OscConfig)
    i.HAL_SYSTICK_Config                     0x08001f54   Section        0  stm32g4xx_hal_cortex.o(i.HAL_SYSTICK_Config)
    i.HAL_TIMEx_Break2Callback               0x08001f7c   Section        0  stm32g4xx_hal_tim_ex.o(i.HAL_TIMEx_Break2Callback)
    i.HAL_TIMEx_BreakCallback                0x08001f7e   Section        0  stm32g4xx_hal_tim_ex.o(i.HAL_TIMEx_BreakCallback)
    i.HAL_TIMEx_CommutCallback               0x08001f80   Section        0  stm32g4xx_hal_tim_ex.o(i.HAL_TIMEx_CommutCallback)
    i.HAL_TIMEx_DirectionChangeCallback      0x08001f82   Section        0  stm32g4xx_hal_tim_ex.o(i.HAL_TIMEx_DirectionChangeCallback)
    i.HAL_TIMEx_EncoderIndexCallback         0x08001f84   Section        0  stm32g4xx_hal_tim_ex.o(i.HAL_TIMEx_EncoderIndexCallback)
    i.HAL_TIMEx_IndexErrorCallback           0x08001f86   Section        0  stm32g4xx_hal_tim_ex.o(i.HAL_TIMEx_IndexErrorCallback)
    i.HAL_TIMEx_MasterConfigSynchronization  0x08001f88   Section        0  stm32g4xx_hal_tim_ex.o(i.HAL_TIMEx_MasterConfigSynchronization)
    i.HAL_TIMEx_TransitionErrorCallback      0x08002024   Section        0  stm32g4xx_hal_tim_ex.o(i.HAL_TIMEx_TransitionErrorCallback)
    i.HAL_TIM_Base_Init                      0x08002026   Section        0  stm32g4xx_hal_tim.o(i.HAL_TIM_Base_Init)
    i.HAL_TIM_Base_MspInit                   0x08002088   Section        0  tim.o(i.HAL_TIM_Base_MspInit)
    i.HAL_TIM_Base_Start_IT                  0x08002138   Section        0  stm32g4xx_hal_tim.o(i.HAL_TIM_Base_Start_IT)
    i.HAL_TIM_ConfigClockSource              0x080021b0   Section        0  stm32g4xx_hal_tim.o(i.HAL_TIM_ConfigClockSource)
    i.HAL_TIM_IC_CaptureCallback             0x080022b0   Section        0  tim.o(i.HAL_TIM_IC_CaptureCallback)
    i.HAL_TIM_IC_ConfigChannel               0x0800237c   Section        0  stm32g4xx_hal_tim.o(i.HAL_TIM_IC_ConfigChannel)
    i.HAL_TIM_IC_Init                        0x080024a0   Section        0  stm32g4xx_hal_tim.o(i.HAL_TIM_IC_Init)
    i.HAL_TIM_IC_MspInit                     0x08002502   Section        0  stm32g4xx_hal_tim.o(i.HAL_TIM_IC_MspInit)
    i.HAL_TIM_IC_Start_IT                    0x08002504   Section        0  stm32g4xx_hal_tim.o(i.HAL_TIM_IC_Start_IT)
    i.HAL_TIM_IRQHandler                     0x08002630   Section        0  stm32g4xx_hal_tim.o(i.HAL_TIM_IRQHandler)
    i.HAL_TIM_MspPostInit                    0x080027d4   Section        0  tim.o(i.HAL_TIM_MspPostInit)
    i.HAL_TIM_OC_DelayElapsedCallback        0x08002824   Section        0  stm32g4xx_hal_tim.o(i.HAL_TIM_OC_DelayElapsedCallback)
    i.HAL_TIM_PWM_ConfigChannel              0x08002826   Section        0  stm32g4xx_hal_tim.o(i.HAL_TIM_PWM_ConfigChannel)
    i.HAL_TIM_PWM_Init                       0x0800294a   Section        0  stm32g4xx_hal_tim.o(i.HAL_TIM_PWM_Init)
    i.HAL_TIM_PWM_MspInit                    0x080029ac   Section        0  stm32g4xx_hal_tim.o(i.HAL_TIM_PWM_MspInit)
    i.HAL_TIM_PWM_PulseFinishedCallback      0x080029ae   Section        0  stm32g4xx_hal_tim.o(i.HAL_TIM_PWM_PulseFinishedCallback)
    i.HAL_TIM_PWM_Start                      0x080029b0   Section        0  stm32g4xx_hal_tim.o(i.HAL_TIM_PWM_Start)
    i.HAL_TIM_PeriodElapsedCallback          0x08002aac   Section        0  tim.o(i.HAL_TIM_PeriodElapsedCallback)
    i.HAL_TIM_ReadCapturedValue              0x08002d08   Section        0  stm32g4xx_hal_tim.o(i.HAL_TIM_ReadCapturedValue)
    i.HAL_TIM_TriggerCallback                0x08002d32   Section        0  stm32g4xx_hal_tim.o(i.HAL_TIM_TriggerCallback)
    i.HAL_UARTEx_DisableFifoMode             0x08002d34   Section        0  stm32g4xx_hal_uart_ex.o(i.HAL_UARTEx_DisableFifoMode)
    i.HAL_UARTEx_SetRxFifoThreshold          0x08002d72   Section        0  stm32g4xx_hal_uart_ex.o(i.HAL_UARTEx_SetRxFifoThreshold)
    i.HAL_UARTEx_SetTxFifoThreshold          0x08002dbe   Section        0  stm32g4xx_hal_uart_ex.o(i.HAL_UARTEx_SetTxFifoThreshold)
    i.HAL_UART_Init                          0x08002e0a   Section        0  stm32g4xx_hal_uart.o(i.HAL_UART_Init)
    i.HAL_UART_MspInit                       0x08002e74   Section        0  usart.o(i.HAL_UART_MspInit)
    i.HardFault_Handler                      0x08002ef0   Section        0  stm32g4xx_it.o(i.HardFault_Handler)
    i.LCD_BusIn                              0x08002ef4   Section        0  lcd.o(i.LCD_BusIn)
    i.LCD_BusOut                             0x08002f20   Section        0  lcd.o(i.LCD_BusOut)
    i.LCD_Clear                              0x08002f50   Section        0  lcd.o(i.LCD_Clear)
    i.LCD_CtrlLinesConfig                    0x08002f74   Section        0  lcd.o(i.LCD_CtrlLinesConfig)
    i.LCD_DisplayChar                        0x08003004   Section        0  lcd.o(i.LCD_DisplayChar)
    i.LCD_DisplayStringLine                  0x0800301c   Section        0  lcd.o(i.LCD_DisplayStringLine)
    i.LCD_DrawChar                           0x08003048   Section        0  lcd.o(i.LCD_DrawChar)
    i.LCD_Init                               0x080030a0   Section        0  lcd.o(i.LCD_Init)
    i.LCD_ReadReg                            0x080030d4   Section        0  lcd.o(i.LCD_ReadReg)
    i.LCD_SetCursor                          0x08003154   Section        0  lcd.o(i.LCD_SetCursor)
    i.LCD_WriteRAM                           0x0800316c   Section        0  lcd.o(i.LCD_WriteRAM)
    i.LCD_WriteRAM_Prepare                   0x080031d0   Section        0  lcd.o(i.LCD_WriteRAM_Prepare)
    i.LCD_WriteReg                           0x08003234   Section        0  lcd.o(i.LCD_WriteReg)
    i.LL_ADC_GetOffsetChannel                0x080032a8   Section        0  stm32g4xx_hal_adc.o(i.LL_ADC_GetOffsetChannel)
    LL_ADC_GetOffsetChannel                  0x080032a9   Thumb Code    12  stm32g4xx_hal_adc.o(i.LL_ADC_GetOffsetChannel)
    i.LL_ADC_INJ_IsConversionOngoing         0x080032b4   Section        0  stm32g4xx_hal_adc.o(i.LL_ADC_INJ_IsConversionOngoing)
    LL_ADC_INJ_IsConversionOngoing           0x080032b5   Thumb Code     8  stm32g4xx_hal_adc.o(i.LL_ADC_INJ_IsConversionOngoing)
    i.LL_ADC_REG_IsConversionOngoing         0x080032bc   Section        0  stm32g4xx_hal_adc.o(i.LL_ADC_REG_IsConversionOngoing)
    LL_ADC_REG_IsConversionOngoing           0x080032bd   Thumb Code     8  stm32g4xx_hal_adc.o(i.LL_ADC_REG_IsConversionOngoing)
    i.LL_ADC_SetChannelSamplingTime          0x080032c4   Section        0  stm32g4xx_hal_adc.o(i.LL_ADC_SetChannelSamplingTime)
    LL_ADC_SetChannelSamplingTime            0x080032c5   Thumb Code    30  stm32g4xx_hal_adc.o(i.LL_ADC_SetChannelSamplingTime)
    i.LL_ADC_SetOffsetState                  0x080032e2   Section        0  stm32g4xx_hal_adc.o(i.LL_ADC_SetOffsetState)
    LL_ADC_SetOffsetState                    0x080032e3   Thumb Code    16  stm32g4xx_hal_adc.o(i.LL_ADC_SetOffsetState)
    i.MX_ADC2_Init                           0x080032f4   Section        0  adc.o(i.MX_ADC2_Init)
    i.MX_GPIO_Init                           0x08003370   Section        0  gpio.o(i.MX_GPIO_Init)
    i.MX_TIM2_Init                           0x08003444   Section        0  tim.o(i.MX_TIM2_Init)
    i.MX_TIM3_Init                           0x080034d8   Section        0  tim.o(i.MX_TIM3_Init)
    i.MX_TIM4_Init                           0x08003578   Section        0  tim.o(i.MX_TIM4_Init)
    i.MX_USART1_UART_Init                    0x080035e0   Section        0  usart.o(i.MX_USART1_UART_Init)
    i.MemManage_Handler                      0x08003648   Section        0  stm32g4xx_it.o(i.MemManage_Handler)
    i.NMI_Handler                            0x0800364a   Section        0  stm32g4xx_it.o(i.NMI_Handler)
    i.PendSV_Handler                         0x0800364c   Section        0  stm32g4xx_it.o(i.PendSV_Handler)
    i.REG_8230_Init                          0x0800364e   Section        0  lcd.o(i.REG_8230_Init)
    i.REG_932X_Init                          0x08003760   Section        0  lcd.o(i.REG_932X_Init)
    i.SVC_Handler                            0x08003962   Section        0  stm32g4xx_it.o(i.SVC_Handler)
    i.SysTick_Handler                        0x08003964   Section        0  stm32g4xx_it.o(i.SysTick_Handler)
    i.SystemClock_Config                     0x080039a4   Section        0  main.o(i.SystemClock_Config)
    i.SystemInit                             0x08003a0c   Section        0  system_stm32g4xx.o(i.SystemInit)
    i.TIM2_IRQHandler                        0x08003a1c   Section        0  stm32g4xx_it.o(i.TIM2_IRQHandler)
    i.TIM4_IRQHandler                        0x08003a28   Section        0  stm32g4xx_it.o(i.TIM4_IRQHandler)
    i.TIM_Base_SetConfig                     0x08003a34   Section        0  stm32g4xx_hal_tim.o(i.TIM_Base_SetConfig)
    i.TIM_CCxChannelCmd                      0x08003af0   Section        0  stm32g4xx_hal_tim.o(i.TIM_CCxChannelCmd)
    i.TIM_ETR_SetConfig                      0x08003b0a   Section        0  stm32g4xx_hal_tim.o(i.TIM_ETR_SetConfig)
    i.TIM_ITRx_SetConfig                     0x08003b20   Section        0  stm32g4xx_hal_tim.o(i.TIM_ITRx_SetConfig)
    TIM_ITRx_SetConfig                       0x08003b21   Thumb Code    16  stm32g4xx_hal_tim.o(i.TIM_ITRx_SetConfig)
    i.TIM_OC1_SetConfig                      0x08003b34   Section        0  stm32g4xx_hal_tim.o(i.TIM_OC1_SetConfig)
    TIM_OC1_SetConfig                        0x08003b35   Thumb Code   132  stm32g4xx_hal_tim.o(i.TIM_OC1_SetConfig)
    i.TIM_OC2_SetConfig                      0x08003bd0   Section        0  stm32g4xx_hal_tim.o(i.TIM_OC2_SetConfig)
    i.TIM_OC3_SetConfig                      0x08003c60   Section        0  stm32g4xx_hal_tim.o(i.TIM_OC3_SetConfig)
    TIM_OC3_SetConfig                        0x08003c61   Thumb Code   118  stm32g4xx_hal_tim.o(i.TIM_OC3_SetConfig)
    i.TIM_OC4_SetConfig                      0x08003cf0   Section        0  stm32g4xx_hal_tim.o(i.TIM_OC4_SetConfig)
    TIM_OC4_SetConfig                        0x08003cf1   Thumb Code   120  stm32g4xx_hal_tim.o(i.TIM_OC4_SetConfig)
    i.TIM_OC5_SetConfig                      0x08003d80   Section        0  stm32g4xx_hal_tim.o(i.TIM_OC5_SetConfig)
    TIM_OC5_SetConfig                        0x08003d81   Thumb Code    86  stm32g4xx_hal_tim.o(i.TIM_OC5_SetConfig)
    i.TIM_OC6_SetConfig                      0x08003df0   Section        0  stm32g4xx_hal_tim.o(i.TIM_OC6_SetConfig)
    TIM_OC6_SetConfig                        0x08003df1   Thumb Code    88  stm32g4xx_hal_tim.o(i.TIM_OC6_SetConfig)
    i.TIM_TI1_ConfigInputStage               0x08003e60   Section        0  stm32g4xx_hal_tim.o(i.TIM_TI1_ConfigInputStage)
    TIM_TI1_ConfigInputStage                 0x08003e61   Thumb Code    34  stm32g4xx_hal_tim.o(i.TIM_TI1_ConfigInputStage)
    i.TIM_TI1_SetConfig                      0x08003e84   Section        0  stm32g4xx_hal_tim.o(i.TIM_TI1_SetConfig)
    i.TIM_TI2_ConfigInputStage               0x08003ef0   Section        0  stm32g4xx_hal_tim.o(i.TIM_TI2_ConfigInputStage)
    TIM_TI2_ConfigInputStage                 0x08003ef1   Thumb Code    36  stm32g4xx_hal_tim.o(i.TIM_TI2_ConfigInputStage)
    i.TIM_TI2_SetConfig                      0x08003f14   Section        0  stm32g4xx_hal_tim.o(i.TIM_TI2_SetConfig)
    TIM_TI2_SetConfig                        0x08003f15   Thumb Code    54  stm32g4xx_hal_tim.o(i.TIM_TI2_SetConfig)
    i.UARTEx_SetNbDataToProcess              0x08003f4c   Section        0  stm32g4xx_hal_uart_ex.o(i.UARTEx_SetNbDataToProcess)
    UARTEx_SetNbDataToProcess                0x08003f4d   Thumb Code    62  stm32g4xx_hal_uart_ex.o(i.UARTEx_SetNbDataToProcess)
    i.UART_AdvFeatureConfig                  0x08003f90   Section        0  stm32g4xx_hal_uart.o(i.UART_AdvFeatureConfig)
    i.UART_CheckIdleState                    0x08004058   Section        0  stm32g4xx_hal_uart.o(i.UART_CheckIdleState)
    i.UART_EndRxTransfer                     0x08004104   Section        0  stm32g4xx_hal_uart.o(i.UART_EndRxTransfer)
    UART_EndRxTransfer                       0x08004105   Thumb Code    78  stm32g4xx_hal_uart.o(i.UART_EndRxTransfer)
    i.UART_SetConfig                         0x08004158   Section        0  stm32g4xx_hal_uart.o(i.UART_SetConfig)
    i.UART_WaitOnFlagUntilTimeout            0x080043cc   Section        0  stm32g4xx_hal_uart.o(i.UART_WaitOnFlagUntilTimeout)
    i.UsageFault_Handler                     0x08004460   Section        0  stm32g4xx_it.o(i.UsageFault_Handler)
    i.__0sprintf                             0x08004464   Section        0  printfa.o(i.__0sprintf)
    i.__NVIC_SetPriority                     0x0800448c   Section        0  stm32g4xx_hal_cortex.o(i.__NVIC_SetPriority)
    __NVIC_SetPriority                       0x0800448d   Thumb Code    32  stm32g4xx_hal_cortex.o(i.__NVIC_SetPriority)
    i.__scatterload_copy                     0x080044ac   Section       14  handlers.o(i.__scatterload_copy)
    i.__scatterload_null                     0x080044ba   Section        2  handlers.o(i.__scatterload_null)
    i.__scatterload_zeroinit                 0x080044bc   Section       14  handlers.o(i.__scatterload_zeroinit)
    i._fp_digits                             0x080044cc   Section        0  printfa.o(i._fp_digits)
    _fp_digits                               0x080044cd   Thumb Code   366  printfa.o(i._fp_digits)
    i._printf_core                           0x08004650   Section        0  printfa.o(i._printf_core)
    _printf_core                             0x08004651   Thumb Code  1744  printfa.o(i._printf_core)
    i._printf_post_padding                   0x08004d2c   Section        0  printfa.o(i._printf_post_padding)
    _printf_post_padding                     0x08004d2d   Thumb Code    36  printfa.o(i._printf_post_padding)
    i._printf_pre_padding                    0x08004d50   Section        0  printfa.o(i._printf_pre_padding)
    _printf_pre_padding                      0x08004d51   Thumb Code    46  printfa.o(i._printf_pre_padding)
    i._sputc                                 0x08004d7e   Section        0  printfa.o(i._sputc)
    _sputc                                   0x08004d7f   Thumb Code    10  printfa.o(i._sputc)
    i.adc_init                               0x08004d88   Section        0  adc.o(i.adc_init)
    i.adc_task                               0x08004d94   Section        0  adc.o(i.adc_task)
    i.key_init                               0x08004de0   Section        0  tim.o(i.key_init)
    i.key_scan                               0x08004dec   Section        0  tim.o(i.key_scan)
    i.key_task                               0x08004e98   Section        0  tim.o(i.key_task)
    i.lcd_init                               0x08005230   Section        0  lcd.o(i.lcd_init)
    i.lcd_task                               0x08005268   Section        0  lcd.o(i.lcd_task)
    i.led_by_8bits                           0x080055c8   Section        0  gpio.o(i.led_by_8bits)
    i.led_init                               0x08005620   Section        0  gpio.o(i.led_init)
    i.led_task                               0x08005650   Section        0  gpio.o(i.led_task)
    i.main                                   0x080056d4   Section        0  main.o(i.main)
    i.pwm_init                               0x08005734   Section        0  tim.o(i.pwm_init)
    i.pwm_set_fre_duty                       0x08005750   Section        0  tim.o(i.pwm_set_fre_duty)
    i.pwm_task                               0x080057b8   Section        0  tim.o(i.pwm_task)
    .constdata                               0x08005878   Section       24  stm32g4xx_hal_uart.o(.constdata)
    .constdata                               0x08005890   Section       16  stm32g4xx_hal_uart_ex.o(.constdata)
    numerator                                0x08005890   Data           8  stm32g4xx_hal_uart_ex.o(.constdata)
    denominator                              0x08005898   Data           8  stm32g4xx_hal_uart_ex.o(.constdata)
    .constdata                               0x080058a0   Section       16  system_stm32g4xx.o(.constdata)
    .constdata                               0x080058b0   Section        8  system_stm32g4xx.o(.constdata)
    .constdata                               0x080058b8   Section     4560  lcd.o(.constdata)
    .data                                    0x20000000   Section        4  main.o(.data)
    .data                                    0x20000004   Section        4  main.o(.data)
    .data                                    0x20000008   Section        2  main.o(.data)
    .data                                    0x2000000a   Section        1  gpio.o(.data)
    .data                                    0x2000000c   Section        4  adc.o(.data)
    .data                                    0x20000010   Section      100  tim.o(.data)
    .data                                    0x20000074   Section       12  stm32g4xx_hal.o(.data)
    .data                                    0x20000080   Section        4  system_stm32g4xx.o(.data)
    .data                                    0x20000084   Section       36  lcd.o(.data)
    TextColor                                0x20000086   Data           2  lcd.o(.data)
    BackColor                                0x20000088   Data           2  lcd.o(.data)
    .data                                    0x200000a8   Section        4  lcd.o(.data)
    .data                                    0x200000ac   Section        4  lcd.o(.data)
    .data                                    0x200000b0   Section        4  lcd.o(.data)
    .data                                    0x200000b4   Section        4  lcd.o(.data)
    .data                                    0x200000b8   Section        4  lcd.o(.data)
    .data                                    0x200000bc   Section        4  lcd.o(.data)
    .bss                                     0x200000c0   Section      108  adc.o(.bss)
    .bss                                     0x2000012c   Section     6276  tim.o(.bss)
    .bss                                     0x200019b0   Section      148  usart.o(.bss)
    .bss                                     0x20001a44   Section       30  lcd.o(.bss)
    STACK                                    0x20001a68   Section     1024  startup_stm32g431xx.o(STACK)

    Global Symbols

    Symbol Name                              Value     Ov Type        Size  Object(Section)

    BuildAttributes$$THM_ISAv4$E$P$D$K$B$S$7EM$VFPi3$EXTD16$VFPS$VFMA$PE$A:L22UL41UL21$X:L11$S22US41US21$IEEE1$IW$USESV6$~STKCKD$USESV7$~SHL$OTIME$ROPI$EBA8$MICROLIB$REQ8$PRES8$EABIv2 0x00000000   Number         0  anon$$obj.o ABSOLUTE
    __ARM_use_no_argv                        0x00000000   Number         0  main.o ABSOLUTE
    _printf_a                                0x00000000   Number         0  stubs.o ABSOLUTE
    _printf_c                                0x00000000   Number         0  stubs.o ABSOLUTE
    _printf_charcount                        0x00000000   Number         0  stubs.o ABSOLUTE
    _printf_d                                0x00000000   Number         0  stubs.o ABSOLUTE
    _printf_e                                0x00000000   Number         0  stubs.o ABSOLUTE
    _printf_f                                0x00000000   Number         0  stubs.o ABSOLUTE
    _printf_flags                            0x00000000   Number         0  stubs.o ABSOLUTE
    _printf_fp_dec                           0x00000000   Number         0  stubs.o ABSOLUTE
    _printf_fp_hex                           0x00000000   Number         0  stubs.o ABSOLUTE
    _printf_g                                0x00000000   Number         0  stubs.o ABSOLUTE
    _printf_i                                0x00000000   Number         0  stubs.o ABSOLUTE
    _printf_int_dec                          0x00000000   Number         0  stubs.o ABSOLUTE
    _printf_l                                0x00000000   Number         0  stubs.o ABSOLUTE
    _printf_lc                               0x00000000   Number         0  stubs.o ABSOLUTE
    _printf_ll                               0x00000000   Number         0  stubs.o ABSOLUTE
    _printf_lld                              0x00000000   Number         0  stubs.o ABSOLUTE
    _printf_lli                              0x00000000   Number         0  stubs.o ABSOLUTE
    _printf_llo                              0x00000000   Number         0  stubs.o ABSOLUTE
    _printf_llu                              0x00000000   Number         0  stubs.o ABSOLUTE
    _printf_llx                              0x00000000   Number         0  stubs.o ABSOLUTE
    _printf_longlong_dec                     0x00000000   Number         0  stubs.o ABSOLUTE
    _printf_longlong_hex                     0x00000000   Number         0  stubs.o ABSOLUTE
    _printf_longlong_oct                     0x00000000   Number         0  stubs.o ABSOLUTE
    _printf_ls                               0x00000000   Number         0  stubs.o ABSOLUTE
    _printf_mbtowc                           0x00000000   Number         0  stubs.o ABSOLUTE
    _printf_n                                0x00000000   Number         0  stubs.o ABSOLUTE
    _printf_o                                0x00000000   Number         0  stubs.o ABSOLUTE
    _printf_p                                0x00000000   Number         0  stubs.o ABSOLUTE
    _printf_percent                          0x00000000   Number         0  stubs.o ABSOLUTE
    _printf_pre_padding                      0x00000000   Number         0  stubs.o ABSOLUTE
    _printf_return_value                     0x00000000   Number         0  stubs.o ABSOLUTE
    _printf_s                                0x00000000   Number         0  stubs.o ABSOLUTE
    _printf_sizespec                         0x00000000   Number         0  stubs.o ABSOLUTE
    _printf_str                              0x00000000   Number         0  stubs.o ABSOLUTE
    _printf_truncate_signed                  0x00000000   Number         0  stubs.o ABSOLUTE
    _printf_truncate_unsigned                0x00000000   Number         0  stubs.o ABSOLUTE
    _printf_u                                0x00000000   Number         0  stubs.o ABSOLUTE
    _printf_wc                               0x00000000   Number         0  stubs.o ABSOLUTE
    _printf_wctomb                           0x00000000   Number         0  stubs.o ABSOLUTE
    _printf_widthprec                        0x00000000   Number         0  stubs.o ABSOLUTE
    _printf_x                                0x00000000   Number         0  stubs.o ABSOLUTE
    __cpp_initialize__aeabi_                  - Undefined Weak Reference
    __cxa_finalize                            - Undefined Weak Reference
    __decompress                              - Undefined Weak Reference
    _clock_init                               - Undefined Weak Reference
    _microlib_exit                            - Undefined Weak Reference
    __Vectors_Size                           0x000001d8   Number         0  startup_stm32g431xx.o ABSOLUTE
    __Vectors                                0x08000000   Data           4  startup_stm32g431xx.o(RESET)
    __Vectors_End                            0x080001d8   Data           0  startup_stm32g431xx.o(RESET)
    __main                                   0x080001d9   Thumb Code     0  entry.o(.ARM.Collect$$$$00000000)
    _main_stk                                0x080001d9   Thumb Code     0  entry2.o(.ARM.Collect$$$$00000001)
    _main_scatterload                        0x080001dd   Thumb Code     0  entry5.o(.ARM.Collect$$$$00000004)
    __main_after_scatterload                 0x080001e1   Thumb Code     0  entry5.o(.ARM.Collect$$$$00000004)
    _main_clock                              0x080001e1   Thumb Code     0  entry7b.o(.ARM.Collect$$$$00000008)
    _main_cpp_init                           0x080001e1   Thumb Code     0  entry8b.o(.ARM.Collect$$$$0000000A)
    _main_init                               0x080001e1   Thumb Code     0  entry9a.o(.ARM.Collect$$$$0000000B)
    __rt_final_cpp                           0x080001e9   Thumb Code     0  entry10a.o(.ARM.Collect$$$$0000000D)
    __rt_final_exit                          0x080001e9   Thumb Code     0  entry11a.o(.ARM.Collect$$$$0000000F)
    Reset_Handler                            0x080001ed   Thumb Code     8  startup_stm32g431xx.o(.text)
    ADC1_2_IRQHandler                        0x08000207   Thumb Code     0  startup_stm32g431xx.o(.text)
    COMP1_2_3_IRQHandler                     0x08000207   Thumb Code     0  startup_stm32g431xx.o(.text)
    COMP4_IRQHandler                         0x08000207   Thumb Code     0  startup_stm32g431xx.o(.text)
    CORDIC_IRQHandler                        0x08000207   Thumb Code     0  startup_stm32g431xx.o(.text)
    CRS_IRQHandler                           0x08000207   Thumb Code     0  startup_stm32g431xx.o(.text)
    DMA1_Channel1_IRQHandler                 0x08000207   Thumb Code     0  startup_stm32g431xx.o(.text)
    DMA1_Channel2_IRQHandler                 0x08000207   Thumb Code     0  startup_stm32g431xx.o(.text)
    DMA1_Channel3_IRQHandler                 0x08000207   Thumb Code     0  startup_stm32g431xx.o(.text)
    DMA1_Channel4_IRQHandler                 0x08000207   Thumb Code     0  startup_stm32g431xx.o(.text)
    DMA1_Channel5_IRQHandler                 0x08000207   Thumb Code     0  startup_stm32g431xx.o(.text)
    DMA1_Channel6_IRQHandler                 0x08000207   Thumb Code     0  startup_stm32g431xx.o(.text)
    DMA2_Channel1_IRQHandler                 0x08000207   Thumb Code     0  startup_stm32g431xx.o(.text)
    DMA2_Channel2_IRQHandler                 0x08000207   Thumb Code     0  startup_stm32g431xx.o(.text)
    DMA2_Channel3_IRQHandler                 0x08000207   Thumb Code     0  startup_stm32g431xx.o(.text)
    DMA2_Channel4_IRQHandler                 0x08000207   Thumb Code     0  startup_stm32g431xx.o(.text)
    DMA2_Channel5_IRQHandler                 0x08000207   Thumb Code     0  startup_stm32g431xx.o(.text)
    DMA2_Channel6_IRQHandler                 0x08000207   Thumb Code     0  startup_stm32g431xx.o(.text)
    DMAMUX_OVR_IRQHandler                    0x08000207   Thumb Code     0  startup_stm32g431xx.o(.text)
    EXTI0_IRQHandler                         0x08000207   Thumb Code     0  startup_stm32g431xx.o(.text)
    EXTI15_10_IRQHandler                     0x08000207   Thumb Code     0  startup_stm32g431xx.o(.text)
    EXTI1_IRQHandler                         0x08000207   Thumb Code     0  startup_stm32g431xx.o(.text)
    EXTI2_IRQHandler                         0x08000207   Thumb Code     0  startup_stm32g431xx.o(.text)
    EXTI3_IRQHandler                         0x08000207   Thumb Code     0  startup_stm32g431xx.o(.text)
    EXTI4_IRQHandler                         0x08000207   Thumb Code     0  startup_stm32g431xx.o(.text)
    EXTI9_5_IRQHandler                       0x08000207   Thumb Code     0  startup_stm32g431xx.o(.text)
    FDCAN1_IT0_IRQHandler                    0x08000207   Thumb Code     0  startup_stm32g431xx.o(.text)
    FDCAN1_IT1_IRQHandler                    0x08000207   Thumb Code     0  startup_stm32g431xx.o(.text)
    FLASH_IRQHandler                         0x08000207   Thumb Code     0  startup_stm32g431xx.o(.text)
    FMAC_IRQHandler                          0x08000207   Thumb Code     0  startup_stm32g431xx.o(.text)
    FPU_IRQHandler                           0x08000207   Thumb Code     0  startup_stm32g431xx.o(.text)
    I2C1_ER_IRQHandler                       0x08000207   Thumb Code     0  startup_stm32g431xx.o(.text)
    I2C1_EV_IRQHandler                       0x08000207   Thumb Code     0  startup_stm32g431xx.o(.text)
    I2C2_ER_IRQHandler                       0x08000207   Thumb Code     0  startup_stm32g431xx.o(.text)
    I2C2_EV_IRQHandler                       0x08000207   Thumb Code     0  startup_stm32g431xx.o(.text)
    I2C3_ER_IRQHandler                       0x08000207   Thumb Code     0  startup_stm32g431xx.o(.text)
    I2C3_EV_IRQHandler                       0x08000207   Thumb Code     0  startup_stm32g431xx.o(.text)
    LPTIM1_IRQHandler                        0x08000207   Thumb Code     0  startup_stm32g431xx.o(.text)
    LPUART1_IRQHandler                       0x08000207   Thumb Code     0  startup_stm32g431xx.o(.text)
    PVD_PVM_IRQHandler                       0x08000207   Thumb Code     0  startup_stm32g431xx.o(.text)
    RCC_IRQHandler                           0x08000207   Thumb Code     0  startup_stm32g431xx.o(.text)
    RNG_IRQHandler                           0x08000207   Thumb Code     0  startup_stm32g431xx.o(.text)
    RTC_Alarm_IRQHandler                     0x08000207   Thumb Code     0  startup_stm32g431xx.o(.text)
    RTC_TAMP_LSECSS_IRQHandler               0x08000207   Thumb Code     0  startup_stm32g431xx.o(.text)
    RTC_WKUP_IRQHandler                      0x08000207   Thumb Code     0  startup_stm32g431xx.o(.text)
    SAI1_IRQHandler                          0x08000207   Thumb Code     0  startup_stm32g431xx.o(.text)
    SPI1_IRQHandler                          0x08000207   Thumb Code     0  startup_stm32g431xx.o(.text)
    SPI2_IRQHandler                          0x08000207   Thumb Code     0  startup_stm32g431xx.o(.text)
    SPI3_IRQHandler                          0x08000207   Thumb Code     0  startup_stm32g431xx.o(.text)
    TIM1_BRK_TIM15_IRQHandler                0x08000207   Thumb Code     0  startup_stm32g431xx.o(.text)
    TIM1_CC_IRQHandler                       0x08000207   Thumb Code     0  startup_stm32g431xx.o(.text)
    TIM1_TRG_COM_TIM17_IRQHandler            0x08000207   Thumb Code     0  startup_stm32g431xx.o(.text)
    TIM1_UP_TIM16_IRQHandler                 0x08000207   Thumb Code     0  startup_stm32g431xx.o(.text)
    TIM3_IRQHandler                          0x08000207   Thumb Code     0  startup_stm32g431xx.o(.text)
    TIM6_DAC_IRQHandler                      0x08000207   Thumb Code     0  startup_stm32g431xx.o(.text)
    TIM7_IRQHandler                          0x08000207   Thumb Code     0  startup_stm32g431xx.o(.text)
    TIM8_BRK_IRQHandler                      0x08000207   Thumb Code     0  startup_stm32g431xx.o(.text)
    TIM8_CC_IRQHandler                       0x08000207   Thumb Code     0  startup_stm32g431xx.o(.text)
    TIM8_TRG_COM_IRQHandler                  0x08000207   Thumb Code     0  startup_stm32g431xx.o(.text)
    TIM8_UP_IRQHandler                       0x08000207   Thumb Code     0  startup_stm32g431xx.o(.text)
    UART4_IRQHandler                         0x08000207   Thumb Code     0  startup_stm32g431xx.o(.text)
    UCPD1_IRQHandler                         0x08000207   Thumb Code     0  startup_stm32g431xx.o(.text)
    USART1_IRQHandler                        0x08000207   Thumb Code     0  startup_stm32g431xx.o(.text)
    USART2_IRQHandler                        0x08000207   Thumb Code     0  startup_stm32g431xx.o(.text)
    USART3_IRQHandler                        0x08000207   Thumb Code     0  startup_stm32g431xx.o(.text)
    USBWakeUp_IRQHandler                     0x08000207   Thumb Code     0  startup_stm32g431xx.o(.text)
    USB_HP_IRQHandler                        0x08000207   Thumb Code     0  startup_stm32g431xx.o(.text)
    USB_LP_IRQHandler                        0x08000207   Thumb Code     0  startup_stm32g431xx.o(.text)
    WWDG_IRQHandler                          0x08000207   Thumb Code     0  startup_stm32g431xx.o(.text)
    __aeabi_uldivmod                         0x08000211   Thumb Code    98  uldiv.o(.text)
    __aeabi_memset                           0x08000273   Thumb Code    14  memseta.o(.text)
    __aeabi_memset4                          0x08000273   Thumb Code     0  memseta.o(.text)
    __aeabi_memset8                          0x08000273   Thumb Code     0  memseta.o(.text)
    __aeabi_memclr                           0x08000281   Thumb Code     4  memseta.o(.text)
    __aeabi_memclr4                          0x08000281   Thumb Code     0  memseta.o(.text)
    __aeabi_memclr8                          0x08000281   Thumb Code     0  memseta.o(.text)
    _memset$wrapper                          0x08000285   Thumb Code    18  memseta.o(.text)
    __aeabi_dmul                             0x08000297   Thumb Code   228  dmul.o(.text)
    __aeabi_ddiv                             0x0800037b   Thumb Code   222  ddiv.o(.text)
    __aeabi_ui2d                             0x08000459   Thumb Code    26  dfltui.o(.text)
    __aeabi_f2d                              0x08000473   Thumb Code    38  f2d.o(.text)
    __aeabi_d2f                              0x08000499   Thumb Code    56  d2f.o(.text)
    __aeabi_uidiv                            0x080004d1   Thumb Code     0  uidiv.o(.text)
    __aeabi_uidivmod                         0x080004d1   Thumb Code    44  uidiv.o(.text)
    __aeabi_llsl                             0x080004fd   Thumb Code    30  llshl.o(.text)
    _ll_shift_l                              0x080004fd   Thumb Code     0  llshl.o(.text)
    __aeabi_llsr                             0x0800051b   Thumb Code    32  llushr.o(.text)
    _ll_ushift_r                             0x0800051b   Thumb Code     0  llushr.o(.text)
    __I$use$fp                               0x0800053b   Thumb Code     0  iusefp.o(.text)
    _float_round                             0x0800053b   Thumb Code    18  fepilogue.o(.text)
    _float_epilogue                          0x0800054d   Thumb Code    92  fepilogue.o(.text)
    _double_round                            0x080005a9   Thumb Code    30  depilogue.o(.text)
    _double_epilogue                         0x080005c7   Thumb Code   156  depilogue.o(.text)
    __aeabi_dadd                             0x08000663   Thumb Code   322  dadd.o(.text)
    __aeabi_dsub                             0x080007a5   Thumb Code     6  dadd.o(.text)
    __aeabi_drsub                            0x080007ab   Thumb Code     6  dadd.o(.text)
    __aeabi_d2ulz                            0x080007b1   Thumb Code    48  dfixul.o(.text)
    __aeabi_cdrcmple                         0x080007e1   Thumb Code    48  cdrcmple.o(.text)
    __scatterload                            0x08000811   Thumb Code    28  init.o(.text)
    __scatterload_rt2                        0x08000811   Thumb Code     0  init.o(.text)
    __aeabi_lasr                             0x08000835   Thumb Code    36  llsshr.o(.text)
    _ll_sshift_r                             0x08000835   Thumb Code     0  llsshr.o(.text)
    ADC_Disable                              0x08000859   Thumb Code   106  stm32g4xx_hal_adc.o(i.ADC_Disable)
    ADC_Enable                               0x080008c9   Thumb Code   154  stm32g4xx_hal_adc.o(i.ADC_Enable)
    BusFault_Handler                         0x08000975   Thumb Code     2  stm32g4xx_it.o(i.BusFault_Handler)
    DebugMon_Handler                         0x08000977   Thumb Code     2  stm32g4xx_it.o(i.DebugMon_Handler)
    Delay_LCD                                0x08000979   Thumb Code    28  lcd.o(i.Delay_LCD)
    Error_Handler                            0x08000995   Thumb Code     4  main.o(i.Error_Handler)
    HAL_ADCEx_Calibration_Start              0x08000999   Thumb Code   138  stm32g4xx_hal_adc_ex.o(i.HAL_ADCEx_Calibration_Start)
    HAL_ADC_ConfigChannel                    0x08000a2d   Thumb Code  1006  stm32g4xx_hal_adc.o(i.HAL_ADC_ConfigChannel)
    HAL_ADC_GetValue                         0x08000e51   Thumb Code     6  stm32g4xx_hal_adc.o(i.HAL_ADC_GetValue)
    HAL_ADC_Init                             0x08000e59   Thumb Code   466  stm32g4xx_hal_adc.o(i.HAL_ADC_Init)
    HAL_ADC_MspInit                          0x0800104d   Thumb Code   106  adc.o(i.HAL_ADC_MspInit)
    HAL_ADC_Start                            0x080010c5   Thumb Code   230  stm32g4xx_hal_adc.o(i.HAL_ADC_Start)
    HAL_Delay                                0x080011b9   Thumb Code    32  stm32g4xx_hal.o(i.HAL_Delay)
    HAL_GPIO_Init                            0x080011dd   Thumb Code   550  stm32g4xx_hal_gpio.o(i.HAL_GPIO_Init)
    HAL_GPIO_ReadPin                         0x08001425   Thumb Code    10  stm32g4xx_hal_gpio.o(i.HAL_GPIO_ReadPin)
    HAL_GPIO_WritePin                        0x0800142f   Thumb Code    10  stm32g4xx_hal_gpio.o(i.HAL_GPIO_WritePin)
    HAL_GetTick                              0x08001439   Thumb Code     6  stm32g4xx_hal.o(i.HAL_GetTick)
    HAL_IncTick                              0x08001445   Thumb Code    12  stm32g4xx_hal.o(i.HAL_IncTick)
    HAL_Init                                 0x08001455   Thumb Code    30  stm32g4xx_hal.o(i.HAL_Init)
    HAL_InitTick                             0x08001475   Thumb Code    58  stm32g4xx_hal.o(i.HAL_InitTick)
    HAL_MspInit                              0x080014b9   Thumb Code    42  stm32g4xx_hal_msp.o(i.HAL_MspInit)
    HAL_NVIC_EnableIRQ                       0x080014e9   Thumb Code    26  stm32g4xx_hal_cortex.o(i.HAL_NVIC_EnableIRQ)
    HAL_NVIC_SetPriority                     0x08001505   Thumb Code    60  stm32g4xx_hal_cortex.o(i.HAL_NVIC_SetPriority)
    HAL_NVIC_SetPriorityGrouping             0x08001545   Thumb Code    26  stm32g4xx_hal_cortex.o(i.HAL_NVIC_SetPriorityGrouping)
    HAL_PWREx_ControlVoltageScaling          0x08001569   Thumb Code   174  stm32g4xx_hal_pwr_ex.o(i.HAL_PWREx_ControlVoltageScaling)
    HAL_PWREx_DisableUCPDDeadBattery         0x08001625   Thumb Code    12  stm32g4xx_hal_pwr_ex.o(i.HAL_PWREx_DisableUCPDDeadBattery)
    HAL_RCCEx_PeriphCLKConfig                0x08001635   Thumb Code   638  stm32g4xx_hal_rcc_ex.o(i.HAL_RCCEx_PeriphCLKConfig)
    HAL_RCC_ClockConfig                      0x080018bd   Thumb Code   444  stm32g4xx_hal_rcc.o(i.HAL_RCC_ClockConfig)
    HAL_RCC_GetPCLK1Freq                     0x08001a99   Thumb Code    24  stm32g4xx_hal_rcc.o(i.HAL_RCC_GetPCLK1Freq)
    HAL_RCC_GetPCLK2Freq                     0x08001abd   Thumb Code    24  stm32g4xx_hal_rcc.o(i.HAL_RCC_GetPCLK2Freq)
    HAL_RCC_GetSysClockFreq                  0x08001ae1   Thumb Code    98  stm32g4xx_hal_rcc.o(i.HAL_RCC_GetSysClockFreq)
    HAL_RCC_OscConfig                        0x08001b51   Thumb Code  1028  stm32g4xx_hal_rcc.o(i.HAL_RCC_OscConfig)
    HAL_SYSTICK_Config                       0x08001f55   Thumb Code    40  stm32g4xx_hal_cortex.o(i.HAL_SYSTICK_Config)
    HAL_TIMEx_Break2Callback                 0x08001f7d   Thumb Code     2  stm32g4xx_hal_tim_ex.o(i.HAL_TIMEx_Break2Callback)
    HAL_TIMEx_BreakCallback                  0x08001f7f   Thumb Code     2  stm32g4xx_hal_tim_ex.o(i.HAL_TIMEx_BreakCallback)
    HAL_TIMEx_CommutCallback                 0x08001f81   Thumb Code     2  stm32g4xx_hal_tim_ex.o(i.HAL_TIMEx_CommutCallback)
    HAL_TIMEx_DirectionChangeCallback        0x08001f83   Thumb Code     2  stm32g4xx_hal_tim_ex.o(i.HAL_TIMEx_DirectionChangeCallback)
    HAL_TIMEx_EncoderIndexCallback           0x08001f85   Thumb Code     2  stm32g4xx_hal_tim_ex.o(i.HAL_TIMEx_EncoderIndexCallback)
    HAL_TIMEx_IndexErrorCallback             0x08001f87   Thumb Code     2  stm32g4xx_hal_tim_ex.o(i.HAL_TIMEx_IndexErrorCallback)
    HAL_TIMEx_MasterConfigSynchronization    0x08001f89   Thumb Code   132  stm32g4xx_hal_tim_ex.o(i.HAL_TIMEx_MasterConfigSynchronization)
    HAL_TIMEx_TransitionErrorCallback        0x08002025   Thumb Code     2  stm32g4xx_hal_tim_ex.o(i.HAL_TIMEx_TransitionErrorCallback)
    HAL_TIM_Base_Init                        0x08002027   Thumb Code    98  stm32g4xx_hal_tim.o(i.HAL_TIM_Base_Init)
    HAL_TIM_Base_MspInit                     0x08002089   Thumb Code   162  tim.o(i.HAL_TIM_Base_MspInit)
    HAL_TIM_Base_Start_IT                    0x08002139   Thumb Code    94  stm32g4xx_hal_tim.o(i.HAL_TIM_Base_Start_IT)
    HAL_TIM_ConfigClockSource                0x080021b1   Thumb Code   246  stm32g4xx_hal_tim.o(i.HAL_TIM_ConfigClockSource)
    HAL_TIM_IC_CaptureCallback               0x080022b1   Thumb Code   194  tim.o(i.HAL_TIM_IC_CaptureCallback)
    HAL_TIM_IC_ConfigChannel                 0x0800237d   Thumb Code   292  stm32g4xx_hal_tim.o(i.HAL_TIM_IC_ConfigChannel)
    HAL_TIM_IC_Init                          0x080024a1   Thumb Code    98  stm32g4xx_hal_tim.o(i.HAL_TIM_IC_Init)
    HAL_TIM_IC_MspInit                       0x08002503   Thumb Code     2  stm32g4xx_hal_tim.o(i.HAL_TIM_IC_MspInit)
    HAL_TIM_IC_Start_IT                      0x08002505   Thumb Code   274  stm32g4xx_hal_tim.o(i.HAL_TIM_IC_Start_IT)
    HAL_TIM_IRQHandler                       0x08002631   Thumb Code   418  stm32g4xx_hal_tim.o(i.HAL_TIM_IRQHandler)
    HAL_TIM_MspPostInit                      0x080027d5   Thumb Code    70  tim.o(i.HAL_TIM_MspPostInit)
    HAL_TIM_OC_DelayElapsedCallback          0x08002825   Thumb Code     2  stm32g4xx_hal_tim.o(i.HAL_TIM_OC_DelayElapsedCallback)
    HAL_TIM_PWM_ConfigChannel                0x08002827   Thumb Code   292  stm32g4xx_hal_tim.o(i.HAL_TIM_PWM_ConfigChannel)
    HAL_TIM_PWM_Init                         0x0800294b   Thumb Code    98  stm32g4xx_hal_tim.o(i.HAL_TIM_PWM_Init)
    HAL_TIM_PWM_MspInit                      0x080029ad   Thumb Code     2  stm32g4xx_hal_tim.o(i.HAL_TIM_PWM_MspInit)
    HAL_TIM_PWM_PulseFinishedCallback        0x080029af   Thumb Code     2  stm32g4xx_hal_tim.o(i.HAL_TIM_PWM_PulseFinishedCallback)
    HAL_TIM_PWM_Start                        0x080029b1   Thumb Code   218  stm32g4xx_hal_tim.o(i.HAL_TIM_PWM_Start)
    HAL_TIM_PeriodElapsedCallback            0x08002aad   Thumb Code   552  tim.o(i.HAL_TIM_PeriodElapsedCallback)
    HAL_TIM_ReadCapturedValue                0x08002d09   Thumb Code    42  stm32g4xx_hal_tim.o(i.HAL_TIM_ReadCapturedValue)
    HAL_TIM_TriggerCallback                  0x08002d33   Thumb Code     2  stm32g4xx_hal_tim.o(i.HAL_TIM_TriggerCallback)
    HAL_UARTEx_DisableFifoMode               0x08002d35   Thumb Code    62  stm32g4xx_hal_uart_ex.o(i.HAL_UARTEx_DisableFifoMode)
    HAL_UARTEx_SetRxFifoThreshold            0x08002d73   Thumb Code    76  stm32g4xx_hal_uart_ex.o(i.HAL_UARTEx_SetRxFifoThreshold)
    HAL_UARTEx_SetTxFifoThreshold            0x08002dbf   Thumb Code    76  stm32g4xx_hal_uart_ex.o(i.HAL_UARTEx_SetTxFifoThreshold)
    HAL_UART_Init                            0x08002e0b   Thumb Code   106  stm32g4xx_hal_uart.o(i.HAL_UART_Init)
    HAL_UART_MspInit                         0x08002e75   Thumb Code   116  usart.o(i.HAL_UART_MspInit)
    HardFault_Handler                        0x08002ef1   Thumb Code     2  stm32g4xx_it.o(i.HardFault_Handler)
    LCD_BusIn                                0x08002ef5   Thumb Code    40  lcd.o(i.LCD_BusIn)
    LCD_BusOut                               0x08002f21   Thumb Code    42  lcd.o(i.LCD_BusOut)
    LCD_Clear                                0x08002f51   Thumb Code    36  lcd.o(i.LCD_Clear)
    LCD_CtrlLinesConfig                      0x08002f75   Thumb Code   134  lcd.o(i.LCD_CtrlLinesConfig)
    LCD_DisplayChar                          0x08003005   Thumb Code    18  lcd.o(i.LCD_DisplayChar)
    LCD_DisplayStringLine                    0x0800301d   Thumb Code    42  lcd.o(i.LCD_DisplayStringLine)
    LCD_DrawChar                             0x08003049   Thumb Code    84  lcd.o(i.LCD_DrawChar)
    LCD_Init                                 0x080030a1   Thumb Code    46  lcd.o(i.LCD_Init)
    LCD_ReadReg                              0x080030d5   Thumb Code   120  lcd.o(i.LCD_ReadReg)
    LCD_SetCursor                            0x08003155   Thumb Code    24  lcd.o(i.LCD_SetCursor)
    LCD_WriteRAM                             0x0800316d   Thumb Code    90  lcd.o(i.LCD_WriteRAM)
    LCD_WriteRAM_Prepare                     0x080031d1   Thumb Code    92  lcd.o(i.LCD_WriteRAM_Prepare)
    LCD_WriteReg                             0x08003235   Thumb Code   108  lcd.o(i.LCD_WriteReg)
    MX_ADC2_Init                             0x080032f5   Thumb Code   110  adc.o(i.MX_ADC2_Init)
    MX_GPIO_Init                             0x08003371   Thumb Code   196  gpio.o(i.MX_GPIO_Init)
    MX_TIM2_Init                             0x08003445   Thumb Code   142  tim.o(i.MX_TIM2_Init)
    MX_TIM3_Init                             0x080034d9   Thumb Code   150  tim.o(i.MX_TIM3_Init)
    MX_TIM4_Init                             0x08003579   Thumb Code    96  tim.o(i.MX_TIM4_Init)
    MX_USART1_UART_Init                      0x080035e1   Thumb Code    94  usart.o(i.MX_USART1_UART_Init)
    MemManage_Handler                        0x08003649   Thumb Code     2  stm32g4xx_it.o(i.MemManage_Handler)
    NMI_Handler                              0x0800364b   Thumb Code     2  stm32g4xx_it.o(i.NMI_Handler)
    PendSV_Handler                           0x0800364d   Thumb Code     2  stm32g4xx_it.o(i.PendSV_Handler)
    REG_8230_Init                            0x0800364f   Thumb Code   274  lcd.o(i.REG_8230_Init)
    REG_932X_Init                            0x08003761   Thumb Code   514  lcd.o(i.REG_932X_Init)
    SVC_Handler                              0x08003963   Thumb Code     2  stm32g4xx_it.o(i.SVC_Handler)
    SysTick_Handler                          0x08003965   Thumb Code    48  stm32g4xx_it.o(i.SysTick_Handler)
    SystemClock_Config                       0x080039a5   Thumb Code   102  main.o(i.SystemClock_Config)
    SystemInit                               0x08003a0d   Thumb Code    12  system_stm32g4xx.o(i.SystemInit)
    TIM2_IRQHandler                          0x08003a1d   Thumb Code     6  stm32g4xx_it.o(i.TIM2_IRQHandler)
    TIM4_IRQHandler                          0x08003a29   Thumb Code     6  stm32g4xx_it.o(i.TIM4_IRQHandler)
    TIM_Base_SetConfig                       0x08003a35   Thumb Code   160  stm32g4xx_hal_tim.o(i.TIM_Base_SetConfig)
    TIM_CCxChannelCmd                        0x08003af1   Thumb Code    26  stm32g4xx_hal_tim.o(i.TIM_CCxChannelCmd)
    TIM_ETR_SetConfig                        0x08003b0b   Thumb Code    20  stm32g4xx_hal_tim.o(i.TIM_ETR_SetConfig)
    TIM_OC2_SetConfig                        0x08003bd1   Thumb Code   120  stm32g4xx_hal_tim.o(i.TIM_OC2_SetConfig)
    TIM_TI1_SetConfig                        0x08003e85   Thumb Code    88  stm32g4xx_hal_tim.o(i.TIM_TI1_SetConfig)
    UART_AdvFeatureConfig                    0x08003f91   Thumb Code   200  stm32g4xx_hal_uart.o(i.UART_AdvFeatureConfig)
    UART_CheckIdleState                      0x08004059   Thumb Code   172  stm32g4xx_hal_uart.o(i.UART_CheckIdleState)
    UART_SetConfig                           0x08004159   Thumb Code   582  stm32g4xx_hal_uart.o(i.UART_SetConfig)
    UART_WaitOnFlagUntilTimeout              0x080043cd   Thumb Code   148  stm32g4xx_hal_uart.o(i.UART_WaitOnFlagUntilTimeout)
    UsageFault_Handler                       0x08004461   Thumb Code     2  stm32g4xx_it.o(i.UsageFault_Handler)
    __0sprintf                               0x08004465   Thumb Code    34  printfa.o(i.__0sprintf)
    __1sprintf                               0x08004465   Thumb Code     0  printfa.o(i.__0sprintf)
    __2sprintf                               0x08004465   Thumb Code     0  printfa.o(i.__0sprintf)
    __c89sprintf                             0x08004465   Thumb Code     0  printfa.o(i.__0sprintf)
    sprintf                                  0x08004465   Thumb Code     0  printfa.o(i.__0sprintf)
    __scatterload_copy                       0x080044ad   Thumb Code    14  handlers.o(i.__scatterload_copy)
    __scatterload_null                       0x080044bb   Thumb Code     2  handlers.o(i.__scatterload_null)
    __scatterload_zeroinit                   0x080044bd   Thumb Code    14  handlers.o(i.__scatterload_zeroinit)
    adc_init                                 0x08004d89   Thumb Code     8  adc.o(i.adc_init)
    adc_task                                 0x08004d95   Thumb Code    52  adc.o(i.adc_task)
    key_init                                 0x08004de1   Thumb Code     6  tim.o(i.key_init)
    key_scan                                 0x08004ded   Thumb Code   162  tim.o(i.key_scan)
    key_task                                 0x08004e99   Thumb Code   850  tim.o(i.key_task)
    lcd_init                                 0x08005231   Thumb Code    50  lcd.o(i.lcd_init)
    lcd_task                                 0x08005269   Thumb Code   392  lcd.o(i.lcd_task)
    led_by_8bits                             0x080055c9   Thumb Code    74  gpio.o(i.led_by_8bits)
    led_init                                 0x08005621   Thumb Code    40  gpio.o(i.led_init)
    led_task                                 0x08005651   Thumb Code   104  gpio.o(i.led_task)
    main                                     0x080056d5   Thumb Code    92  main.o(i.main)
    pwm_init                                 0x08005735   Thumb Code    24  tim.o(i.pwm_init)
    pwm_set_fre_duty                         0x08005751   Thumb Code    88  tim.o(i.pwm_set_fre_duty)
    pwm_task                                 0x080057b9   Thumb Code   158  tim.o(i.pwm_task)
    UARTPrescTable                           0x08005878   Data          24  stm32g4xx_hal_uart.o(.constdata)
    AHBPrescTable                            0x080058a0   Data          16  system_stm32g4xx.o(.constdata)
    APBPrescTable                            0x080058b0   Data           8  system_stm32g4xx.o(.constdata)
    ASCII_Table                              0x080058b8   Data        4560  lcd.o(.constdata)
    Region$$Table$$Base                      0x08006a88   Number         0  anon$$obj.o(Region$$Table)
    Region$$Table$$Limit                     0x08006aa8   Number         0  anon$$obj.o(Region$$Table)
    lcd_task_cnt                             0x20000000   Data           4  main.o(.data)
    pwm_task_cnt                             0x20000004   Data           4  main.o(.data)
    lcd_task_flag                            0x20000008   Data           1  main.o(.data)
    pwm_task_flag                            0x20000009   Data           1  main.o(.data)
    led_8bits                                0x2000000a   Data           1  gpio.o(.data)
    r37_val                                  0x2000000c   Data           4  adc.o(.data)
    uart_flag                                0x20000010   Data           1  tim.o(.data)
    pwm_flag                                 0x20000011   Data           1  tim.o(.data)
    device_lock                              0x20000012   Data           1  tim.o(.data)
    para_select                              0x20000013   Data           1  tim.o(.data)
    fset_select                              0x20000014   Data           1  tim.o(.data)
    reset                                    0x20000015   Data           1  tim.o(.data)
    fn_lock                                  0x20000016   Data           1  tim.o(.data)
    an_lock                                  0x20000017   Data           1  tim.o(.data)
    is_first                                 0x20000018   Data           1  tim.o(.data)
    is_rising                                0x20000019   Data           1  tim.o(.data)
    ld1_cnt                                  0x2000001a   Data           1  tim.o(.data)
    ld2_cnt                                  0x2000001b   Data           1  tim.o(.data)
    ld3_cnt                                  0x2000001c   Data           1  tim.o(.data)
    record_flag                              0x2000001d   Data           1  tim.o(.data)
    review_flag                              0x2000001e   Data           1  tim.o(.data)
    key3_flag                                0x2000001f   Data           1  tim.o(.data)
    key4_flag                                0x20000020   Data           1  tim.o(.data)
    rcd_index                                0x20000022   Data           2  tim.o(.data)
    review_power_index                       0x20000024   Data           2  tim.o(.data)
    review_pwm_index                         0x20000026   Data           2  tim.o(.data)
    rcd_time_cnt                             0x20000028   Data           4  tim.o(.data)
    review_power_cnt                         0x2000002c   Data           4  tim.o(.data)
    review_pwm_cnt                           0x20000030   Data           4  tim.o(.data)
    tmp_fre                                  0x20000034   Data           4  tim.o(.data)
    tmp_duty                                 0x20000038   Data           4  tim.o(.data)
    fre                                      0x2000003c   Data           4  tim.o(.data)
    duty                                     0x20000040   Data           4  tim.o(.data)
    FH_raw                                   0x20000044   Data           4  tim.o(.data)
    TH_raw                                   0x20000048   Data           4  tim.o(.data)
    AH_raw                                   0x2000004c   Data           4  tim.o(.data)
    FP_raw                                   0x20000050   Data           4  tim.o(.data)
    TT_raw                                   0x20000054   Data           4  tim.o(.data)
    VP_raw                                   0x20000058   Data           4  tim.o(.data)
    fre_cnt1                                 0x2000005c   Data           4  tim.o(.data)
    fre_cnt2                                 0x20000060   Data           4  tim.o(.data)
    duty_cnt1                                0x20000064   Data           4  tim.o(.data)
    duty_cnt2                                0x20000068   Data           4  tim.o(.data)
    fre_cnt_sub                              0x2000006c   Data           4  tim.o(.data)
    duty_cnt_sub                             0x20000070   Data           4  tim.o(.data)
    uwTickPrio                               0x20000074   Data           4  stm32g4xx_hal.o(.data)
    uwTickFreq                               0x20000078   Data           4  stm32g4xx_hal.o(.data)
    uwTick                                   0x2000007c   Data           4  stm32g4xx_hal.o(.data)
    SystemCoreClock                          0x20000080   Data           4  system_stm32g4xx.o(.data)
    lcd_num                                  0x20000084   Data           1  lcd.o(.data)
    dummy                                    0x2000008a   Data           2  lcd.o(.data)
    F                                        0x2000008c   Data           4  lcd.o(.data)
    D                                        0x20000090   Data           4  lcd.o(.data)
    A                                        0x20000094   Data           4  lcd.o(.data)
    T                                        0x20000098   Data           4  lcd.o(.data)
    FN                                       0x2000009c   Data           4  lcd.o(.data)
    AN                                       0x200000a0   Data           4  lcd.o(.data)
    TN                                       0x200000a4   Data           4  lcd.o(.data)
    FH                                       0x200000a8   Data           4  lcd.o(.data)
    TH                                       0x200000ac   Data           4  lcd.o(.data)
    AH                                       0x200000b0   Data           4  lcd.o(.data)
    FP                                       0x200000b4   Data           4  lcd.o(.data)
    TT                                       0x200000b8   Data           4  lcd.o(.data)
    VP                                       0x200000bc   Data           4  lcd.o(.data)
    hadc2                                    0x200000c0   Data         108  adc.o(.bss)
    key_buf                                  0x2000012c   Data          48  tim.o(.bss)
    rcd_buf                                  0x2000015c   Data        6000  tim.o(.bss)
    htim2                                    0x200018cc   Data          76  tim.o(.bss)
    htim3                                    0x20001918   Data          76  tim.o(.bss)
    htim4                                    0x20001964   Data          76  tim.o(.bss)
    huart1                                   0x200019b0   Data         148  usart.o(.bss)
    lcd_text                                 0x20001a44   Data          30  lcd.o(.bss)
    __initial_sp                             0x20001e68   Data           0  startup_stm32g431xx.o(STACK)



==============================================================================

Memory Map of the image

  Image Entry point : 0x080001d9

  Load Region LR_IROM1 (Base: 0x08000000, Size: 0x00006b68, Max: 0x00020000, ABSOLUTE)

    Execution Region ER_IROM1 (Exec base: 0x08000000, Load base: 0x08000000, Size: 0x00006aa8, Max: 0x00020000, ABSOLUTE)

    Exec Addr    Load Addr    Size         Type   Attr      Idx    E Section Name        Object

    0x08000000   0x08000000   0x000001d8   Data   RO            3    RESET               startup_stm32g431xx.o
    0x080001d8   0x080001d8   0x00000000   Code   RO         4447  * .ARM.Collect$$$$00000000  mc_w.l(entry.o)
    0x080001d8   0x080001d8   0x00000004   Code   RO         4725    .ARM.Collect$$$$00000001  mc_w.l(entry2.o)
    0x080001dc   0x080001dc   0x00000004   Code   RO         4728    .ARM.Collect$$$$00000004  mc_w.l(entry5.o)
    0x080001e0   0x080001e0   0x00000000   Code   RO         4730    .ARM.Collect$$$$00000008  mc_w.l(entry7b.o)
    0x080001e0   0x080001e0   0x00000000   Code   RO         4732    .ARM.Collect$$$$0000000A  mc_w.l(entry8b.o)
    0x080001e0   0x080001e0   0x00000008   Code   RO         4733    .ARM.Collect$$$$0000000B  mc_w.l(entry9a.o)
    0x080001e8   0x080001e8   0x00000000   Code   RO         4735    .ARM.Collect$$$$0000000D  mc_w.l(entry10a.o)
    0x080001e8   0x080001e8   0x00000000   Code   RO         4737    .ARM.Collect$$$$0000000F  mc_w.l(entry11a.o)
    0x080001e8   0x080001e8   0x00000004   Code   RO         4726    .ARM.Collect$$$$00002712  mc_w.l(entry2.o)
    0x080001ec   0x080001ec   0x00000024   Code   RO            4    .text               startup_stm32g431xx.o
    0x08000210   0x08000210   0x00000062   Code   RO         4450    .text               mc_w.l(uldiv.o)
    0x08000272   0x08000272   0x00000024   Code   RO         4452    .text               mc_w.l(memseta.o)
    0x08000296   0x08000296   0x000000e4   Code   RO         4715    .text               mf_w.l(dmul.o)
    0x0800037a   0x0800037a   0x000000de   Code   RO         4717    .text               mf_w.l(ddiv.o)
    0x08000458   0x08000458   0x0000001a   Code   RO         4719    .text               mf_w.l(dfltui.o)
    0x08000472   0x08000472   0x00000026   Code   RO         4721    .text               mf_w.l(f2d.o)
    0x08000498   0x08000498   0x00000038   Code   RO         4723    .text               mf_w.l(d2f.o)
    0x080004d0   0x080004d0   0x0000002c   Code   RO         4740    .text               mc_w.l(uidiv.o)
    0x080004fc   0x080004fc   0x0000001e   Code   RO         4742    .text               mc_w.l(llshl.o)
    0x0800051a   0x0800051a   0x00000020   Code   RO         4744    .text               mc_w.l(llushr.o)
    0x0800053a   0x0800053a   0x00000000   Code   RO         4746    .text               mc_w.l(iusefp.o)
    0x0800053a   0x0800053a   0x0000006e   Code   RO         4747    .text               mf_w.l(fepilogue.o)
    0x080005a8   0x080005a8   0x000000ba   Code   RO         4749    .text               mf_w.l(depilogue.o)
    0x08000662   0x08000662   0x0000014e   Code   RO         4751    .text               mf_w.l(dadd.o)
    0x080007b0   0x080007b0   0x00000030   Code   RO         4753    .text               mf_w.l(dfixul.o)
    0x080007e0   0x080007e0   0x00000030   Code   RO         4755    .text               mf_w.l(cdrcmple.o)
    0x08000810   0x08000810   0x00000024   Code   RO         4757    .text               mc_w.l(init.o)
    0x08000834   0x08000834   0x00000024   Code   RO         4759    .text               mc_w.l(llsshr.o)
    0x08000858   0x08000858   0x00000070   Code   RO          568    i.ADC_Disable       stm32g4xx_hal_adc.o
    0x080008c8   0x080008c8   0x000000ac   Code   RO          569    i.ADC_Enable        stm32g4xx_hal_adc.o
    0x08000974   0x08000974   0x00000002   Code   RO          452    i.BusFault_Handler  stm32g4xx_it.o
    0x08000976   0x08000976   0x00000002   Code   RO          453    i.DebugMon_Handler  stm32g4xx_it.o
    0x08000978   0x08000978   0x0000001c   Code   RO         4225    i.Delay_LCD         lcd.o
    0x08000994   0x08000994   0x00000004   Code   RO           13    i.Error_Handler     main.o
    0x08000998   0x08000998   0x00000094   Code   RO          802    i.HAL_ADCEx_Calibration_Start  stm32g4xx_hal_adc_ex.o
    0x08000a2c   0x08000a2c   0x00000424   Code   RO          571    i.HAL_ADC_ConfigChannel  stm32g4xx_hal_adc.o
    0x08000e50   0x08000e50   0x00000006   Code   RO          578    i.HAL_ADC_GetValue  stm32g4xx_hal_adc.o
    0x08000e56   0x08000e56   0x00000002   PAD
    0x08000e58   0x08000e58   0x000001f4   Code   RO          580    i.HAL_ADC_Init      stm32g4xx_hal_adc.o
    0x0800104c   0x0800104c   0x00000078   Code   RO          240    i.HAL_ADC_MspInit   adc.o
    0x080010c4   0x080010c4   0x000000f4   Code   RO          586    i.HAL_ADC_Start     stm32g4xx_hal_adc.o
    0x080011b8   0x080011b8   0x00000024   Code   RO         1018    i.HAL_Delay         stm32g4xx_hal.o
    0x080011dc   0x080011dc   0x00000248   Code   RO         1727    i.HAL_GPIO_Init     stm32g4xx_hal_gpio.o
    0x08001424   0x08001424   0x0000000a   Code   RO         1729    i.HAL_GPIO_ReadPin  stm32g4xx_hal_gpio.o
    0x0800142e   0x0800142e   0x0000000a   Code   RO         1731    i.HAL_GPIO_WritePin  stm32g4xx_hal_gpio.o
    0x08001438   0x08001438   0x0000000c   Code   RO         1022    i.HAL_GetTick       stm32g4xx_hal.o
    0x08001444   0x08001444   0x00000010   Code   RO         1028    i.HAL_IncTick       stm32g4xx_hal.o
    0x08001454   0x08001454   0x0000001e   Code   RO         1029    i.HAL_Init          stm32g4xx_hal.o
    0x08001472   0x08001472   0x00000002   PAD
    0x08001474   0x08001474   0x00000044   Code   RO         1030    i.HAL_InitTick      stm32g4xx_hal.o
    0x080014b8   0x080014b8   0x00000030   Code   RO          540    i.HAL_MspInit       stm32g4xx_hal_msp.o
    0x080014e8   0x080014e8   0x0000001a   Code   RO         2374    i.HAL_NVIC_EnableIRQ  stm32g4xx_hal_cortex.o
    0x08001502   0x08001502   0x00000002   PAD
    0x08001504   0x08001504   0x00000040   Code   RO         2380    i.HAL_NVIC_SetPriority  stm32g4xx_hal_cortex.o
    0x08001544   0x08001544   0x00000024   Code   RO         2381    i.HAL_NVIC_SetPriorityGrouping  stm32g4xx_hal_cortex.o
    0x08001568   0x08001568   0x000000bc   Code   RO         2130    i.HAL_PWREx_ControlVoltageScaling  stm32g4xx_hal_pwr_ex.o
    0x08001624   0x08001624   0x00000010   Code   RO         2142    i.HAL_PWREx_DisableUCPDDeadBattery  stm32g4xx_hal_pwr_ex.o
    0x08001634   0x08001634   0x00000288   Code   RO         1389    i.HAL_RCCEx_PeriphCLKConfig  stm32g4xx_hal_rcc_ex.o
    0x080018bc   0x080018bc   0x000001dc   Code   RO         1264    i.HAL_RCC_ClockConfig  stm32g4xx_hal_rcc.o
    0x08001a98   0x08001a98   0x00000024   Code   RO         1272    i.HAL_RCC_GetPCLK1Freq  stm32g4xx_hal_rcc.o
    0x08001abc   0x08001abc   0x00000024   Code   RO         1273    i.HAL_RCC_GetPCLK2Freq  stm32g4xx_hal_rcc.o
    0x08001ae0   0x08001ae0   0x00000070   Code   RO         1274    i.HAL_RCC_GetSysClockFreq  stm32g4xx_hal_rcc.o
    0x08001b50   0x08001b50   0x00000404   Code   RO         1277    i.HAL_RCC_OscConfig  stm32g4xx_hal_rcc.o
    0x08001f54   0x08001f54   0x00000028   Code   RO         2385    i.HAL_SYSTICK_Config  stm32g4xx_hal_cortex.o
    0x08001f7c   0x08001f7c   0x00000002   Code   RO         3220    i.HAL_TIMEx_Break2Callback  stm32g4xx_hal_tim_ex.o
    0x08001f7e   0x08001f7e   0x00000002   Code   RO         3221    i.HAL_TIMEx_BreakCallback  stm32g4xx_hal_tim_ex.o
    0x08001f80   0x08001f80   0x00000002   Code   RO         3222    i.HAL_TIMEx_CommutCallback  stm32g4xx_hal_tim_ex.o
    0x08001f82   0x08001f82   0x00000002   Code   RO         3233    i.HAL_TIMEx_DirectionChangeCallback  stm32g4xx_hal_tim_ex.o
    0x08001f84   0x08001f84   0x00000002   Code   RO         3247    i.HAL_TIMEx_EncoderIndexCallback  stm32g4xx_hal_tim_ex.o
    0x08001f86   0x08001f86   0x00000002   Code   RO         3261    i.HAL_TIMEx_IndexErrorCallback  stm32g4xx_hal_tim_ex.o
    0x08001f88   0x08001f88   0x0000009c   Code   RO         3262    i.HAL_TIMEx_MasterConfigSynchronization  stm32g4xx_hal_tim_ex.o
    0x08002024   0x08002024   0x00000002   Code   RO         3283    i.HAL_TIMEx_TransitionErrorCallback  stm32g4xx_hal_tim_ex.o
    0x08002026   0x08002026   0x00000062   Code   RO         2506    i.HAL_TIM_Base_Init  stm32g4xx_hal_tim.o
    0x08002088   0x08002088   0x000000b0   Code   RO          295    i.HAL_TIM_Base_MspInit  tim.o
    0x08002138   0x08002138   0x00000078   Code   RO         2511    i.HAL_TIM_Base_Start_IT  stm32g4xx_hal_tim.o
    0x080021b0   0x080021b0   0x00000100   Code   RO         2515    i.HAL_TIM_ConfigClockSource  stm32g4xx_hal_tim.o
    0x080022b0   0x080022b0   0x000000cc   Code   RO          296    i.HAL_TIM_IC_CaptureCallback  tim.o
    0x0800237c   0x0800237c   0x00000124   Code   RO         2542    i.HAL_TIM_IC_ConfigChannel  stm32g4xx_hal_tim.o
    0x080024a0   0x080024a0   0x00000062   Code   RO         2545    i.HAL_TIM_IC_Init   stm32g4xx_hal_tim.o
    0x08002502   0x08002502   0x00000002   Code   RO         2547    i.HAL_TIM_IC_MspInit  stm32g4xx_hal_tim.o
    0x08002504   0x08002504   0x0000012c   Code   RO         2550    i.HAL_TIM_IC_Start_IT  stm32g4xx_hal_tim.o
    0x08002630   0x08002630   0x000001a2   Code   RO         2554    i.HAL_TIM_IRQHandler  stm32g4xx_hal_tim.o
    0x080027d2   0x080027d2   0x00000002   PAD
    0x080027d4   0x080027d4   0x00000050   Code   RO          297    i.HAL_TIM_MspPostInit  tim.o
    0x08002824   0x08002824   0x00000002   Code   RO         2557    i.HAL_TIM_OC_DelayElapsedCallback  stm32g4xx_hal_tim.o
    0x08002826   0x08002826   0x00000124   Code   RO         2578    i.HAL_TIM_PWM_ConfigChannel  stm32g4xx_hal_tim.o
    0x0800294a   0x0800294a   0x00000062   Code   RO         2581    i.HAL_TIM_PWM_Init  stm32g4xx_hal_tim.o
    0x080029ac   0x080029ac   0x00000002   Code   RO         2583    i.HAL_TIM_PWM_MspInit  stm32g4xx_hal_tim.o
    0x080029ae   0x080029ae   0x00000002   Code   RO         2584    i.HAL_TIM_PWM_PulseFinishedCallback  stm32g4xx_hal_tim.o
    0x080029b0   0x080029b0   0x000000fc   Code   RO         2586    i.HAL_TIM_PWM_Start  stm32g4xx_hal_tim.o
    0x08002aac   0x08002aac   0x0000025c   Code   RO          298    i.HAL_TIM_PeriodElapsedCallback  tim.o
    0x08002d08   0x08002d08   0x0000002a   Code   RO         2594    i.HAL_TIM_ReadCapturedValue  stm32g4xx_hal_tim.o
    0x08002d32   0x08002d32   0x00000002   Code   RO         2597    i.HAL_TIM_TriggerCallback  stm32g4xx_hal_tim.o
    0x08002d34   0x08002d34   0x0000003e   Code   RO         4069    i.HAL_UARTEx_DisableFifoMode  stm32g4xx_hal_uart_ex.o
    0x08002d72   0x08002d72   0x0000004c   Code   RO         4078    i.HAL_UARTEx_SetRxFifoThreshold  stm32g4xx_hal_uart_ex.o
    0x08002dbe   0x08002dbe   0x0000004c   Code   RO         4079    i.HAL_UARTEx_SetTxFifoThreshold  stm32g4xx_hal_uart_ex.o
    0x08002e0a   0x08002e0a   0x0000006a   Code   RO         3678    i.HAL_UART_Init     stm32g4xx_hal_uart.o
    0x08002e74   0x08002e74   0x0000007c   Code   RO          405    i.HAL_UART_MspInit  usart.o
    0x08002ef0   0x08002ef0   0x00000002   Code   RO          454    i.HardFault_Handler  stm32g4xx_it.o
    0x08002ef2   0x08002ef2   0x00000002   PAD
    0x08002ef4   0x08002ef4   0x0000002c   Code   RO         4226    i.LCD_BusIn         lcd.o
    0x08002f20   0x08002f20   0x00000030   Code   RO         4227    i.LCD_BusOut        lcd.o
    0x08002f50   0x08002f50   0x00000024   Code   RO         4228    i.LCD_Clear         lcd.o
    0x08002f74   0x08002f74   0x00000090   Code   RO         4230    i.LCD_CtrlLinesConfig  lcd.o
    0x08003004   0x08003004   0x00000018   Code   RO         4231    i.LCD_DisplayChar   lcd.o
    0x0800301c   0x0800301c   0x0000002a   Code   RO         4234    i.LCD_DisplayStringLine  lcd.o
    0x08003046   0x08003046   0x00000002   PAD
    0x08003048   0x08003048   0x00000058   Code   RO         4235    i.LCD_DrawChar      lcd.o
    0x080030a0   0x080030a0   0x00000034   Code   RO         4241    i.LCD_Init          lcd.o
    0x080030d4   0x080030d4   0x00000080   Code   RO         4244    i.LCD_ReadReg       lcd.o
    0x08003154   0x08003154   0x00000018   Code   RO         4246    i.LCD_SetCursor     lcd.o
    0x0800316c   0x0800316c   0x00000064   Code   RO         4251    i.LCD_WriteRAM      lcd.o
    0x080031d0   0x080031d0   0x00000064   Code   RO         4252    i.LCD_WriteRAM_Prepare  lcd.o
    0x08003234   0x08003234   0x00000074   Code   RO         4253    i.LCD_WriteReg      lcd.o
    0x080032a8   0x080032a8   0x0000000c   Code   RO          594    i.LL_ADC_GetOffsetChannel  stm32g4xx_hal_adc.o
    0x080032b4   0x080032b4   0x00000008   Code   RO          595    i.LL_ADC_INJ_IsConversionOngoing  stm32g4xx_hal_adc.o
    0x080032bc   0x080032bc   0x00000008   Code   RO          596    i.LL_ADC_REG_IsConversionOngoing  stm32g4xx_hal_adc.o
    0x080032c4   0x080032c4   0x0000001e   Code   RO          599    i.LL_ADC_SetChannelSamplingTime  stm32g4xx_hal_adc.o
    0x080032e2   0x080032e2   0x00000010   Code   RO          600    i.LL_ADC_SetOffsetState  stm32g4xx_hal_adc.o
    0x080032f2   0x080032f2   0x00000002   PAD
    0x080032f4   0x080032f4   0x0000007c   Code   RO          241    i.MX_ADC2_Init      adc.o
    0x08003370   0x08003370   0x000000d4   Code   RO          190    i.MX_GPIO_Init      gpio.o
    0x08003444   0x08003444   0x00000094   Code   RO          299    i.MX_TIM2_Init      tim.o
    0x080034d8   0x080034d8   0x000000a0   Code   RO          300    i.MX_TIM3_Init      tim.o
    0x08003578   0x08003578   0x00000068   Code   RO          301    i.MX_TIM4_Init      tim.o
    0x080035e0   0x080035e0   0x00000068   Code   RO          406    i.MX_USART1_UART_Init  usart.o
    0x08003648   0x08003648   0x00000002   Code   RO          455    i.MemManage_Handler  stm32g4xx_it.o
    0x0800364a   0x0800364a   0x00000002   Code   RO          456    i.NMI_Handler       stm32g4xx_it.o
    0x0800364c   0x0800364c   0x00000002   Code   RO          457    i.PendSV_Handler    stm32g4xx_it.o
    0x0800364e   0x0800364e   0x00000112   Code   RO         4254    i.REG_8230_Init     lcd.o
    0x08003760   0x08003760   0x00000202   Code   RO         4255    i.REG_932X_Init     lcd.o
    0x08003962   0x08003962   0x00000002   Code   RO          458    i.SVC_Handler       stm32g4xx_it.o
    0x08003964   0x08003964   0x00000040   Code   RO          459    i.SysTick_Handler   stm32g4xx_it.o
    0x080039a4   0x080039a4   0x00000066   Code   RO           14    i.SystemClock_Config  main.o
    0x08003a0a   0x08003a0a   0x00000002   PAD
    0x08003a0c   0x08003a0c   0x00000010   Code   RO         4188    i.SystemInit        system_stm32g4xx.o
    0x08003a1c   0x08003a1c   0x0000000c   Code   RO          460    i.TIM2_IRQHandler   stm32g4xx_it.o
    0x08003a28   0x08003a28   0x0000000c   Code   RO          461    i.TIM4_IRQHandler   stm32g4xx_it.o
    0x08003a34   0x08003a34   0x000000bc   Code   RO         2599    i.TIM_Base_SetConfig  stm32g4xx_hal_tim.o
    0x08003af0   0x08003af0   0x0000001a   Code   RO         2600    i.TIM_CCxChannelCmd  stm32g4xx_hal_tim.o
    0x08003b0a   0x08003b0a   0x00000014   Code   RO         2610    i.TIM_ETR_SetConfig  stm32g4xx_hal_tim.o
    0x08003b1e   0x08003b1e   0x00000002   PAD
    0x08003b20   0x08003b20   0x00000014   Code   RO         2611    i.TIM_ITRx_SetConfig  stm32g4xx_hal_tim.o
    0x08003b34   0x08003b34   0x0000009c   Code   RO         2612    i.TIM_OC1_SetConfig  stm32g4xx_hal_tim.o
    0x08003bd0   0x08003bd0   0x00000090   Code   RO         2613    i.TIM_OC2_SetConfig  stm32g4xx_hal_tim.o
    0x08003c60   0x08003c60   0x00000090   Code   RO         2614    i.TIM_OC3_SetConfig  stm32g4xx_hal_tim.o
    0x08003cf0   0x08003cf0   0x00000090   Code   RO         2615    i.TIM_OC4_SetConfig  stm32g4xx_hal_tim.o
    0x08003d80   0x08003d80   0x00000070   Code   RO         2616    i.TIM_OC5_SetConfig  stm32g4xx_hal_tim.o
    0x08003df0   0x08003df0   0x00000070   Code   RO         2617    i.TIM_OC6_SetConfig  stm32g4xx_hal_tim.o
    0x08003e60   0x08003e60   0x00000022   Code   RO         2619    i.TIM_TI1_ConfigInputStage  stm32g4xx_hal_tim.o
    0x08003e82   0x08003e82   0x00000002   PAD
    0x08003e84   0x08003e84   0x0000006c   Code   RO         2620    i.TIM_TI1_SetConfig  stm32g4xx_hal_tim.o
    0x08003ef0   0x08003ef0   0x00000024   Code   RO         2621    i.TIM_TI2_ConfigInputStage  stm32g4xx_hal_tim.o
    0x08003f14   0x08003f14   0x00000036   Code   RO         2622    i.TIM_TI2_SetConfig  stm32g4xx_hal_tim.o
    0x08003f4a   0x08003f4a   0x00000002   PAD
    0x08003f4c   0x08003f4c   0x00000044   Code   RO         4083    i.UARTEx_SetNbDataToProcess  stm32g4xx_hal_uart_ex.o
    0x08003f90   0x08003f90   0x000000c8   Code   RO         3692    i.UART_AdvFeatureConfig  stm32g4xx_hal_uart.o
    0x08004058   0x08004058   0x000000ac   Code   RO         3693    i.UART_CheckIdleState  stm32g4xx_hal_uart.o
    0x08004104   0x08004104   0x00000054   Code   RO         3704    i.UART_EndRxTransfer  stm32g4xx_hal_uart.o
    0x08004158   0x08004158   0x00000274   Code   RO         3710    i.UART_SetConfig    stm32g4xx_hal_uart.o
    0x080043cc   0x080043cc   0x00000094   Code   RO         3717    i.UART_WaitOnFlagUntilTimeout  stm32g4xx_hal_uart.o
    0x08004460   0x08004460   0x00000002   Code   RO          462    i.UsageFault_Handler  stm32g4xx_it.o
    0x08004462   0x08004462   0x00000002   PAD
    0x08004464   0x08004464   0x00000028   Code   RO         4689    i.__0sprintf        mc_w.l(printfa.o)
    0x0800448c   0x0800448c   0x00000020   Code   RO         2387    i.__NVIC_SetPriority  stm32g4xx_hal_cortex.o
    0x080044ac   0x080044ac   0x0000000e   Code   RO         4763    i.__scatterload_copy  mc_w.l(handlers.o)
    0x080044ba   0x080044ba   0x00000002   Code   RO         4764    i.__scatterload_null  mc_w.l(handlers.o)
    0x080044bc   0x080044bc   0x0000000e   Code   RO         4765    i.__scatterload_zeroinit  mc_w.l(handlers.o)
    0x080044ca   0x080044ca   0x00000002   PAD
    0x080044cc   0x080044cc   0x00000184   Code   RO         4694    i._fp_digits        mc_w.l(printfa.o)
    0x08004650   0x08004650   0x000006dc   Code   RO         4695    i._printf_core      mc_w.l(printfa.o)
    0x08004d2c   0x08004d2c   0x00000024   Code   RO         4696    i._printf_post_padding  mc_w.l(printfa.o)
    0x08004d50   0x08004d50   0x0000002e   Code   RO         4697    i._printf_pre_padding  mc_w.l(printfa.o)
    0x08004d7e   0x08004d7e   0x0000000a   Code   RO         4699    i._sputc            mc_w.l(printfa.o)
    0x08004d88   0x08004d88   0x0000000c   Code   RO          242    i.adc_init          adc.o
    0x08004d94   0x08004d94   0x0000004c   Code   RO          243    i.adc_task          adc.o
    0x08004de0   0x08004de0   0x0000000c   Code   RO          302    i.key_init          tim.o
    0x08004dec   0x08004dec   0x000000ac   Code   RO          303    i.key_scan          tim.o
    0x08004e98   0x08004e98   0x00000398   Code   RO          304    i.key_task          tim.o
    0x08005230   0x08005230   0x00000038   Code   RO         4256    i.lcd_init          lcd.o
    0x08005268   0x08005268   0x00000360   Code   RO         4257    i.lcd_task          lcd.o
    0x080055c8   0x080055c8   0x00000058   Code   RO          191    i.led_by_8bits      gpio.o
    0x08005620   0x08005620   0x00000030   Code   RO          192    i.led_init          gpio.o
    0x08005650   0x08005650   0x00000084   Code   RO          193    i.led_task          gpio.o
    0x080056d4   0x080056d4   0x00000060   Code   RO           15    i.main              main.o
    0x08005734   0x08005734   0x0000001c   Code   RO          305    i.pwm_init          tim.o
    0x08005750   0x08005750   0x00000068   Code   RO          306    i.pwm_set_fre_duty  tim.o
    0x080057b8   0x080057b8   0x000000c0   Code   RO          307    i.pwm_task          tim.o
    0x08005878   0x08005878   0x00000018   Data   RO         3718    .constdata          stm32g4xx_hal_uart.o
    0x08005890   0x08005890   0x00000010   Data   RO         4084    .constdata          stm32g4xx_hal_uart_ex.o
    0x080058a0   0x080058a0   0x00000010   Data   RO         4189    .constdata          system_stm32g4xx.o
    0x080058b0   0x080058b0   0x00000008   Data   RO         4190    .constdata          system_stm32g4xx.o
    0x080058b8   0x080058b8   0x000011d0   Data   RO         4259    .constdata          lcd.o
    0x08006a88   0x08006a88   0x00000020   Data   RO         4761    Region$$Table       anon$$obj.o


    Execution Region RW_IRAM1 (Exec base: 0x20000000, Load base: 0x08006aa8, Size: 0x00001e68, Max: 0x00008000, ABSOLUTE)

    Exec Addr    Load Addr    Size         Type   Attr      Idx    E Section Name        Object

    0x20000000   0x08006aa8   0x00000004   Data   RW           16    .data               main.o
    0x20000004   0x08006aac   0x00000004   Data   RW           17    .data               main.o
    0x20000008   0x08006ab0   0x00000002   Data   RW           18    .data               main.o
    0x2000000a   0x08006ab2   0x00000001   Data   RW          194    .data               gpio.o
    0x2000000b   0x08006ab3   0x00000001   PAD
    0x2000000c   0x08006ab4   0x00000004   Data   RW          245    .data               adc.o
    0x20000010   0x08006ab8   0x00000064   Data   RW          309    .data               tim.o
    0x20000074   0x08006b1c   0x0000000c   Data   RW         1049    .data               stm32g4xx_hal.o
    0x20000080   0x08006b28   0x00000004   Data   RW         4191    .data               system_stm32g4xx.o
    0x20000084   0x08006b2c   0x00000024   Data   RW         4260    .data               lcd.o
    0x200000a8   0x08006b50   0x00000004   Data   RW         4261    .data               lcd.o
    0x200000ac   0x08006b54   0x00000004   Data   RW         4262    .data               lcd.o
    0x200000b0   0x08006b58   0x00000004   Data   RW         4263    .data               lcd.o
    0x200000b4   0x08006b5c   0x00000004   Data   RW         4264    .data               lcd.o
    0x200000b8   0x08006b60   0x00000004   Data   RW         4265    .data               lcd.o
    0x200000bc   0x08006b64   0x00000004   Data   RW         4266    .data               lcd.o
    0x200000c0        -       0x0000006c   Zero   RW          244    .bss                adc.o
    0x2000012c        -       0x00001884   Zero   RW          308    .bss                tim.o
    0x200019b0        -       0x00000094   Zero   RW          408    .bss                usart.o
    0x20001a44        -       0x0000001e   Zero   RW         4258    .bss                lcd.o
    0x20001a62   0x08006b68   0x00000006   PAD
    0x20001a68        -       0x00000400   Zero   RW            1    STACK               startup_stm32g431xx.o


==============================================================================

Image component sizes


      Code (inc. data)   RO Data    RW Data    ZI Data      Debug   Object Name

       332         56          0          4        108       2711   adc.o
       480         66          0          1          0       3146   gpio.o
      2682        548       4560         60         30      14347   lcd.o
       202          4          0         10          0     680209   main.o
        36          8        472          0       1024        832   startup_stm32g431xx.o
       162         24          0         12          0       4313   stm32g4xx_hal.o
      2168        126          0          0          0      77301   stm32g4xx_hal_adc.o
       148         10          0          0          0      67290   stm32g4xx_hal_adc_ex.o
       198         14          0          0          0      33831   stm32g4xx_hal_cortex.o
       604         34          0          0          0       3003   stm32g4xx_hal_gpio.o
        48          6          0          0          0        862   stm32g4xx_hal_msp.o
       204         18          0          0          0       1401   stm32g4xx_hal_pwr_ex.o
      1688         92          0          0          0       6264   stm32g4xx_hal_rcc.o
       648         10          0          0          0       1876   stm32g4xx_hal_rcc_ex.o
      3574        304          0          0          0      24245   stm32g4xx_hal_tim.o
       170         24          0          0          0       5416   stm32g4xx_hal_tim_ex.o
      1338         72         24          0          0      25166   stm32g4xx_hal_uart.o
       282          6         16          0          0       3673   stm32g4xx_hal_uart_ex.o
       104         28          0          0          0       5150   stm32g4xx_it.o
        16          4         24          4          0       1127   system_stm32g4xx.o
      2904        250          0        100       6276      11939   tim.o
       228         18          0          0        148       1798   usart.o

    ----------------------------------------------------------------------
     18240       1722       5128        192       7592     975900   Object Totals
         0          0         32          0          0          0   (incl. Generated)
        24          0          0          1          6          0   (incl. Padding)

    ----------------------------------------------------------------------

      Code (inc. data)   RO Data    RW Data    ZI Data      Debug   Library Member Name

         0          0          0          0          0          0   entry.o
         0          0          0          0          0          0   entry10a.o
         0          0          0          0          0          0   entry11a.o
         8          4          0          0          0          0   entry2.o
         4          0          0          0          0          0   entry5.o
         0          0          0          0          0          0   entry7b.o
         0          0          0          0          0          0   entry8b.o
         8          4          0          0          0          0   entry9a.o
        30          0          0          0          0          0   handlers.o
        36          8          0          0          0         68   init.o
         0          0          0          0          0          0   iusefp.o
        30          0          0          0          0         68   llshl.o
        36          0          0          0          0         68   llsshr.o
        32          0          0          0          0         68   llushr.o
        36          0          0          0          0        108   memseta.o
      2276         86          0          0          0        520   printfa.o
        44          0          0          0          0         80   uidiv.o
        98          0          0          0          0         92   uldiv.o
        48          0          0          0          0         68   cdrcmple.o
        56          0          0          0          0         88   d2f.o
       334          0          0          0          0        148   dadd.o
       222          0          0          0          0        100   ddiv.o
       186          0          0          0          0        176   depilogue.o
        48          0          0          0          0         68   dfixul.o
        26          0          0          0          0         76   dfltui.o
       228          0          0          0          0         96   dmul.o
        38          0          0          0          0         68   f2d.o
       110          0          0          0          0        168   fepilogue.o

    ----------------------------------------------------------------------
      3936        102          0          0          0       2128   Library Totals
         2          0          0          0          0          0   (incl. Padding)

    ----------------------------------------------------------------------

      Code (inc. data)   RO Data    RW Data    ZI Data      Debug   Library Name

      2638        102          0          0          0       1072   mc_w.l
      1296          0          0          0          0       1056   mf_w.l

    ----------------------------------------------------------------------
      3936        102          0          0          0       2128   Library Totals

    ----------------------------------------------------------------------

==============================================================================


      Code (inc. data)   RO Data    RW Data    ZI Data      Debug   

     22176       1824       5128        192       7592     964092   Grand Totals
     22176       1824       5128        192       7592     964092   ELF Image Totals
     22176       1824       5128        192          0          0   ROM Totals

==============================================================================

    Total RO  Size (Code + RO Data)                27304 (  26.66kB)
    Total RW  Size (RW Data + ZI Data)              7784 (   7.60kB)
    Total ROM Size (Code + RO Data + RW Data)      27496 (  26.85kB)

==============================================================================

