<html>
<body>
<pre>
<h1>µVision Build Log</h1>
<h2>Tool Versions:</h2>
IDE-Version: ¦ÌVision V5.24.2.0
Copyright (C) 2017 ARM Ltd and ARM Germany GmbH. All rights reserved.
License Information: 1 duki, 1, LIC=65ISZ-JEHI4-RA0DM-XEB9T-N70GR-T2RXV
 
Tool Versions:
Toolchain:       MDK-ARM Plus  Version: 5.24.1
Toolchain Path:  D:\MAIN\keil_new\ARM\ARMCC\Bin
C Compiler:      Armcc.exe V5.06 update 5 (build 528)
Assembler:       Armasm.exe V5.06 update 5 (build 528)
Linker/Locator:  ArmLink.exe V5.06 update 5 (build 528)
Library Manager: ArmAr.exe V5.06 update 5 (build 528)
Hex Converter:   FromElf.exe V5.06 update 5 (build 528)
CPU DLL:         SARMCM3.DLL V5.24.1
Dialog DLL:      DCM.DLL V1.16.0.0
Target DLL:      CMSIS_AGDI.dll V1.28.3.0
Dialog DLL:      TCM.DLL V1.32.0.0
 
<h2>Project:</h2>
D:\MAIN\2025_lanqiao\¹úÈü\13_true\MDK-ARM\13_true.uvprojx
Project File Date:  05/12/2025

<h2>Output:</h2>
*** Using Compiler 'V5.06 update 5 (build 528)', folder: 'D:\MAIN\keil_new\ARM\ARMCC\Bin'
Rebuild target '13_true'
compiling stm32g4xx_ll_adc.c...
assembling startup_stm32g431xx.s...
compiling tim.c...
compiling stm32g4xx_hal_flash_ramfunc.c...
compiling stm32g4xx_hal_flash.c...
compiling usart.c...
compiling main.c...
compiling gpio.c...
compiling stm32g4xx_hal_rcc.c...
compiling stm32g4xx_hal_rcc_ex.c...
compiling stm32g4xx_hal_adc.c...
compiling adc.c...
compiling stm32g4xx_it.c...
compiling stm32g4xx_hal_adc_ex.c...
compiling stm32g4xx_hal.c...
compiling stm32g4xx_hal_flash_ex.c...
compiling stm32g4xx_hal_msp.c...
compiling stm32g4xx_hal_dma_ex.c...
compiling stm32g4xx_hal_uart_ex.c...
compiling stm32g4xx_hal_cortex.c...
compiling stm32g4xx_hal_exti.c...
compiling stm32g4xx_hal_uart.c...
compiling i2c_hal.c...
compiling stm32g4xx_hal_pwr.c...
compiling stm32g4xx_hal_gpio.c...
compiling stm32g4xx_hal_pwr_ex.c...
compiling stm32g4xx_hal_dma.c...
compiling system_stm32g4xx.c...
compiling stm32g4xx_hal_tim_ex.c...
compiling lcd.c...
compiling stm32g4xx_hal_tim.c...
linking...
Program Size: Code=25324 RO-data=5128 RW-data=192 ZI-data=1704  
FromELF: creating hex file...
"13_true\13_true.axf" - 0 Error(s), 0 Warning(s).

<h2>Software Packages used:</h2>

Package Vendor: ARM
                http://www.keil.com/pack/ARM.CMSIS.5.0.1.pack
                ARM.CMSIS.5.0.1
                CMSIS (Cortex Microcontroller Software Interface Standard)
   * Component: CORE Version: 5.0.1

Package Vendor: Keil
                http://www.keil.com/pack/Keil.STM32G4xx_DFP.1.2.0.pack
                Keil.STM32G4xx_DFP.1.2.0
                STMicroelectronics STM32G4 Series Device Support, Drivers and Examples

<h2>Collection of Component include folders:</h2>
  .\RTE\_13_true
  D:\MAIN\keil_new\ARM\PACK\ARM\CMSIS\5.0.1\CMSIS\Include
  D:\MAIN\keil_new\ARM\PACK\Keil\STM32G4xx_DFP\1.2.0\Drivers\CMSIS\Device\ST\STM32G4xx\Include

<h2>Collection of Component Files used:</h2>

   * Component: ARM::CMSIS:CORE:5.0.1
Build Time Elapsed:  00:00:19
</pre>
</body>
</html>
