Component: ARM Compiler 5.06 update 5 (build 528) Tool: armlink [4d35e2]

==============================================================================

Section Cross References

    startup_stm32g431xx.o(RESET) refers to startup_stm32g431xx.o(STACK) for __initial_sp
    startup_stm32g431xx.o(RESET) refers to startup_stm32g431xx.o(.text) for Reset_Handler
    startup_stm32g431xx.o(RESET) refers to stm32g4xx_it.o(i.NMI_Handler) for NMI_Handler
    startup_stm32g431xx.o(RESET) refers to stm32g4xx_it.o(i.HardFault_Handler) for HardFault_Handler
    startup_stm32g431xx.o(RESET) refers to stm32g4xx_it.o(i.MemManage_Handler) for MemManage_Handler
    startup_stm32g431xx.o(RESET) refers to stm32g4xx_it.o(i.BusFault_Handler) for BusFault_Handler
    startup_stm32g431xx.o(RESET) refers to stm32g4xx_it.o(i.UsageFault_Handler) for UsageFault_Handler
    startup_stm32g431xx.o(RESET) refers to stm32g4xx_it.o(i.SVC_Handler) for SVC_Handler
    startup_stm32g431xx.o(RESET) refers to stm32g4xx_it.o(i.DebugMon_Handler) for DebugMon_Handler
    startup_stm32g431xx.o(RESET) refers to stm32g4xx_it.o(i.PendSV_Handler) for PendSV_Handler
    startup_stm32g431xx.o(RESET) refers to stm32g4xx_it.o(i.SysTick_Handler) for SysTick_Handler
    startup_stm32g431xx.o(RESET) refers to stm32g4xx_it.o(i.TIM2_IRQHandler) for TIM2_IRQHandler
    startup_stm32g431xx.o(RESET) refers to stm32g4xx_it.o(i.TIM4_IRQHandler) for TIM4_IRQHandler
    startup_stm32g431xx.o(RESET) refers to stm32g4xx_it.o(i.USART1_IRQHandler) for USART1_IRQHandler
    startup_stm32g431xx.o(.text) refers to system_stm32g4xx.o(i.SystemInit) for SystemInit
    startup_stm32g431xx.o(.text) refers to entry.o(.ARM.Collect$$$$00000000) for __main
    main.o(i.SystemClock_Config) refers to memseta.o(.text) for __aeabi_memclr4
    main.o(i.SystemClock_Config) refers to stm32g4xx_hal_pwr_ex.o(i.HAL_PWREx_ControlVoltageScaling) for HAL_PWREx_ControlVoltageScaling
    main.o(i.SystemClock_Config) refers to stm32g4xx_hal_rcc.o(i.HAL_RCC_OscConfig) for HAL_RCC_OscConfig
    main.o(i.SystemClock_Config) refers to stm32g4xx_hal_rcc.o(i.HAL_RCC_ClockConfig) for HAL_RCC_ClockConfig
    main.o(i.main) refers to stm32g4xx_hal.o(i.HAL_Init) for HAL_Init
    main.o(i.main) refers to main.o(i.SystemClock_Config) for SystemClock_Config
    main.o(i.main) refers to gpio.o(i.MX_GPIO_Init) for MX_GPIO_Init
    main.o(i.main) refers to adc.o(i.MX_ADC2_Init) for MX_ADC2_Init
    main.o(i.main) refers to tim.o(i.MX_TIM2_Init) for MX_TIM2_Init
    main.o(i.main) refers to tim.o(i.MX_TIM3_Init) for MX_TIM3_Init
    main.o(i.main) refers to tim.o(i.MX_TIM4_Init) for MX_TIM4_Init
    main.o(i.main) refers to usart.o(i.MX_USART1_UART_Init) for MX_USART1_UART_Init
    main.o(i.main) refers to lcd.o(i.show_init) for show_init
    main.o(i.main) refers to tim.o(i.pwm_init) for pwm_init
    main.o(i.main) refers to gpio.o(i.led_init) for led_init
    main.o(i.main) refers to tim.o(i.key_init) for key_init
    main.o(i.main) refers to usart.o(i.uart_init) for uart_init
    main.o(i.main) refers to i2c_hal.o(i.eeprom_init) for eeprom_init
    main.o(i.main) refers to gpio.o(i.led_task) for led_task
    main.o(i.main) refers to adc.o(i.adc_task) for adc_task
    main.o(i.main) refers to tim.o(i.key_task) for key_task
    main.o(i.main) refers to tim.o(i.pwm_task) for pwm_task
    main.o(i.main) refers to usart.o(i.uart_task) for uart_task
    main.o(i.main) refers to lcd.o(i.show_task) for show_task
    main.o(i.main) refers to stm32g4xx_it.o(.data) for pwm_task_flag
    gpio.o(i.MX_GPIO_Init) refers to memseta.o(.text) for __aeabi_memclr4
    gpio.o(i.MX_GPIO_Init) refers to stm32g4xx_hal_gpio.o(i.HAL_GPIO_WritePin) for HAL_GPIO_WritePin
    gpio.o(i.MX_GPIO_Init) refers to stm32g4xx_hal_gpio.o(i.HAL_GPIO_Init) for HAL_GPIO_Init
    gpio.o(i.led_init) refers to stm32g4xx_hal_gpio.o(i.HAL_GPIO_WritePin) for HAL_GPIO_WritePin
    gpio.o(i.led_on_by_8bits) refers to stm32g4xx_hal_gpio.o(i.HAL_GPIO_WritePin) for HAL_GPIO_WritePin
    gpio.o(i.led_on_by_8bits) refers to gpio.o(.data) for .data
    gpio.o(i.led_task) refers to gpio.o(i.led_on_by_8bits) for led_on_by_8bits
    gpio.o(i.led_task) refers to tim.o(.data) for pwm_output_mode
    gpio.o(i.led_task) refers to gpio.o(.data) for .data
    gpio.o(i.led_task) refers to lcd.o(.data) for lcd_mode
    adc.o(i.HAL_ADC_MspDeInit) refers to stm32g4xx_hal_gpio.o(i.HAL_GPIO_DeInit) for HAL_GPIO_DeInit
    adc.o(i.HAL_ADC_MspInit) refers to memseta.o(.text) for __aeabi_memclr4
    adc.o(i.HAL_ADC_MspInit) refers to stm32g4xx_hal_rcc_ex.o(i.HAL_RCCEx_PeriphCLKConfig) for HAL_RCCEx_PeriphCLKConfig
    adc.o(i.HAL_ADC_MspInit) refers to main.o(i.Error_Handler) for Error_Handler
    adc.o(i.HAL_ADC_MspInit) refers to stm32g4xx_hal_gpio.o(i.HAL_GPIO_Init) for HAL_GPIO_Init
    adc.o(i.MX_ADC2_Init) refers to memseta.o(.text) for __aeabi_memclr4
    adc.o(i.MX_ADC2_Init) refers to stm32g4xx_hal_adc.o(i.HAL_ADC_Init) for HAL_ADC_Init
[...]
    i.HAL_TIM_Base_Start_IT                  0x0800221c   Section        0  stm32g4xx_hal_tim.o(i.HAL_TIM_Base_Start_IT)
    i.HAL_TIM_ConfigClockSource              0x08002294   Section        0  stm32g4xx_hal_tim.o(i.HAL_TIM_ConfigClockSource)
    i.HAL_TIM_IC_CaptureCallback             0x08002394   Section        0  tim.o(i.HAL_TIM_IC_CaptureCallback)
    i.HAL_TIM_IC_ConfigChannel               0x080023f4   Section        0  stm32g4xx_hal_tim.o(i.HAL_TIM_IC_ConfigChannel)
    i.HAL_TIM_IC_Init                        0x08002518   Section        0  stm32g4xx_hal_tim.o(i.HAL_TIM_IC_Init)
    i.HAL_TIM_IC_MspInit                     0x0800257a   Section        0  stm32g4xx_hal_tim.o(i.HAL_TIM_IC_MspInit)
    i.HAL_TIM_IC_Start_IT                    0x0800257c   Section        0  stm32g4xx_hal_tim.o(i.HAL_TIM_IC_Start_IT)
    i.HAL_TIM_IRQHandler                     0x080026a8   Section        0  stm32g4xx_hal_tim.o(i.HAL_TIM_IRQHandler)
    i.HAL_TIM_MspPostInit                    0x0800284c   Section        0  tim.o(i.HAL_TIM_MspPostInit)
    i.HAL_TIM_OC_DelayElapsedCallback        0x0800289c   Section        0  stm32g4xx_hal_tim.o(i.HAL_TIM_OC_DelayElapsedCallback)
    i.HAL_TIM_PWM_ConfigChannel              0x0800289e   Section        0  stm32g4xx_hal_tim.o(i.HAL_TIM_PWM_ConfigChannel)
    i.HAL_TIM_PWM_Init                       0x080029c2   Section        0  stm32g4xx_hal_tim.o(i.HAL_TIM_PWM_Init)
    i.HAL_TIM_PWM_MspInit                    0x08002a24   Section        0  stm32g4xx_hal_tim.o(i.HAL_TIM_PWM_MspInit)
    i.HAL_TIM_PWM_PulseFinishedCallback      0x08002a26   Section        0  stm32g4xx_hal_tim.o(i.HAL_TIM_PWM_PulseFinishedCallback)
    i.HAL_TIM_PWM_Start                      0x08002a28   Section        0  stm32g4xx_hal_tim.o(i.HAL_TIM_PWM_Start)
    i.HAL_TIM_PeriodElapsedCallback          0x08002b24   Section        0  tim.o(i.HAL_TIM_PeriodElapsedCallback)
    i.HAL_TIM_ReadCapturedValue              0x08002b98   Section        0  stm32g4xx_hal_tim.o(i.HAL_TIM_ReadCapturedValue)
    i.HAL_TIM_TriggerCallback                0x08002bc2   Section        0  stm32g4xx_hal_tim.o(i.HAL_TIM_TriggerCallback)
    i.HAL_UARTEx_DisableFifoMode             0x08002bc4   Section        0  stm32g4xx_hal_uart_ex.o(i.HAL_UARTEx_DisableFifoMode)
    i.HAL_UARTEx_RxEventCallback             0x08002c02   Section        0  stm32g4xx_hal_uart.o(i.HAL_UARTEx_RxEventCallback)
    i.HAL_UARTEx_RxFifoFullCallback          0x08002c04   Section        0  stm32g4xx_hal_uart_ex.o(i.HAL_UARTEx_RxFifoFullCallback)
    i.HAL_UARTEx_SetRxFifoThreshold          0x08002c06   Section        0  stm32g4xx_hal_uart_ex.o(i.HAL_UARTEx_SetRxFifoThreshold)
    i.HAL_UARTEx_SetTxFifoThreshold          0x08002c52   Section        0  stm32g4xx_hal_uart_ex.o(i.HAL_UARTEx_SetTxFifoThreshold)
    i.HAL_UARTEx_TxFifoEmptyCallback         0x08002c9e   Section        0  stm32g4xx_hal_uart_ex.o(i.HAL_UARTEx_TxFifoEmptyCallback)
    i.HAL_UARTEx_WakeupCallback              0x08002ca0   Section        0  stm32g4xx_hal_uart_ex.o(i.HAL_UARTEx_WakeupCallback)
    i.HAL_UART_ErrorCallback                 0x08002ca2   Section        0  stm32g4xx_hal_uart.o(i.HAL_UART_ErrorCallback)
    i.HAL_UART_IRQHandler                    0x08002ca4   Section        0  stm32g4xx_hal_uart.o(i.HAL_UART_IRQHandler)
    i.HAL_UART_Init                          0x08002fb0   Section        0  stm32g4xx_hal_uart.o(i.HAL_UART_Init)
    i.HAL_UART_MspInit                       0x0800301c   Section        0  usart.o(i.HAL_UART_MspInit)
    i.HAL_UART_Receive_IT                    0x080030a8   Section        0  stm32g4xx_hal_uart.o(i.HAL_UART_Receive_IT)
    i.HAL_UART_RxCpltCallback                0x080030f0   Section        0  usart.o(i.HAL_UART_RxCpltCallback)
    i.HAL_UART_Transmit                      0x08003120   Section        0  stm32g4xx_hal_uart.o(i.HAL_UART_Transmit)
    i.HAL_UART_TxCpltCallback                0x080031ce   Section        0  stm32g4xx_hal_uart.o(i.HAL_UART_TxCpltCallback)
    i.HardFault_Handler                      0x080031d0   Section        0  stm32g4xx_it.o(i.HardFault_Handler)
    i.I2CInit                                0x080031d4   Section        0  i2c_hal.o(i.I2CInit)
    i.I2CReceiveByte                         0x08003200   Section        0  i2c_hal.o(i.I2CReceiveByte)
    i.I2CSendByte                            0x0800324e   Section        0  i2c_hal.o(i.I2CSendByte)
    i.I2CSendNotAck                          0x0800329c   Section        0  i2c_hal.o(i.I2CSendNotAck)
    i.I2CStart                               0x080032cc   Section        0  i2c_hal.o(i.I2CStart)
    i.I2CStop                                0x08003302   Section        0  i2c_hal.o(i.I2CStop)
    i.I2CWaitAck                             0x08003338   Section        0  i2c_hal.o(i.I2CWaitAck)
    i.LCD_BusIn                              0x08003388   Section        0  lcd.o(i.LCD_BusIn)
    i.LCD_BusOut                             0x080033b4   Section        0  lcd.o(i.LCD_BusOut)
    i.LCD_Clear                              0x080033e4   Section        0  lcd.o(i.LCD_Clear)
    i.LCD_CtrlLinesConfig                    0x08003408   Section        0  lcd.o(i.LCD_CtrlLinesConfig)
    i.LCD_DisplayChar                        0x08003498   Section        0  lcd.o(i.LCD_DisplayChar)
    i.LCD_DisplayStringLine                  0x080034b0   Section        0  lcd.o(i.LCD_DisplayStringLine)
    i.LCD_DrawChar                           0x080034dc   Section        0  lcd.o(i.LCD_DrawChar)
    i.LCD_Init                               0x08003534   Section        0  lcd.o(i.LCD_Init)
    i.LCD_ReadReg                            0x08003568   Section        0  lcd.o(i.LCD_ReadReg)
    i.LCD_SetCursor                          0x080035e8   Section        0  lcd.o(i.LCD_SetCursor)
    i.LCD_WriteRAM                           0x08003600   Section        0  lcd.o(i.LCD_WriteRAM)
    i.LCD_WriteRAM_Prepare                   0x08003664   Section        0  lcd.o(i.LCD_WriteRAM_Prepare)
    i.LCD_WriteReg                           0x080036c8   Section        0  lcd.o(i.LCD_WriteReg)
    i.LL_ADC_GetOffsetChannel                0x0800373c   Section        0  stm32g4xx_hal_adc.o(i.LL_ADC_GetOffsetChannel)
    LL_ADC_GetOffsetChannel                  0x0800373d   Thumb Code    12  stm32g4xx_hal_adc.o(i.LL_ADC_GetOffsetChannel)
    i.LL_ADC_INJ_IsConversionOngoing         0x08003748   Section        0  stm32g4xx_hal_adc.o(i.LL_ADC_INJ_IsConversionOngoing)
    LL_ADC_INJ_IsConversionOngoing           0x08003749   Thumb Code     8  stm32g4xx_hal_adc.o(i.LL_ADC_INJ_IsConversionOngoing)
    i.LL_ADC_REG_IsConversionOngoing         0x08003750   Section        0  stm32g4xx_hal_adc.o(i.LL_ADC_REG_IsConversionOngoing)
    LL_ADC_REG_IsConversionOngoing           0x08003751   Thumb Code     8  stm32g4xx_hal_adc.o(i.LL_ADC_REG_IsConversionOngoing)
    i.LL_ADC_SetChannelSamplingTime          0x08003758   Section        0  stm32g4xx_hal_adc.o(i.LL_ADC_SetChannelSamplingTime)
    LL_ADC_SetChannelSamplingTime            0x08003759   Thumb Code    30  stm32g4xx_hal_adc.o(i.LL_ADC_SetChannelSamplingTime)
    i.LL_ADC_SetOffsetState                  0x08003776   Section        0  stm32g4xx_hal_adc.o(i.LL_ADC_SetOffsetState)
    LL_ADC_SetOffsetState                    0x08003777   Thumb Code    16  stm32g4xx_hal_adc.o(i.LL_ADC_SetOffsetState)
    i.MX_ADC2_Init                           0x08003788   Section        0  adc.o(i.MX_ADC2_Init)
    i.MX_GPIO_Init                           0x08003824   Section        0  gpio.o(i.MX_GPIO_Init)
    i.MX_TIM2_Init                           0x080038f8   Section        0  tim.o(i.MX_TIM2_Init)
    i.MX_TIM3_Init                           0x0800398c   Section        0  tim.o(i.MX_TIM3_Init)
    i.MX_TIM4_Init                           0x08003a28   Section        0  tim.o(i.MX_TIM4_Init)
    i.MX_USART1_UART_Init                    0x08003a90   Section        0  usart.o(i.MX_USART1_UART_Init)
    i.MemManage_Handler                      0x08003af8   Section        0  stm32g4xx_it.o(i.MemManage_Handler)
    i.NMI_Handler                            0x08003afa   Section        0  stm32g4xx_it.o(i.NMI_Handler)
    i.PendSV_Handler                         0x08003afc   Section        0  stm32g4xx_it.o(i.PendSV_Handler)
    i.REG_8230_Init                          0x08003afe   Section        0  lcd.o(i.REG_8230_Init)
    i.REG_932X_Init                          0x08003c10   Section        0  lcd.o(i.REG_932X_Init)
    i.SCL_Output                             0x08003e14   Section        0  i2c_hal.o(i.SCL_Output)
    i.SDA_Input                              0x08003e2c   Section        0  i2c_hal.o(i.SDA_Input)
    i.SDA_Input_Mode                         0x08003e44   Section        0  i2c_hal.o(i.SDA_Input_Mode)
    i.SDA_Output                             0x08003e70   Section        0  i2c_hal.o(i.SDA_Output)
    i.SDA_Output_Mode                        0x08003e88   Section        0  i2c_hal.o(i.SDA_Output_Mode)
    i.SVC_Handler                            0x08003eb4   Section        0  stm32g4xx_it.o(i.SVC_Handler)
    i.SysTick_Handler                        0x08003eb8   Section        0  stm32g4xx_it.o(i.SysTick_Handler)
    i.SystemClock_Config                     0x08003efc   Section        0  main.o(i.SystemClock_Config)
    i.SystemInit                             0x08003f64   Section        0  system_stm32g4xx.o(i.SystemInit)
    i.TIM2_IRQHandler                        0x08003f74   Section        0  stm32g4xx_it.o(i.TIM2_IRQHandler)
    i.TIM4_IRQHandler                        0x08003f80   Section        0  stm32g4xx_it.o(i.TIM4_IRQHandler)
    i.TIM_Base_SetConfig                     0x08003f8c   Section        0  stm32g4xx_hal_tim.o(i.TIM_Base_SetConfig)
    i.TIM_CCxChannelCmd                      0x08004048   Section        0  stm32g4xx_hal_tim.o(i.TIM_CCxChannelCmd)
    i.TIM_ETR_SetConfig                      0x08004062   Section        0  stm32g4xx_hal_tim.o(i.TIM_ETR_SetConfig)
    i.TIM_ITRx_SetConfig                     0x08004078   Section        0  stm32g4xx_hal_tim.o(i.TIM_ITRx_SetConfig)
    TIM_ITRx_SetConfig                       0x08004079   Thumb Code    16  stm32g4xx_hal_tim.o(i.TIM_ITRx_SetConfig)
    i.TIM_OC1_SetConfig                      0x0800408c   Section        0  stm32g4xx_hal_tim.o(i.TIM_OC1_SetConfig)
    TIM_OC1_SetConfig                        0x0800408d   Thumb Code   132  stm32g4xx_hal_tim.o(i.TIM_OC1_SetConfig)
    i.TIM_OC2_SetConfig                      0x08004128   Section        0  stm32g4xx_hal_tim.o(i.TIM_OC2_SetConfig)
    i.TIM_OC3_SetConfig                      0x080041b8   Section        0  stm32g4xx_hal_tim.o(i.TIM_OC3_SetConfig)
    TIM_OC3_SetConfig                        0x080041b9   Thumb Code   118  stm32g4xx_hal_tim.o(i.TIM_OC3_SetConfig)
    i.TIM_OC4_SetConfig                      0x08004248   Section        0  stm32g4xx_hal_tim.o(i.TIM_OC4_SetConfig)
    TIM_OC4_SetConfig                        0x08004249   Thumb Code   120  stm32g4xx_hal_tim.o(i.TIM_OC4_SetConfig)
    i.TIM_OC5_SetConfig                      0x080042d8   Section        0  stm32g4xx_hal_tim.o(i.TIM_OC5_SetConfig)
    TIM_OC5_SetConfig                        0x080042d9   Thumb Code    86  stm32g4xx_hal_tim.o(i.TIM_OC5_SetConfig)
    i.TIM_OC6_SetConfig                      0x08004348   Section        0  stm32g4xx_hal_tim.o(i.TIM_OC6_SetConfig)
    TIM_OC6_SetConfig                        0x08004349   Thumb Code    88  stm32g4xx_hal_tim.o(i.TIM_OC6_SetConfig)
    i.TIM_TI1_ConfigInputStage               0x080043b8   Section        0  stm32g4xx_hal_tim.o(i.TIM_TI1_ConfigInputStage)
    TIM_TI1_ConfigInputStage                 0x080043b9   Thumb Code    34  stm32g4xx_hal_tim.o(i.TIM_TI1_ConfigInputStage)
    i.TIM_TI1_SetConfig                      0x080043dc   Section        0  stm32g4xx_hal_tim.o(i.TIM_TI1_SetConfig)
    i.TIM_TI2_ConfigInputStage               0x08004448   Section        0  stm32g4xx_hal_tim.o(i.TIM_TI2_ConfigInputStage)
    TIM_TI2_ConfigInputStage                 0x08004449   Thumb Code    36  stm32g4xx_hal_tim.o(i.TIM_TI2_ConfigInputStage)
    i.TIM_TI2_SetConfig                      0x0800446c   Section        0  stm32g4xx_hal_tim.o(i.TIM_TI2_SetConfig)
    TIM_TI2_SetConfig                        0x0800446d   Thumb Code    54  stm32g4xx_hal_tim.o(i.TIM_TI2_SetConfig)
    i.UARTEx_SetNbDataToProcess              0x080044a4   Section        0  stm32g4xx_hal_uart_ex.o(i.UARTEx_SetNbDataToProcess)
    UARTEx_SetNbDataToProcess                0x080044a5   Thumb Code    62  stm32g4xx_hal_uart_ex.o(i.UARTEx_SetNbDataToProcess)
    i.UART_AdvFeatureConfig                  0x080044e8   Section        0  stm32g4xx_hal_uart.o(i.UART_AdvFeatureConfig)
    i.UART_CheckIdleState                    0x080045b0   Section        0  stm32g4xx_hal_uart.o(i.UART_CheckIdleState)
    i.UART_DMAAbortOnError                   0x0800465c   Section        0  stm32g4xx_hal_uart.o(i.UART_DMAAbortOnError)
    UART_DMAAbortOnError                     0x0800465d   Thumb Code    20  stm32g4xx_hal_uart.o(i.UART_DMAAbortOnError)
    i.UART_EndRxTransfer                     0x08004670   Section        0  stm32g4xx_hal_uart.o(i.UART_EndRxTransfer)
    UART_EndRxTransfer                       0x08004671   Thumb Code    78  stm32g4xx_hal_uart.o(i.UART_EndRxTransfer)
    i.UART_RxISR_16BIT                       0x080046c4   Section        0  stm32g4xx_hal_uart.o(i.UART_RxISR_16BIT)
    UART_RxISR_16BIT                         0x080046c5   Thumb Code   196  stm32g4xx_hal_uart.o(i.UART_RxISR_16BIT)
    i.UART_RxISR_16BIT_FIFOEN                0x0800478c   Section        0  stm32g4xx_hal_uart.o(i.UART_RxISR_16BIT_FIFOEN)
    UART_RxISR_16BIT_FIFOEN                  0x0800478d   Thumb Code   404  stm32g4xx_hal_uart.o(i.UART_RxISR_16BIT_FIFOEN)
    i.UART_RxISR_8BIT                        0x0800492c   Section        0  stm32g4xx_hal_uart.o(i.UART_RxISR_8BIT)
    UART_RxISR_8BIT                          0x0800492d   Thumb Code   196  stm32g4xx_hal_uart.o(i.UART_RxISR_8BIT)
    i.UART_RxISR_8BIT_FIFOEN                 0x080049f4   Section        0  stm32g4xx_hal_uart.o(i.UART_RxISR_8BIT_FIFOEN)
    UART_RxISR_8BIT_FIFOEN                   0x080049f5   Thumb Code   404  stm32g4xx_hal_uart.o(i.UART_RxISR_8BIT_FIFOEN)
    i.UART_SetConfig                         0x08004b94   Section        0  stm32g4xx_hal_uart.o(i.UART_SetConfig)
    i.UART_Start_Receive_IT                  0x08004e08   Section        0  stm32g4xx_hal_uart.o(i.UART_Start_Receive_IT)
    i.UART_WaitOnFlagUntilTimeout            0x08004f18   Section        0  stm32g4xx_hal_uart.o(i.UART_WaitOnFlagUntilTimeout)
    i.USART1_IRQHandler                      0x08004fac   Section        0  stm32g4xx_it.o(i.USART1_IRQHandler)
    i.UsageFault_Handler                     0x08004fb8   Section        0  stm32g4xx_it.o(i.UsageFault_Handler)
    i.__0printf                              0x08004fbc   Section        0  printfa.o(i.__0printf)
    i.__0sprintf                             0x08004fdc   Section        0  printfa.o(i.__0sprintf)
    i.__NVIC_SetPriority                     0x08005004   Section        0  stm32g4xx_hal_cortex.o(i.__NVIC_SetPriority)
    __NVIC_SetPriority                       0x08005005   Thumb Code    32  stm32g4xx_hal_cortex.o(i.__NVIC_SetPriority)
    i.__scatterload_copy                     0x08005024   Section       14  handlers.o(i.__scatterload_copy)
    i.__scatterload_null                     0x08005032   Section        2  handlers.o(i.__scatterload_null)
    i.__scatterload_zeroinit                 0x08005034   Section       14  handlers.o(i.__scatterload_zeroinit)
    i._fp_digits                             0x08005044   Section        0  printfa.o(i._fp_digits)
    _fp_digits                               0x08005045   Thumb Code   366  printfa.o(i._fp_digits)
    i._printf_core                           0x080051c8   Section        0  printfa.o(i._printf_core)
    _printf_core                             0x080051c9   Thumb Code  1744  printfa.o(i._printf_core)
    i._printf_post_padding                   0x080058a4   Section        0  printfa.o(i._printf_post_padding)
    _printf_post_padding                     0x080058a5   Thumb Code    36  printfa.o(i._printf_post_padding)
    i._printf_pre_padding                    0x080058c8   Section        0  printfa.o(i._printf_pre_padding)
    _printf_pre_padding                      0x080058c9   Thumb Code    46  printfa.o(i._printf_pre_padding)
    i._sputc                                 0x080058f6   Section        0  printfa.o(i._sputc)
    _sputc                                   0x080058f7   Thumb Code    10  printfa.o(i._sputc)
    i.adc_task                               0x08005900   Section        0  adc.o(i.adc_task)
    i.delay1                                 0x08005af8   Section        0  i2c_hal.o(i.delay1)
    delay1                                   0x08005af9   Thumb Code    12  i2c_hal.o(i.delay1)
    i.eeprom_init                            0x08005b04   Section        0  i2c_hal.o(i.eeprom_init)
    i.eeprom_read                            0x08005b3c   Section        0  i2c_hal.o(i.eeprom_read)
    i.eeprom_write                           0x08005b7c   Section        0  i2c_hal.o(i.eeprom_write)
    i.fputc                                  0x08005bac   Section        0  usart.o(i.fputc)
    i.key_init                               0x08005bc4   Section        0  tim.o(i.key_init)
    i.key_scan                               0x08005bd0   Section        0  tim.o(i.key_scan)
    i.key_task                               0x08005c7c   Section        0  tim.o(i.key_task)
    i.led_init                               0x08005e94   Section        0  gpio.o(i.led_init)
    i.led_on_by_8bits                        0x08005ec4   Section        0  gpio.o(i.led_on_by_8bits)
    i.led_task                               0x08005f1c   Section        0  gpio.o(i.led_task)
    i.main                                   0x08005f64   Section        0  main.o(i.main)
    i.pwm_init                               0x08005fe4   Section        0  tim.o(i.pwm_init)
    i.pwm_out_set_fre_duty                   0x08006000   Section        0  tim.o(i.pwm_out_set_fre_duty)
    i.pwm_task                               0x08006038   Section        0  tim.o(i.pwm_task)
    i.show_init                              0x08006074   Section        0  lcd.o(i.show_init)
    i.show_task                              0x080060b0   Section        0  lcd.o(i.show_task)
    i.uart_init                              0x080063a4   Section        0  usart.o(i.uart_init)
    i.uart_task                              0x080063b8   Section        0  usart.o(i.uart_task)
    .constdata                               0x080064c4   Section       24  stm32g4xx_hal_uart.o(.constdata)
    .constdata                               0x080064dc   Section       16  stm32g4xx_hal_uart_ex.o(.constdata)
    numerator                                0x080064dc   Data           8  stm32g4xx_hal_uart_ex.o(.constdata)
    denominator                              0x080064e4   Data           8  stm32g4xx_hal_uart_ex.o(.constdata)
    .constdata                               0x080064ec   Section       16  system_stm32g4xx.o(.constdata)
    .constdata                               0x080064fc   Section        8  system_stm32g4xx.o(.constdata)
    .constdata                               0x08006504   Section     4560  lcd.o(.constdata)
    .data                                    0x20000000   Section        1  gpio.o(.data)
    .data                                    0x20000008   Section       64  adc.o(.data)
    .data                                    0x20000048   Section       12  tim.o(.data)
    .data                                    0x20000054   Section        2  usart.o(.data)
    .data                                    0x20000058   Section       16  stm32g4xx_it.o(.data)
    .data                                    0x20000068   Section       12  stm32g4xx_hal.o(.data)
    .data                                    0x20000074   Section        4  system_stm32g4xx.o(.data)
    .data                                    0x20000078   Section       68  lcd.o(.data)
    TextColor                                0x2000007e   Data           2  lcd.o(.data)
    BackColor                                0x20000080   Data           2  lcd.o(.data)
    .data                                    0x200000bc   Section        4  stdout.o(.data)
    .bss                                     0x200000c0   Section      108  adc.o(.bss)
    .bss                                     0x2000012c   Section      276  tim.o(.bss)
    .bss                                     0x20000240   Section      276  usart.o(.bss)
    .bss                                     0x20000354   Section       20  lcd.o(.bss)
    STACK                                    0x20000368   Section     1024  startup_stm32g431xx.o(STACK)

    Global Symbols

    Symbol Name                              Value     Ov Type        Size  Object(Section)

    BuildAttributes$$THM_ISAv4$E$P$D$K$B$S$7EM$VFPi3$EXTD16$VFPS$VFMA$PE$A:L22UL41UL21$X:L11$S22US41US21$IEEE1$IW$USESV6$~STKCKD$USESV7$~SHL$OTIME$ROPI$EBA8$MICROLIB$REQ8$PRES8$EABIv2 0x00000000   Number         0  anon$$obj.o ABSOLUTE
    __ARM_use_no_argv                        0x00000000   Number         0  main.o ABSOLUTE
    _printf_a                                0x00000000   Number         0  stubs.o ABSOLUTE
    _printf_c                                0x00000000   Number         0  stubs.o ABSOLUTE
    _printf_charcount                        0x00000000   Number         0  stubs.o ABSOLUTE
    _printf_d                                0x00000000   Number         0  stubs.o ABSOLUTE
    _printf_e                                0x00000000   Number         0  stubs.o ABSOLUTE
    _printf_f                                0x00000000   Number         0  stubs.o ABSOLUTE
    _printf_flags                            0x00000000   Number         0  stubs.o ABSOLUTE
    _printf_fp_dec                           0x00000000   Number         0  stubs.o ABSOLUTE
    _printf_fp_hex                           0x00000000   Number         0  stubs.o ABSOLUTE
    _printf_g                                0x00000000   Number         0  stubs.o ABSOLUTE
    _printf_i                                0x00000000   Number         0  stubs.o ABSOLUTE
    _printf_int_dec                          0x00000000   Number         0  stubs.o ABSOLUTE
    _printf_l                                0x00000000   Number         0  stubs.o ABSOLUTE
    _printf_lc                               0x00000000   Number         0  stubs.o ABSOLUTE
    _printf_ll                               0x00000000   Number         0  stubs.o ABSOLUTE
    _printf_lld                              0x00000000   Number         0  stubs.o ABSOLUTE
    _printf_lli                              0x00000000   Number         0  stubs.o ABSOLUTE
    _printf_llo                              0x00000000   Number         0  stubs.o ABSOLUTE
    _printf_llu                              0x00000000   Number         0  stubs.o ABSOLUTE
    _printf_llx                              0x00000000   Number         0  stubs.o ABSOLUTE
    _printf_longlong_dec                     0x00000000   Number         0  stubs.o ABSOLUTE
    _printf_longlong_hex                     0x00000000   Number         0  stubs.o ABSOLUTE
    _printf_longlong_oct                     0x00000000   Number         0  stubs.o ABSOLUTE
    _printf_ls                               0x00000000   Number         0  stubs.o ABSOLUTE
    _printf_mbtowc                           0x00000000   Number         0  stubs.o ABSOLUTE
    _printf_n                                0x00000000   Number         0  stubs.o ABSOLUTE
    _printf_o                                0x00000000   Number         0  stubs.o ABSOLUTE
    _printf_p                                0x00000000   Number         0  stubs.o ABSOLUTE
    _printf_percent                          0x00000000   Number         0  stubs.o ABSOLUTE
    _printf_pre_padding                      0x00000000   Number         0  stubs.o ABSOLUTE
    _printf_return_value                     0x00000000   Number         0  stubs.o ABSOLUTE
    _printf_s                                0x00000000   Number         0  stubs.o ABSOLUTE
    _printf_sizespec                         0x00000000   Number         0  stubs.o ABSOLUTE
    _printf_str                              0x00000000   Number         0  stubs.o ABSOLUTE
    _printf_truncate_signed                  0x00000000   Number         0  stubs.o ABSOLUTE
    _printf_truncate_unsigned                0x00000000   Number         0  stubs.o ABSOLUTE
    _printf_u                                0x00000000   Number         0  stubs.o ABSOLUTE
    _printf_wc                               0x00000000   Number         0  stubs.o ABSOLUTE
    _printf_wctomb                           0x00000000   Number         0  stubs.o ABSOLUTE
    _printf_widthprec                        0x00000000   Number         0  stubs.o ABSOLUTE
    _printf_x                                0x00000000   Number         0  stubs.o ABSOLUTE
    __cpp_initialize__aeabi_                  - Undefined Weak Reference
    __cxa_finalize                            - Undefined Weak Reference
    __decompress                              - Undefined Weak Reference
    _clock_init                               - Undefined Weak Reference
    _microlib_exit                            - Undefined Weak Reference
    __Vectors_Size                           0x000001d8   Number         0  startup_stm32g431xx.o ABSOLUTE
    __Vectors                                0x08000000   Data           4  startup_stm32g431xx.o(RESET)
    __Vectors_End                            0x080001d8   Data           0  startup_stm32g431xx.o(RESET)
    __main                                   0x080001d9   Thumb Code     0  entry.o(.ARM.Collect$$$$00000000)
    _main_stk                                0x080001d9   Thumb Code     0  entry2.o(.ARM.Collect$$$$00000001)
    _main_scatterload                        0x080001dd   Thumb Code     0  entry5.o(.ARM.Collect$$$$00000004)
    __main_after_scatterload                 0x080001e1   Thumb Code     0  entry5.o(.ARM.Collect$$$$00000004)
    _main_clock                              0x080001e1   Thumb Code     0  entry7b.o(.ARM.Collect$$$$00000008)
    _main_cpp_init                           0x080001e1   Thumb Code     0  entry8b.o(.ARM.Collect$$$$0000000A)
    _main_init                               0x080001e1   Thumb Code     0  entry9a.o(.ARM.Collect$$$$0000000B)
    __rt_final_cpp                           0x080001e9   Thumb Code     0  entry10a.o(.ARM.Collect$$$$0000000D)
    __rt_final_exit                          0x080001e9   Thumb Code     0  entry11a.o(.ARM.Collect$$$$0000000F)
    Reset_Handler                            0x080001ed   Thumb Code     8  startup_stm32g431xx.o(.text)
    ADC1_2_IRQHandler                        0x08000207   Thumb Code     0  startup_stm32g431xx.o(.text)
    COMP1_2_3_IRQHandler                     0x08000207   Thumb Code     0  startup_stm32g431xx.o(.text)
    COMP4_IRQHandler                         0x08000207   Thumb Code     0  startup_stm32g431xx.o(.text)
    CORDIC_IRQHandler                        0x08000207   Thumb Code     0  startup_stm32g431xx.o(.text)
    CRS_IRQHandler                           0x08000207   Thumb Code     0  startup_stm32g431xx.o(.text)
    DMA1_Channel1_IRQHandler                 0x08000207   Thumb Code     0  startup_stm32g431xx.o(.text)
    DMA1_Channel2_IRQHandler                 0x08000207   Thumb Code     0  startup_stm32g431xx.o(.text)
    DMA1_Channel3_IRQHandler                 0x08000207   Thumb Code     0  startup_stm32g431xx.o(.text)
    DMA1_Channel4_IRQHandler                 0x08000207   Thumb Code     0  startup_stm32g431xx.o(.text)
    DMA1_Channel5_IRQHandler                 0x08000207   Thumb Code     0  startup_stm32g431xx.o(.text)
    DMA1_Channel6_IRQHandler                 0x08000207   Thumb Code     0  startup_stm32g431xx.o(.text)
    DMA2_Channel1_IRQHandler                 0x08000207   Thumb Code     0  startup_stm32g431xx.o(.text)
    DMA2_Channel2_IRQHandler                 0x08000207   Thumb Code     0  startup_stm32g431xx.o(.text)
    DMA2_Channel3_IRQHandler                 0x08000207   Thumb Code     0  startup_stm32g431xx.o(.text)
    DMA2_Channel4_IRQHandler                 0x08000207   Thumb Code     0  startup_stm32g431xx.o(.text)
    DMA2_Channel5_IRQHandler                 0x08000207   Thumb Code     0  startup_stm32g431xx.o(.text)
    DMA2_Channel6_IRQHandler                 0x08000207   Thumb Code     0  startup_stm32g431xx.o(.text)
    DMAMUX_OVR_IRQHandler                    0x08000207   Thumb Code     0  startup_stm32g431xx.o(.text)
    EXTI0_IRQHandler                         0x08000207   Thumb Code     0  startup_stm32g431xx.o(.text)
    EXTI15_10_IRQHandler                     0x08000207   Thumb Code     0  startup_stm32g431xx.o(.text)
    EXTI1_IRQHandler                         0x08000207   Thumb Code     0  startup_stm32g431xx.o(.text)
    EXTI2_IRQHandler                         0x08000207   Thumb Code     0  startup_stm32g431xx.o(.text)
    EXTI3_IRQHandler                         0x08000207   Thumb Code     0  startup_stm32g431xx.o(.text)
    EXTI4_IRQHandler                         0x08000207   Thumb Code     0  startup_stm32g431xx.o(.text)
    EXTI9_5_IRQHandler                       0x08000207   Thumb Code     0  startup_stm32g431xx.o(.text)
    FDCAN1_IT0_IRQHandler                    0x08000207   Thumb Code     0  startup_stm32g431xx.o(.text)
    FDCAN1_IT1_IRQHandler                    0x08000207   Thumb Code     0  startup_stm32g431xx.o(.text)
    FLASH_IRQHandler                         0x08000207   Thumb Code     0  startup_stm32g431xx.o(.text)
    FMAC_IRQHandler                          0x08000207   Thumb Code     0  startup_stm32g431xx.o(.text)
    FPU_IRQHandler                           0x08000207   Thumb Code     0  startup_stm32g431xx.o(.text)
    I2C1_ER_IRQHandler                       0x08000207   Thumb Code     0  startup_stm32g431xx.o(.text)
    I2C1_EV_IRQHandler                       0x08000207   Thumb Code     0  startup_stm32g431xx.o(.text)
    I2C2_ER_IRQHandler                       0x08000207   Thumb Code     0  startup_stm32g431xx.o(.text)
    I2C2_EV_IRQHandler                       0x08000207   Thumb Code     0  startup_stm32g431xx.o(.text)
    I2C3_ER_IRQHandler                       0x08000207   Thumb Code     0  startup_stm32g431xx.o(.text)
    I2C3_EV_IRQHandler                       0x08000207   Thumb Code     0  startup_stm32g431xx.o(.text)
    LPTIM1_IRQHandler                        0x08000207   Thumb Code     0  startup_stm32g431xx.o(.text)
    LPUART1_IRQHandler                       0x08000207   Thumb Code     0  startup_stm32g431xx.o(.text)
    PVD_PVM_IRQHandler                       0x08000207   Thumb Code     0  startup_stm32g431xx.o(.text)
    RCC_IRQHandler                           0x08000207   Thumb Code     0  startup_stm32g431xx.o(.text)
    RNG_IRQHandler                           0x08000207   Thumb Code     0  startup_stm32g431xx.o(.text)
    RTC_Alarm_IRQHandler                     0x08000207   Thumb Code     0  startup_stm32g431xx.o(.text)
    RTC_TAMP_LSECSS_IRQHandler               0x08000207   Thumb Code     0  startup_stm32g431xx.o(.text)
    RTC_WKUP_IRQHandler                      0x08000207   Thumb Code     0  startup_stm32g431xx.o(.text)
    SAI1_IRQHandler                          0x08000207   Thumb Code     0  startup_stm32g431xx.o(.text)
    SPI1_IRQHandler                          0x08000207   Thumb Code     0  startup_stm32g431xx.o(.text)
    SPI2_IRQHandler                          0x08000207   Thumb Code     0  startup_stm32g431xx.o(.text)
    SPI3_IRQHandler                          0x08000207   Thumb Code     0  startup_stm32g431xx.o(.text)
    TIM1_BRK_TIM15_IRQHandler                0x08000207   Thumb Code     0  startup_stm32g431xx.o(.text)
    TIM1_CC_IRQHandler                       0x08000207   Thumb Code     0  startup_stm32g431xx.o(.text)
    TIM1_TRG_COM_TIM17_IRQHandler            0x08000207   Thumb Code     0  startup_stm32g431xx.o(.text)
    TIM1_UP_TIM16_IRQHandler                 0x08000207   Thumb Code     0  startup_stm32g431xx.o(.text)
    TIM3_IRQHandler                          0x08000207   Thumb Code     0  startup_stm32g431xx.o(.text)
    TIM6_DAC_IRQHandler                      0x08000207   Thumb Code     0  startup_stm32g431xx.o(.text)
    TIM7_IRQHandler                          0x08000207   Thumb Code     0  startup_stm32g431xx.o(.text)
    TIM8_BRK_IRQHandler                      0x08000207   Thumb Code     0  startup_stm32g431xx.o(.text)
    TIM8_CC_IRQHandler                       0x08000207   Thumb Code     0  startup_stm32g431xx.o(.text)
    TIM8_TRG_COM_IRQHandler                  0x08000207   Thumb Code     0  startup_stm32g431xx.o(.text)
    TIM8_UP_IRQHandler                       0x08000207   Thumb Code     0  startup_stm32g431xx.o(.text)
    UART4_IRQHandler                         0x08000207   Thumb Code     0  startup_stm32g431xx.o(.text)
    UCPD1_IRQHandler                         0x08000207   Thumb Code     0  startup_stm32g431xx.o(.text)
    USART2_IRQHandler                        0x08000207   Thumb Code     0  startup_stm32g431xx.o(.text)
    USART3_IRQHandler                        0x08000207   Thumb Code     0  startup_stm32g431xx.o(.text)
    USBWakeUp_IRQHandler                     0x08000207   Thumb Code     0  startup_stm32g431xx.o(.text)
    USB_HP_IRQHandler                        0x08000207   Thumb Code     0  startup_stm32g431xx.o(.text)
    USB_LP_IRQHandler                        0x08000207   Thumb Code     0  startup_stm32g431xx.o(.text)
    WWDG_IRQHandler                          0x08000207   Thumb Code     0  startup_stm32g431xx.o(.text)
    __aeabi_uldivmod                         0x08000211   Thumb Code    98  uldiv.o(.text)
    __aeabi_memset                           0x08000273   Thumb Code    14  memseta.o(.text)
    __aeabi_memset4                          0x08000273   Thumb Code     0  memseta.o(.text)
    __aeabi_memset8                          0x08000273   Thumb Code     0  memseta.o(.text)
    __aeabi_memclr                           0x08000281   Thumb Code     4  memseta.o(.text)
    __aeabi_memclr4                          0x08000281   Thumb Code     0  memseta.o(.text)
    __aeabi_memclr8                          0x08000281   Thumb Code     0  memseta.o(.text)
    _memset$wrapper                          0x08000285   Thumb Code    18  memseta.o(.text)
    __aeabi_dadd                             0x08000297   Thumb Code   322  dadd.o(.text)
    __aeabi_dsub                             0x080003d9   Thumb Code     6  dadd.o(.text)
    __aeabi_drsub                            0x080003df   Thumb Code     6  dadd.o(.text)
    __aeabi_dmul                             0x080003e5   Thumb Code   228  dmul.o(.text)
    __aeabi_ddiv                             0x080004c9   Thumb Code   222  ddiv.o(.text)
    __aeabi_ui2d                             0x080005a7   Thumb Code    26  dfltui.o(.text)
    __aeabi_f2d                              0x080005c1   Thumb Code    38  f2d.o(.text)
    __aeabi_d2f                              0x080005e7   Thumb Code    56  d2f.o(.text)
    __aeabi_uidiv                            0x0800061f   Thumb Code     0  uidiv.o(.text)
    __aeabi_uidivmod                         0x0800061f   Thumb Code    44  uidiv.o(.text)
    __aeabi_llsl                             0x0800064b   Thumb Code    30  llshl.o(.text)
    _ll_shift_l                              0x0800064b   Thumb Code     0  llshl.o(.text)
    __aeabi_llsr                             0x08000669   Thumb Code    32  llushr.o(.text)
    _ll_ushift_r                             0x08000669   Thumb Code     0  llushr.o(.text)
    __aeabi_lasr                             0x08000689   Thumb Code    36  llsshr.o(.text)
    _ll_sshift_r                             0x08000689   Thumb Code     0  llsshr.o(.text)
    __I$use$fp                               0x080006ad   Thumb Code     0  iusefp.o(.text)
    _float_round                             0x080006ad   Thumb Code    18  fepilogue.o(.text)
    _float_epilogue                          0x080006bf   Thumb Code    92  fepilogue.o(.text)
    _double_round                            0x0800071b   Thumb Code    30  depilogue.o(.text)
    _double_epilogue                         0x08000739   Thumb Code   156  depilogue.o(.text)
    __aeabi_d2ulz                            0x080007d5   Thumb Code    48  dfixul.o(.text)
    __aeabi_cdrcmple                         0x08000805   Thumb Code    48  cdrcmple.o(.text)
    __scatterload                            0x08000835   Thumb Code    28  init.o(.text)
    __scatterload_rt2                        0x08000835   Thumb Code     0  init.o(.text)
    ADC_Disable                              0x08000859   Thumb Code   106  stm32g4xx_hal_adc.o(i.ADC_Disable)
    ADC_Enable                               0x080008c9   Thumb Code   154  stm32g4xx_hal_adc.o(i.ADC_Enable)
    BusFault_Handler                         0x08000975   Thumb Code     2  stm32g4xx_it.o(i.BusFault_Handler)
    DebugMon_Handler                         0x08000977   Thumb Code     2  stm32g4xx_it.o(i.DebugMon_Handler)
    Delay_LCD                                0x08000979   Thumb Code    28  lcd.o(i.Delay_LCD)
    Error_Handler                            0x08000995   Thumb Code     4  main.o(i.Error_Handler)
    HAL_ADCEx_Calibration_Start              0x08000999   Thumb Code   138  stm32g4xx_hal_adc_ex.o(i.HAL_ADCEx_Calibration_Start)
    HAL_ADC_ConfigChannel                    0x08000a2d   Thumb Code  1006  stm32g4xx_hal_adc.o(i.HAL_ADC_ConfigChannel)
    HAL_ADC_GetValue                         0x08000e51   Thumb Code     6  stm32g4xx_hal_adc.o(i.HAL_ADC_GetValue)
    HAL_ADC_Init                             0x08000e59   Thumb Code   466  stm32g4xx_hal_adc.o(i.HAL_ADC_Init)
    HAL_ADC_MspInit                          0x0800104d   Thumb Code   110  adc.o(i.HAL_ADC_MspInit)
    HAL_ADC_Start                            0x080010c5   Thumb Code   230  stm32g4xx_hal_adc.o(i.HAL_ADC_Start)
    HAL_DMA_Abort                            0x080011b9   Thumb Code   106  stm32g4xx_hal_dma.o(i.HAL_DMA_Abort)
    HAL_DMA_Abort_IT                         0x08001223   Thumb Code   120  stm32g4xx_hal_dma.o(i.HAL_DMA_Abort_IT)
    HAL_Delay                                0x0800129d   Thumb Code    32  stm32g4xx_hal.o(i.HAL_Delay)
    HAL_GPIO_Init                            0x080012c1   Thumb Code   550  stm32g4xx_hal_gpio.o(i.HAL_GPIO_Init)
    HAL_GPIO_ReadPin                         0x08001509   Thumb Code    10  stm32g4xx_hal_gpio.o(i.HAL_GPIO_ReadPin)
    HAL_GPIO_WritePin                        0x08001513   Thumb Code    10  stm32g4xx_hal_gpio.o(i.HAL_GPIO_WritePin)
    HAL_GetTick                              0x0800151d   Thumb Code     6  stm32g4xx_hal.o(i.HAL_GetTick)
    HAL_IncTick                              0x08001529   Thumb Code    12  stm32g4xx_hal.o(i.HAL_IncTick)
    HAL_Init                                 0x08001539   Thumb Code    30  stm32g4xx_hal.o(i.HAL_Init)
    HAL_InitTick                             0x08001559   Thumb Code    58  stm32g4xx_hal.o(i.HAL_InitTick)
    HAL_MspInit                              0x0800159d   Thumb Code    42  stm32g4xx_hal_msp.o(i.HAL_MspInit)
    HAL_NVIC_EnableIRQ                       0x080015cd   Thumb Code    26  stm32g4xx_hal_cortex.o(i.HAL_NVIC_EnableIRQ)
    HAL_NVIC_SetPriority                     0x080015e9   Thumb Code    60  stm32g4xx_hal_cortex.o(i.HAL_NVIC_SetPriority)
    HAL_NVIC_SetPriorityGrouping             0x08001629   Thumb Code    26  stm32g4xx_hal_cortex.o(i.HAL_NVIC_SetPriorityGrouping)
    HAL_PWREx_ControlVoltageScaling          0x0800164d   Thumb Code   174  stm32g4xx_hal_pwr_ex.o(i.HAL_PWREx_ControlVoltageScaling)
    HAL_PWREx_DisableUCPDDeadBattery         0x08001709   Thumb Code    12  stm32g4xx_hal_pwr_ex.o(i.HAL_PWREx_DisableUCPDDeadBattery)
    HAL_RCCEx_PeriphCLKConfig                0x08001719   Thumb Code   638  stm32g4xx_hal_rcc_ex.o(i.HAL_RCCEx_PeriphCLKConfig)
    HAL_RCC_ClockConfig                      0x080019a1   Thumb Code   444  stm32g4xx_hal_rcc.o(i.HAL_RCC_ClockConfig)
    HAL_RCC_GetPCLK1Freq                     0x08001b7d   Thumb Code    24  stm32g4xx_hal_rcc.o(i.HAL_RCC_GetPCLK1Freq)
    HAL_RCC_GetPCLK2Freq                     0x08001ba1   Thumb Code    24  stm32g4xx_hal_rcc.o(i.HAL_RCC_GetPCLK2Freq)
    HAL_RCC_GetSysClockFreq                  0x08001bc5   Thumb Code    98  stm32g4xx_hal_rcc.o(i.HAL_RCC_GetSysClockFreq)
    HAL_RCC_OscConfig                        0x08001c35   Thumb Code  1028  stm32g4xx_hal_rcc.o(i.HAL_RCC_OscConfig)
    HAL_SYSTICK_Config                       0x08002039   Thumb Code    40  stm32g4xx_hal_cortex.o(i.HAL_SYSTICK_Config)
    HAL_TIMEx_Break2Callback                 0x08002061   Thumb Code     2  stm32g4xx_hal_tim_ex.o(i.HAL_TIMEx_Break2Callback)
    HAL_TIMEx_BreakCallback                  0x08002063   Thumb Code     2  stm32g4xx_hal_tim_ex.o(i.HAL_TIMEx_BreakCallback)
    HAL_TIMEx_CommutCallback                 0x08002065   Thumb Code     2  stm32g4xx_hal_tim_ex.o(i.HAL_TIMEx_CommutCallback)
    HAL_TIMEx_DirectionChangeCallback        0x08002067   Thumb Code     2  stm32g4xx_hal_tim_ex.o(i.HAL_TIMEx_DirectionChangeCallback)
    HAL_TIMEx_EncoderIndexCallback           0x08002069   Thumb Code     2  stm32g4xx_hal_tim_ex.o(i.HAL_TIMEx_EncoderIndexCallback)
    HAL_TIMEx_IndexErrorCallback             0x0800206b   Thumb Code     2  stm32g4xx_hal_tim_ex.o(i.HAL_TIMEx_IndexErrorCallback)
    HAL_TIMEx_MasterConfigSynchronization    0x0800206d   Thumb Code   132  stm32g4xx_hal_tim_ex.o(i.HAL_TIMEx_MasterConfigSynchronization)
    HAL_TIMEx_TransitionErrorCallback        0x08002109   Thumb Code     2  stm32g4xx_hal_tim_ex.o(i.HAL_TIMEx_TransitionErrorCallback)
    HAL_TIM_Base_Init                        0x0800210b   Thumb Code    98  stm32g4xx_hal_tim.o(i.HAL_TIM_Base_Init)
    HAL_TIM_Base_MspInit                     0x0800216d   Thumb Code   162  tim.o(i.HAL_TIM_Base_MspInit)
    HAL_TIM_Base_Start_IT                    0x0800221d   Thumb Code    94  stm32g4xx_hal_tim.o(i.HAL_TIM_Base_Start_IT)
    HAL_TIM_ConfigClockSource                0x08002295   Thumb Code   246  stm32g4xx_hal_tim.o(i.HAL_TIM_ConfigClockSource)
    HAL_TIM_IC_CaptureCallback               0x08002395   Thumb Code    78  tim.o(i.HAL_TIM_IC_CaptureCallback)
    HAL_TIM_IC_ConfigChannel                 0x080023f5   Thumb Code   292  stm32g4xx_hal_tim.o(i.HAL_TIM_IC_ConfigChannel)
    HAL_TIM_IC_Init                          0x08002519   Thumb Code    98  stm32g4xx_hal_tim.o(i.HAL_TIM_IC_Init)
    HAL_TIM_IC_MspInit                       0x0800257b   Thumb Code     2  stm32g4xx_hal_tim.o(i.HAL_TIM_IC_MspInit)
    HAL_TIM_IC_Start_IT                      0x0800257d   Thumb Code   274  stm32g4xx_hal_tim.o(i.HAL_TIM_IC_Start_IT)
    HAL_TIM_IRQHandler                       0x080026a9   Thumb Code   418  stm32g4xx_hal_tim.o(i.HAL_TIM_IRQHandler)
    HAL_TIM_MspPostInit                      0x0800284d   Thumb Code    70  tim.o(i.HAL_TIM_MspPostInit)
    HAL_TIM_OC_DelayElapsedCallback          0x0800289d   Thumb Code     2  stm32g4xx_hal_tim.o(i.HAL_TIM_OC_DelayElapsedCallback)
    HAL_TIM_PWM_ConfigChannel                0x0800289f   Thumb Code   292  stm32g4xx_hal_tim.o(i.HAL_TIM_PWM_ConfigChannel)
    HAL_TIM_PWM_Init                         0x080029c3   Thumb Code    98  stm32g4xx_hal_tim.o(i.HAL_TIM_PWM_Init)
    HAL_TIM_PWM_MspInit                      0x08002a25   Thumb Code     2  stm32g4xx_hal_tim.o(i.HAL_TIM_PWM_MspInit)
    HAL_TIM_PWM_PulseFinishedCallback        0x08002a27   Thumb Code     2  stm32g4xx_hal_tim.o(i.HAL_TIM_PWM_PulseFinishedCallback)
    HAL_TIM_PWM_Start                        0x08002a29   Thumb Code   218  stm32g4xx_hal_tim.o(i.HAL_TIM_PWM_Start)
    HAL_TIM_PeriodElapsedCallback            0x08002b25   Thumb Code    90  tim.o(i.HAL_TIM_PeriodElapsedCallback)
    HAL_TIM_ReadCapturedValue                0x08002b99   Thumb Code    42  stm32g4xx_hal_tim.o(i.HAL_TIM_ReadCapturedValue)
    HAL_TIM_TriggerCallback                  0x08002bc3   Thumb Code     2  stm32g4xx_hal_tim.o(i.HAL_TIM_TriggerCallback)
    HAL_UARTEx_DisableFifoMode               0x08002bc5   Thumb Code    62  stm32g4xx_hal_uart_ex.o(i.HAL_UARTEx_DisableFifoMode)
    HAL_UARTEx_RxEventCallback               0x08002c03   Thumb Code     2  stm32g4xx_hal_uart.o(i.HAL_UARTEx_RxEventCallback)
    HAL_UARTEx_RxFifoFullCallback            0x08002c05   Thumb Code     2  stm32g4xx_hal_uart_ex.o(i.HAL_UARTEx_RxFifoFullCallback)
    HAL_UARTEx_SetRxFifoThreshold            0x08002c07   Thumb Code    76  stm32g4xx_hal_uart_ex.o(i.HAL_UARTEx_SetRxFifoThreshold)
    HAL_UARTEx_SetTxFifoThreshold            0x08002c53   Thumb Code    76  stm32g4xx_hal_uart_ex.o(i.HAL_UARTEx_SetTxFifoThreshold)
    HAL_UARTEx_TxFifoEmptyCallback           0x08002c9f   Thumb Code     2  stm32g4xx_hal_uart_ex.o(i.HAL_UARTEx_TxFifoEmptyCallback)
    HAL_UARTEx_WakeupCallback                0x08002ca1   Thumb Code     2  stm32g4xx_hal_uart_ex.o(i.HAL_UARTEx_WakeupCallback)
    HAL_UART_ErrorCallback                   0x08002ca3   Thumb Code     2  stm32g4xx_hal_uart.o(i.HAL_UART_ErrorCallback)
    HAL_UART_IRQHandler                      0x08002ca5   Thumb Code   766  stm32g4xx_hal_uart.o(i.HAL_UART_IRQHandler)
    HAL_UART_Init                            0x08002fb1   Thumb Code   106  stm32g4xx_hal_uart.o(i.HAL_UART_Init)
    HAL_UART_MspInit                         0x0800301d   Thumb Code   132  usart.o(i.HAL_UART_MspInit)
    HAL_UART_Receive_IT                      0x080030a9   Thumb Code    66  stm32g4xx_hal_uart.o(i.HAL_UART_Receive_IT)
    HAL_UART_RxCpltCallback                  0x080030f1   Thumb Code    36  usart.o(i.HAL_UART_RxCpltCallback)
    HAL_UART_Transmit                        0x08003121   Thumb Code   174  stm32g4xx_hal_uart.o(i.HAL_UART_Transmit)
    HAL_UART_TxCpltCallback                  0x080031cf   Thumb Code     2  stm32g4xx_hal_uart.o(i.HAL_UART_TxCpltCallback)
    HardFault_Handler                        0x080031d1   Thumb Code     2  stm32g4xx_it.o(i.HardFault_Handler)
    I2CInit                                  0x080031d5   Thumb Code    38  i2c_hal.o(i.I2CInit)
    I2CReceiveByte                           0x08003201   Thumb Code    78  i2c_hal.o(i.I2CReceiveByte)
    I2CSendByte                              0x0800324f   Thumb Code    78  i2c_hal.o(i.I2CSendByte)
    I2CSendNotAck                            0x0800329d   Thumb Code    48  i2c_hal.o(i.I2CSendNotAck)
    I2CStart                                 0x080032cd   Thumb Code    54  i2c_hal.o(i.I2CStart)
    I2CStop                                  0x08003303   Thumb Code    54  i2c_hal.o(i.I2CStop)
    I2CWaitAck                               0x08003339   Thumb Code    78  i2c_hal.o(i.I2CWaitAck)
    LCD_BusIn                                0x08003389   Thumb Code    40  lcd.o(i.LCD_BusIn)
    LCD_BusOut                               0x080033b5   Thumb Code    42  lcd.o(i.LCD_BusOut)
    LCD_Clear                                0x080033e5   Thumb Code    36  lcd.o(i.LCD_Clear)
    LCD_CtrlLinesConfig                      0x08003409   Thumb Code   134  lcd.o(i.LCD_CtrlLinesConfig)
    LCD_DisplayChar                          0x08003499   Thumb Code    18  lcd.o(i.LCD_DisplayChar)
    LCD_DisplayStringLine                    0x080034b1   Thumb Code    42  lcd.o(i.LCD_DisplayStringLine)
    LCD_DrawChar                             0x080034dd   Thumb Code    84  lcd.o(i.LCD_DrawChar)
    LCD_Init                                 0x08003535   Thumb Code    46  lcd.o(i.LCD_Init)
    LCD_ReadReg                              0x08003569   Thumb Code   120  lcd.o(i.LCD_ReadReg)
    LCD_SetCursor                            0x080035e9   Thumb Code    24  lcd.o(i.LCD_SetCursor)
    LCD_WriteRAM                             0x08003601   Thumb Code    90  lcd.o(i.LCD_WriteRAM)
    LCD_WriteRAM_Prepare                     0x08003665   Thumb Code    92  lcd.o(i.LCD_WriteRAM_Prepare)
    LCD_WriteReg                             0x080036c9   Thumb Code   108  lcd.o(i.LCD_WriteReg)
    MX_ADC2_Init                             0x08003789   Thumb Code   138  adc.o(i.MX_ADC2_Init)
    MX_GPIO_Init                             0x08003825   Thumb Code   196  gpio.o(i.MX_GPIO_Init)
    MX_TIM2_Init                             0x080038f9   Thumb Code   142  tim.o(i.MX_TIM2_Init)
    MX_TIM3_Init                             0x0800398d   Thumb Code   146  tim.o(i.MX_TIM3_Init)
    MX_TIM4_Init                             0x08003a29   Thumb Code    96  tim.o(i.MX_TIM4_Init)
    MX_USART1_UART_Init                      0x08003a91   Thumb Code    94  usart.o(i.MX_USART1_UART_Init)
    MemManage_Handler                        0x08003af9   Thumb Code     2  stm32g4xx_it.o(i.MemManage_Handler)
    NMI_Handler                              0x08003afb   Thumb Code     2  stm32g4xx_it.o(i.NMI_Handler)
    PendSV_Handler                           0x08003afd   Thumb Code     2  stm32g4xx_it.o(i.PendSV_Handler)
    REG_8230_Init                            0x08003aff   Thumb Code   274  lcd.o(i.REG_8230_Init)
    REG_932X_Init                            0x08003c11   Thumb Code   514  lcd.o(i.REG_932X_Init)
    SCL_Output                               0x08003e15   Thumb Code    20  i2c_hal.o(i.SCL_Output)
    SDA_Input                                0x08003e2d   Thumb Code    18  i2c_hal.o(i.SDA_Input)
    SDA_Input_Mode                           0x08003e45   Thumb Code    40  i2c_hal.o(i.SDA_Input_Mode)
    SDA_Output                               0x08003e71   Thumb Code    20  i2c_hal.o(i.SDA_Output)
    SDA_Output_Mode                          0x08003e89   Thumb Code    40  i2c_hal.o(i.SDA_Output_Mode)
    SVC_Handler                              0x08003eb5   Thumb Code     2  stm32g4xx_it.o(i.SVC_Handler)
    SysTick_Handler                          0x08003eb9   Thumb Code    62  stm32g4xx_it.o(i.SysTick_Handler)
    SystemClock_Config                       0x08003efd   Thumb Code   102  main.o(i.SystemClock_Config)
    SystemInit                               0x08003f65   Thumb Code    12  system_stm32g4xx.o(i.SystemInit)
    TIM2_IRQHandler                          0x08003f75   Thumb Code     6  stm32g4xx_it.o(i.TIM2_IRQHandler)
    TIM4_IRQHandler                          0x08003f81   Thumb Code     6  stm32g4xx_it.o(i.TIM4_IRQHandler)
    TIM_Base_SetConfig                       0x08003f8d   Thumb Code   160  stm32g4xx_hal_tim.o(i.TIM_Base_SetConfig)
    TIM_CCxChannelCmd                        0x08004049   Thumb Code    26  stm32g4xx_hal_tim.o(i.TIM_CCxChannelCmd)
    TIM_ETR_SetConfig                        0x08004063   Thumb Code    20  stm32g4xx_hal_tim.o(i.TIM_ETR_SetConfig)
    TIM_OC2_SetConfig                        0x08004129   Thumb Code   120  stm32g4xx_hal_tim.o(i.TIM_OC2_SetConfig)
    TIM_TI1_SetConfig                        0x080043dd   Thumb Code    88  stm32g4xx_hal_tim.o(i.TIM_TI1_SetConfig)
    UART_AdvFeatureConfig                    0x080044e9   Thumb Code   200  stm32g4xx_hal_uart.o(i.UART_AdvFeatureConfig)
    UART_CheckIdleState                      0x080045b1   Thumb Code   172  stm32g4xx_hal_uart.o(i.UART_CheckIdleState)
    UART_SetConfig                           0x08004b95   Thumb Code   582  stm32g4xx_hal_uart.o(i.UART_SetConfig)
    UART_Start_Receive_IT                    0x08004e09   Thumb Code   256  stm32g4xx_hal_uart.o(i.UART_Start_Receive_IT)
    UART_WaitOnFlagUntilTimeout              0x08004f19   Thumb Code   148  stm32g4xx_hal_uart.o(i.UART_WaitOnFlagUntilTimeout)
    USART1_IRQHandler                        0x08004fad   Thumb Code     6  stm32g4xx_it.o(i.USART1_IRQHandler)
    UsageFault_Handler                       0x08004fb9   Thumb Code     2  stm32g4xx_it.o(i.UsageFault_Handler)
    __0printf                                0x08004fbd   Thumb Code    22  printfa.o(i.__0printf)
    __1printf                                0x08004fbd   Thumb Code     0  printfa.o(i.__0printf)
    __2printf                                0x08004fbd   Thumb Code     0  printfa.o(i.__0printf)
    __c89printf                              0x08004fbd   Thumb Code     0  printfa.o(i.__0printf)
    printf                                   0x08004fbd   Thumb Code     0  printfa.o(i.__0printf)
    __0sprintf                               0x08004fdd   Thumb Code    34  printfa.o(i.__0sprintf)
    __1sprintf                               0x08004fdd   Thumb Code     0  printfa.o(i.__0sprintf)
    __2sprintf                               0x08004fdd   Thumb Code     0  printfa.o(i.__0sprintf)
    __c89sprintf                             0x08004fdd   Thumb Code     0  printfa.o(i.__0sprintf)
    sprintf                                  0x08004fdd   Thumb Code     0  printfa.o(i.__0sprintf)
    __scatterload_copy                       0x08005025   Thumb Code    14  handlers.o(i.__scatterload_copy)
    __scatterload_null                       0x08005033   Thumb Code     2  handlers.o(i.__scatterload_null)
    __scatterload_zeroinit                   0x08005035   Thumb Code    14  handlers.o(i.__scatterload_zeroinit)
    adc_task                                 0x08005901   Thumb Code   436  adc.o(i.adc_task)
    eeprom_init                              0x08005b05   Thumb Code    48  i2c_hal.o(i.eeprom_init)
    eeprom_read                              0x08005b3d   Thumb Code    64  i2c_hal.o(i.eeprom_read)
    eeprom_write                             0x08005b7d   Thumb Code    48  i2c_hal.o(i.eeprom_write)
    fputc                                    0x08005bad   Thumb Code    20  usart.o(i.fputc)
    key_init                                 0x08005bc5   Thumb Code     6  tim.o(i.key_init)
    key_scan                                 0x08005bd1   Thumb Code   162  tim.o(i.key_scan)
    key_task                                 0x08005c7d   Thumb Code   420  tim.o(i.key_task)
    led_init                                 0x08005e95   Thumb Code    40  gpio.o(i.led_init)
    led_on_by_8bits                          0x08005ec5   Thumb Code    74  gpio.o(i.led_on_by_8bits)
    led_task                                 0x08005f1d   Thumb Code    60  gpio.o(i.led_task)
    main                                     0x08005f65   Thumb Code   114  main.o(i.main)
    pwm_init                                 0x08005fe5   Thumb Code    24  tim.o(i.pwm_init)
    pwm_out_set_fre_duty                     0x08006001   Thumb Code    44  tim.o(i.pwm_out_set_fre_duty)
    pwm_task                                 0x08006039   Thumb Code    52  tim.o(i.pwm_task)
    show_init                                0x08006075   Thumb Code    56  lcd.o(i.show_init)
    show_task                                0x080060b1   Thumb Code   438  lcd.o(i.show_task)
    uart_init                                0x080063a5   Thumb Code    10  usart.o(i.uart_init)
    uart_task                                0x080063b9   Thumb Code   188  usart.o(i.uart_task)
    UARTPrescTable                           0x080064c4   Data          24  stm32g4xx_hal_uart.o(.constdata)
    AHBPrescTable                            0x080064ec   Data          16  system_stm32g4xx.o(.constdata)
    APBPrescTable                            0x080064fc   Data           8  system_stm32g4xx.o(.constdata)
    ASCII_Table                              0x08006504   Data        4560  lcd.o(.constdata)
    Region$$Table$$Base                      0x080076d4   Number         0  anon$$obj.o(Region$$Table)
    Region$$Table$$Limit                     0x080076f4   Number         0  anon$$obj.o(Region$$Table)
    led_8bits                                0x20000000   Data           1  gpio.o(.data)
    pa5_lock                                 0x20000008   Data           1  adc.o(.data)
    pa4_lock                                 0x20000009   Data           1  adc.o(.data)
    first4                                   0x2000000a   Data           1  adc.o(.data)
    first5                                   0x2000000b   Data           1  adc.o(.data)
    pa4                                      0x2000000c   Data           4  adc.o(.data)
    pa5                                      0x20000010   Data           4  adc.o(.data)
    a4                                       0x20000014   Data           4  adc.o(.data)
    a5                                       0x20000018   Data           4  adc.o(.data)
    t4                                       0x2000001c   Data           4  adc.o(.data)
    t5                                       0x20000020   Data           4  adc.o(.data)
    h4                                       0x20000024   Data           4  adc.o(.data)
    h5                                       0x20000028   Data           4  adc.o(.data)
    tmp_data                                 0x2000002c   Data           8  adc.o(.data)
    pa4_sum                                  0x20000038   Data           8  adc.o(.data)
    pa5_sum                                  0x20000040   Data           8  adc.o(.data)
    pwm_output_mode                          0x20000048   Data           1  tim.o(.data)
    key4_flag                                0x20000049   Data           1  tim.o(.data)
    led3_count                               0x2000004c   Data           4  tim.o(.data)
    pa1_fre                                  0x20000050   Data           4  tim.o(.data)
    ptr                                      0x20000054   Data           1  usart.o(.data)
    data                                     0x20000055   Data           1  usart.o(.data)
    pwm_task_flag                            0x20000058   Data           1  stm32g4xx_it.o(.data)
    uart_task_flag                           0x20000059   Data           1  stm32g4xx_it.o(.data)
    show_task_flag                           0x2000005a   Data           1  stm32g4xx_it.o(.data)
    pwm_task_cnt                             0x2000005c   Data           4  stm32g4xx_it.o(.data)
    uart_task_cnt                            0x20000060   Data           4  stm32g4xx_it.o(.data)
    show_task_cnt                            0x20000064   Data           4  stm32g4xx_it.o(.data)
    uwTickPrio                               0x20000068   Data           4  stm32g4xx_hal.o(.data)
    uwTickFreq                               0x2000006c   Data           4  stm32g4xx_hal.o(.data)
    uwTick                                   0x20000070   Data           4  stm32g4xx_hal.o(.data)
    SystemCoreClock                          0x20000074   Data           4  system_stm32g4xx.o(.data)
    show_num                                 0x20000078   Data           1  lcd.o(.data)
    X                                        0x20000079   Data           1  lcd.o(.data)
    Y                                        0x2000007a   Data           1  lcd.o(.data)
    pa_num                                   0x2000007b   Data           1  lcd.o(.data)
    lcd_mode                                 0x2000007c   Data           1  lcd.o(.data)
    dummy                                    0x20000082   Data           2  lcd.o(.data)
    PA4                                      0x20000084   Data           4  lcd.o(.data)
    PA5                                      0x20000088   Data           4  lcd.o(.data)
    N                                        0x2000008c   Data           4  lcd.o(.data)
    N_4                                      0x20000090   Data           4  lcd.o(.data)
    N_5                                      0x20000094   Data           4  lcd.o(.data)
    A                                        0x20000098   Data           4  lcd.o(.data)
    T                                        0x2000009c   Data           4  lcd.o(.data)
    H                                        0x200000a0   Data           4  lcd.o(.data)
    A_4                                      0x200000a4   Data           4  lcd.o(.data)
    A_5                                      0x200000a8   Data           4  lcd.o(.data)
    T_4                                      0x200000ac   Data           4  lcd.o(.data)
    T_5                                      0x200000b0   Data           4  lcd.o(.data)
    H_4                                      0x200000b4   Data           4  lcd.o(.data)
    H_5                                      0x200000b8   Data           4  lcd.o(.data)
    __stdout                                 0x200000bc   Data           4  stdout.o(.data)
    hadc2                                    0x200000c0   Data         108  adc.o(.bss)
    key_buffer                               0x2000012c   Data          48  tim.o(.bss)
    htim2                                    0x2000015c   Data          76  tim.o(.bss)
    htim3                                    0x200001a8   Data          76  tim.o(.bss)
    htim4                                    0x200001f4   Data          76  tim.o(.bss)
    rx_data                                  0x20000240   Data         128  usart.o(.bss)
    huart1                                   0x200002c0   Data         148  usart.o(.bss)
    show_buffer                              0x20000354   Data          20  lcd.o(.bss)
    __initial_sp                             0x20000768   Data           0  startup_stm32g431xx.o(STACK)



==============================================================================

Memory Map of the image

  Image Entry point : 0x080001d9

  Load Region LR_IROM1 (Base: 0x08000000, Size: 0x000077b4, Max: 0x00020000, ABSOLUTE)

    Execution Region ER_IROM1 (Exec base: 0x08000000, Load base: 0x08000000, Size: 0x000076f4, Max: 0x00020000, ABSOLUTE)

    Exec Addr    Load Addr    Size         Type   Attr      Idx    E Section Name        Object

    0x08000000   0x08000000   0x000001d8   Data   RO            3    RESET               startup_stm32g431xx.o
    0x080001d8   0x080001d8   0x00000000   Code   RO         4582  * .ARM.Collect$$$$00000000  mc_w.l(entry.o)
    0x080001d8   0x080001d8   0x00000004   Code   RO         4862    .ARM.Collect$$$$00000001  mc_w.l(entry2.o)
    0x080001dc   0x080001dc   0x00000004   Code   RO         4865    .ARM.Collect$$$$00000004  mc_w.l(entry5.o)
    0x080001e0   0x080001e0   0x00000000   Code   RO         4867    .ARM.Collect$$$$00000008  mc_w.l(entry7b.o)
    0x080001e0   0x080001e0   0x00000000   Code   RO         4869    .ARM.Collect$$$$0000000A  mc_w.l(entry8b.o)
    0x080001e0   0x080001e0   0x00000008   Code   RO         4870    .ARM.Collect$$$$0000000B  mc_w.l(entry9a.o)
    0x080001e8   0x080001e8   0x00000000   Code   RO         4872    .ARM.Collect$$$$0000000D  mc_w.l(entry10a.o)
    0x080001e8   0x080001e8   0x00000000   Code   RO         4874    .ARM.Collect$$$$0000000F  mc_w.l(entry11a.o)
    0x080001e8   0x080001e8   0x00000004   Code   RO         4863    .ARM.Collect$$$$00002712  mc_w.l(entry2.o)
    0x080001ec   0x080001ec   0x00000024   Code   RO            4    .text               startup_stm32g431xx.o
    0x08000210   0x08000210   0x00000062   Code   RO         4585    .text               mc_w.l(uldiv.o)
    0x08000272   0x08000272   0x00000024   Code   RO         4587    .text               mc_w.l(memseta.o)
    0x08000296   0x08000296   0x0000014e   Code   RO         4850    .text               mf_w.l(dadd.o)
    0x080003e4   0x080003e4   0x000000e4   Code   RO         4852    .text               mf_w.l(dmul.o)
    0x080004c8   0x080004c8   0x000000de   Code   RO         4854    .text               mf_w.l(ddiv.o)
    0x080005a6   0x080005a6   0x0000001a   Code   RO         4856    .text               mf_w.l(dfltui.o)
    0x080005c0   0x080005c0   0x00000026   Code   RO         4858    .text               mf_w.l(f2d.o)
    0x080005e6   0x080005e6   0x00000038   Code   RO         4860    .text               mf_w.l(d2f.o)
    0x0800061e   0x0800061e   0x0000002c   Code   RO         4877    .text               mc_w.l(uidiv.o)
    0x0800064a   0x0800064a   0x0000001e   Code   RO         4879    .text               mc_w.l(llshl.o)
    0x08000668   0x08000668   0x00000020   Code   RO         4881    .text               mc_w.l(llushr.o)
    0x08000688   0x08000688   0x00000024   Code   RO         4883    .text               mc_w.l(llsshr.o)
    0x080006ac   0x080006ac   0x00000000   Code   RO         4885    .text               mc_w.l(iusefp.o)
    0x080006ac   0x080006ac   0x0000006e   Code   RO         4886    .text               mf_w.l(fepilogue.o)
    0x0800071a   0x0800071a   0x000000ba   Code   RO         4888    .text               mf_w.l(depilogue.o)
    0x080007d4   0x080007d4   0x00000030   Code   RO         4890    .text               mf_w.l(dfixul.o)
    0x08000804   0x08000804   0x00000030   Code   RO         4892    .text               mf_w.l(cdrcmple.o)
    0x08000834   0x08000834   0x00000024   Code   RO         4894    .text               mc_w.l(init.o)
    0x08000858   0x08000858   0x00000070   Code   RO          592    i.ADC_Disable       stm32g4xx_hal_adc.o
    0x080008c8   0x080008c8   0x000000ac   Code   RO          593    i.ADC_Enable        stm32g4xx_hal_adc.o
    0x08000974   0x08000974   0x00000002   Code   RO          461    i.BusFault_Handler  stm32g4xx_it.o
    0x08000976   0x08000976   0x00000002   Code   RO          462    i.DebugMon_Handler  stm32g4xx_it.o
    0x08000978   0x08000978   0x0000001c   Code   RO         4366    i.Delay_LCD         lcd.o
    0x08000994   0x08000994   0x00000004   Code   RO           13    i.Error_Handler     main.o
    0x08000998   0x08000998   0x00000094   Code   RO          826    i.HAL_ADCEx_Calibration_Start  stm32g4xx_hal_adc_ex.o
    0x08000a2c   0x08000a2c   0x00000424   Code   RO          595    i.HAL_ADC_ConfigChannel  stm32g4xx_hal_adc.o
    0x08000e50   0x08000e50   0x00000006   Code   RO          602    i.HAL_ADC_GetValue  stm32g4xx_hal_adc.o
    0x08000e56   0x08000e56   0x00000002   PAD
    0x08000e58   0x08000e58   0x000001f4   Code   RO          604    i.HAL_ADC_Init      stm32g4xx_hal_adc.o
    0x0800104c   0x0800104c   0x00000078   Code   RO          232    i.HAL_ADC_MspInit   adc.o
    0x080010c4   0x080010c4   0x000000f4   Code   RO          610    i.HAL_ADC_Start     stm32g4xx_hal_adc.o
    0x080011b8   0x080011b8   0x0000006a   Code   RO         1889    i.HAL_DMA_Abort     stm32g4xx_hal_dma.o
    0x08001222   0x08001222   0x00000078   Code   RO         1890    i.HAL_DMA_Abort_IT  stm32g4xx_hal_dma.o
    0x0800129a   0x0800129a   0x00000002   PAD
    0x0800129c   0x0800129c   0x00000024   Code   RO         1042    i.HAL_Delay         stm32g4xx_hal.o
    0x080012c0   0x080012c0   0x00000248   Code   RO         1751    i.HAL_GPIO_Init     stm32g4xx_hal_gpio.o
    0x08001508   0x08001508   0x0000000a   Code   RO         1753    i.HAL_GPIO_ReadPin  stm32g4xx_hal_gpio.o
    0x08001512   0x08001512   0x0000000a   Code   RO         1755    i.HAL_GPIO_WritePin  stm32g4xx_hal_gpio.o
    0x0800151c   0x0800151c   0x0000000c   Code   RO         1046    i.HAL_GetTick       stm32g4xx_hal.o
    0x08001528   0x08001528   0x00000010   Code   RO         1052    i.HAL_IncTick       stm32g4xx_hal.o
    0x08001538   0x08001538   0x0000001e   Code   RO         1053    i.HAL_Init          stm32g4xx_hal.o
    0x08001556   0x08001556   0x00000002   PAD
    0x08001558   0x08001558   0x00000044   Code   RO         1054    i.HAL_InitTick      stm32g4xx_hal.o
    0x0800159c   0x0800159c   0x00000030   Code   RO          564    i.HAL_MspInit       stm32g4xx_hal_msp.o
    0x080015cc   0x080015cc   0x0000001a   Code   RO         2398    i.HAL_NVIC_EnableIRQ  stm32g4xx_hal_cortex.o
    0x080015e6   0x080015e6   0x00000002   PAD
    0x080015e8   0x080015e8   0x00000040   Code   RO         2404    i.HAL_NVIC_SetPriority  stm32g4xx_hal_cortex.o
    0x08001628   0x08001628   0x00000024   Code   RO         2405    i.HAL_NVIC_SetPriorityGrouping  stm32g4xx_hal_cortex.o
    0x0800164c   0x0800164c   0x000000bc   Code   RO         2154    i.HAL_PWREx_ControlVoltageScaling  stm32g4xx_hal_pwr_ex.o
    0x08001708   0x08001708   0x00000010   Code   RO         2166    i.HAL_PWREx_DisableUCPDDeadBattery  stm32g4xx_hal_pwr_ex.o
    0x08001718   0x08001718   0x00000288   Code   RO         1413    i.HAL_RCCEx_PeriphCLKConfig  stm32g4xx_hal_rcc_ex.o
    0x080019a0   0x080019a0   0x000001dc   Code   RO         1288    i.HAL_RCC_ClockConfig  stm32g4xx_hal_rcc.o
    0x08001b7c   0x08001b7c   0x00000024   Code   RO         1296    i.HAL_RCC_GetPCLK1Freq  stm32g4xx_hal_rcc.o
    0x08001ba0   0x08001ba0   0x00000024   Code   RO         1297    i.HAL_RCC_GetPCLK2Freq  stm32g4xx_hal_rcc.o
    0x08001bc4   0x08001bc4   0x00000070   Code   RO         1298    i.HAL_RCC_GetSysClockFreq  stm32g4xx_hal_rcc.o
    0x08001c34   0x08001c34   0x00000404   Code   RO         1301    i.HAL_RCC_OscConfig  stm32g4xx_hal_rcc.o
    0x08002038   0x08002038   0x00000028   Code   RO         2409    i.HAL_SYSTICK_Config  stm32g4xx_hal_cortex.o
    0x08002060   0x08002060   0x00000002   Code   RO         3244    i.HAL_TIMEx_Break2Callback  stm32g4xx_hal_tim_ex.o
    0x08002062   0x08002062   0x00000002   Code   RO         3245    i.HAL_TIMEx_BreakCallback  stm32g4xx_hal_tim_ex.o
    0x08002064   0x08002064   0x00000002   Code   RO         3246    i.HAL_TIMEx_CommutCallback  stm32g4xx_hal_tim_ex.o
    0x08002066   0x08002066   0x00000002   Code   RO         3257    i.HAL_TIMEx_DirectionChangeCallback  stm32g4xx_hal_tim_ex.o
    0x08002068   0x08002068   0x00000002   Code   RO         3271    i.HAL_TIMEx_EncoderIndexCallback  stm32g4xx_hal_tim_ex.o
    0x0800206a   0x0800206a   0x00000002   Code   RO         3285    i.HAL_TIMEx_IndexErrorCallback  stm32g4xx_hal_tim_ex.o
    0x0800206c   0x0800206c   0x0000009c   Code   RO         3286    i.HAL_TIMEx_MasterConfigSynchronization  stm32g4xx_hal_tim_ex.o
    0x08002108   0x08002108   0x00000002   Code   RO         3307    i.HAL_TIMEx_TransitionErrorCallback  stm32g4xx_hal_tim_ex.o
    0x0800210a   0x0800210a   0x00000062   Code   RO         2530    i.HAL_TIM_Base_Init  stm32g4xx_hal_tim.o
    0x0800216c   0x0800216c   0x000000b0   Code   RO          282    i.HAL_TIM_Base_MspInit  tim.o
    0x0800221c   0x0800221c   0x00000078   Code   RO         2535    i.HAL_TIM_Base_Start_IT  stm32g4xx_hal_tim.o
    0x08002294   0x08002294   0x00000100   Code   RO         2539    i.HAL_TIM_ConfigClockSource  stm32g4xx_hal_tim.o
    0x08002394   0x08002394   0x00000060   Code   RO          283    i.HAL_TIM_IC_CaptureCallback  tim.o
    0x080023f4   0x080023f4   0x00000124   Code   RO         2566    i.HAL_TIM_IC_ConfigChannel  stm32g4xx_hal_tim.o
    0x08002518   0x08002518   0x00000062   Code   RO         2569    i.HAL_TIM_IC_Init   stm32g4xx_hal_tim.o
    0x0800257a   0x0800257a   0x00000002   Code   RO         2571    i.HAL_TIM_IC_MspInit  stm32g4xx_hal_tim.o
    0x0800257c   0x0800257c   0x0000012c   Code   RO         2574    i.HAL_TIM_IC_Start_IT  stm32g4xx_hal_tim.o
    0x080026a8   0x080026a8   0x000001a2   Code   RO         2578    i.HAL_TIM_IRQHandler  stm32g4xx_hal_tim.o
    0x0800284a   0x0800284a   0x00000002   PAD
    0x0800284c   0x0800284c   0x00000050   Code   RO          284    i.HAL_TIM_MspPostInit  tim.o
    0x0800289c   0x0800289c   0x00000002   Code   RO         2581    i.HAL_TIM_OC_DelayElapsedCallback  stm32g4xx_hal_tim.o
    0x0800289e   0x0800289e   0x00000124   Code   RO         2602    i.HAL_TIM_PWM_ConfigChannel  stm32g4xx_hal_tim.o
    0x080029c2   0x080029c2   0x00000062   Code   RO         2605    i.HAL_TIM_PWM_Init  stm32g4xx_hal_tim.o
    0x08002a24   0x08002a24   0x00000002   Code   RO         2607    i.HAL_TIM_PWM_MspInit  stm32g4xx_hal_tim.o
    0x08002a26   0x08002a26   0x00000002   Code   RO         2608    i.HAL_TIM_PWM_PulseFinishedCallback  stm32g4xx_hal_tim.o
    0x08002a28   0x08002a28   0x000000fc   Code   RO         2610    i.HAL_TIM_PWM_Start  stm32g4xx_hal_tim.o
    0x08002b24   0x08002b24   0x00000074   Code   RO          285    i.HAL_TIM_PeriodElapsedCallback  tim.o
    0x08002b98   0x08002b98   0x0000002a   Code   RO         2618    i.HAL_TIM_ReadCapturedValue  stm32g4xx_hal_tim.o
    0x08002bc2   0x08002bc2   0x00000002   Code   RO         2621    i.HAL_TIM_TriggerCallback  stm32g4xx_hal_tim.o
    0x08002bc4   0x08002bc4   0x0000003e   Code   RO         4093    i.HAL_UARTEx_DisableFifoMode  stm32g4xx_hal_uart_ex.o
    0x08002c02   0x08002c02   0x00000002   Code   RO         3682    i.HAL_UARTEx_RxEventCallback  stm32g4xx_hal_uart.o
    0x08002c04   0x08002c04   0x00000002   Code   RO         4101    i.HAL_UARTEx_RxFifoFullCallback  stm32g4xx_hal_uart_ex.o
    0x08002c06   0x08002c06   0x0000004c   Code   RO         4102    i.HAL_UARTEx_SetRxFifoThreshold  stm32g4xx_hal_uart_ex.o
    0x08002c52   0x08002c52   0x0000004c   Code   RO         4103    i.HAL_UARTEx_SetTxFifoThreshold  stm32g4xx_hal_uart_ex.o
    0x08002c9e   0x08002c9e   0x00000002   Code   RO         4105    i.HAL_UARTEx_TxFifoEmptyCallback  stm32g4xx_hal_uart_ex.o
    0x08002ca0   0x08002ca0   0x00000002   Code   RO         4106    i.HAL_UARTEx_WakeupCallback  stm32g4xx_hal_uart_ex.o
    0x08002ca2   0x08002ca2   0x00000002   Code   RO         3698    i.HAL_UART_ErrorCallback  stm32g4xx_hal_uart.o
    0x08002ca4   0x08002ca4   0x0000030c   Code   RO         3701    i.HAL_UART_IRQHandler  stm32g4xx_hal_uart.o
    0x08002fb0   0x08002fb0   0x0000006a   Code   RO         3702    i.HAL_UART_Init     stm32g4xx_hal_uart.o
    0x0800301a   0x0800301a   0x00000002   PAD
    0x0800301c   0x0800301c   0x0000008c   Code   RO          394    i.HAL_UART_MspInit  usart.o
    0x080030a8   0x080030a8   0x00000048   Code   RO         3707    i.HAL_UART_Receive_IT  stm32g4xx_hal_uart.o
    0x080030f0   0x080030f0   0x00000030   Code   RO          395    i.HAL_UART_RxCpltCallback  usart.o
    0x08003120   0x08003120   0x000000ae   Code   RO         3711    i.HAL_UART_Transmit  stm32g4xx_hal_uart.o
    0x080031ce   0x080031ce   0x00000002   Code   RO         3714    i.HAL_UART_TxCpltCallback  stm32g4xx_hal_uart.o
    0x080031d0   0x080031d0   0x00000002   Code   RO          463    i.HardFault_Handler  stm32g4xx_it.o
    0x080031d2   0x080031d2   0x00000002   PAD
    0x080031d4   0x080031d4   0x0000002c   Code   RO         4249    i.I2CInit           i2c_hal.o
    0x08003200   0x08003200   0x0000004e   Code   RO         4250    i.I2CReceiveByte    i2c_hal.o
    0x0800324e   0x0800324e   0x0000004e   Code   RO         4252    i.I2CSendByte       i2c_hal.o
    0x0800329c   0x0800329c   0x00000030   Code   RO         4253    i.I2CSendNotAck     i2c_hal.o
    0x080032cc   0x080032cc   0x00000036   Code   RO         4254    i.I2CStart          i2c_hal.o
    0x08003302   0x08003302   0x00000036   Code   RO         4255    i.I2CStop           i2c_hal.o
    0x08003338   0x08003338   0x0000004e   Code   RO         4256    i.I2CWaitAck        i2c_hal.o
    0x08003386   0x08003386   0x00000002   PAD
    0x08003388   0x08003388   0x0000002c   Code   RO         4367    i.LCD_BusIn         lcd.o
    0x080033b4   0x080033b4   0x00000030   Code   RO         4368    i.LCD_BusOut        lcd.o
    0x080033e4   0x080033e4   0x00000024   Code   RO         4369    i.LCD_Clear         lcd.o
    0x08003408   0x08003408   0x00000090   Code   RO         4371    i.LCD_CtrlLinesConfig  lcd.o
    0x08003498   0x08003498   0x00000018   Code   RO         4372    i.LCD_DisplayChar   lcd.o
    0x080034b0   0x080034b0   0x0000002a   Code   RO         4375    i.LCD_DisplayStringLine  lcd.o
    0x080034da   0x080034da   0x00000002   PAD
    0x080034dc   0x080034dc   0x00000058   Code   RO         4376    i.LCD_DrawChar      lcd.o
    0x08003534   0x08003534   0x00000034   Code   RO         4382    i.LCD_Init          lcd.o
    0x08003568   0x08003568   0x00000080   Code   RO         4385    i.LCD_ReadReg       lcd.o
    0x080035e8   0x080035e8   0x00000018   Code   RO         4387    i.LCD_SetCursor     lcd.o
    0x08003600   0x08003600   0x00000064   Code   RO         4392    i.LCD_WriteRAM      lcd.o
    0x08003664   0x08003664   0x00000064   Code   RO         4393    i.LCD_WriteRAM_Prepare  lcd.o
    0x080036c8   0x080036c8   0x00000074   Code   RO         4394    i.LCD_WriteReg      lcd.o
    0x0800373c   0x0800373c   0x0000000c   Code   RO          618    i.LL_ADC_GetOffsetChannel  stm32g4xx_hal_adc.o
    0x08003748   0x08003748   0x00000008   Code   RO          619    i.LL_ADC_INJ_IsConversionOngoing  stm32g4xx_hal_adc.o
    0x08003750   0x08003750   0x00000008   Code   RO          620    i.LL_ADC_REG_IsConversionOngoing  stm32g4xx_hal_adc.o
    0x08003758   0x08003758   0x0000001e   Code   RO          623    i.LL_ADC_SetChannelSamplingTime  stm32g4xx_hal_adc.o
    0x08003776   0x08003776   0x00000010   Code   RO          624    i.LL_ADC_SetOffsetState  stm32g4xx_hal_adc.o
    0x08003786   0x08003786   0x00000002   PAD
    0x08003788   0x08003788   0x0000009c   Code   RO          233    i.MX_ADC2_Init      adc.o
    0x08003824   0x08003824   0x000000d4   Code   RO          185    i.MX_GPIO_Init      gpio.o
    0x080038f8   0x080038f8   0x00000094   Code   RO          286    i.MX_TIM2_Init      tim.o
    0x0800398c   0x0800398c   0x0000009c   Code   RO          287    i.MX_TIM3_Init      tim.o
    0x08003a28   0x08003a28   0x00000068   Code   RO          288    i.MX_TIM4_Init      tim.o
    0x08003a90   0x08003a90   0x00000068   Code   RO          396    i.MX_USART1_UART_Init  usart.o
    0x08003af8   0x08003af8   0x00000002   Code   RO          464    i.MemManage_Handler  stm32g4xx_it.o
    0x08003afa   0x08003afa   0x00000002   Code   RO          465    i.NMI_Handler       stm32g4xx_it.o
    0x08003afc   0x08003afc   0x00000002   Code   RO          466    i.PendSV_Handler    stm32g4xx_it.o
    0x08003afe   0x08003afe   0x00000112   Code   RO         4395    i.REG_8230_Init     lcd.o
    0x08003c10   0x08003c10   0x00000202   Code   RO         4396    i.REG_932X_Init     lcd.o
    0x08003e12   0x08003e12   0x00000002   PAD
    0x08003e14   0x08003e14   0x00000018   Code   RO         4257    i.SCL_Output        i2c_hal.o
    0x08003e2c   0x08003e2c   0x00000018   Code   RO         4258    i.SDA_Input         i2c_hal.o
    0x08003e44   0x08003e44   0x0000002c   Code   RO         4259    i.SDA_Input_Mode    i2c_hal.o
    0x08003e70   0x08003e70   0x00000018   Code   RO         4260    i.SDA_Output        i2c_hal.o
    0x08003e88   0x08003e88   0x0000002c   Code   RO         4261    i.SDA_Output_Mode   i2c_hal.o
    0x08003eb4   0x08003eb4   0x00000002   Code   RO          467    i.SVC_Handler       stm32g4xx_it.o
    0x08003eb6   0x08003eb6   0x00000002   PAD
    0x08003eb8   0x08003eb8   0x00000044   Code   RO          468    i.SysTick_Handler   stm32g4xx_it.o
    0x08003efc   0x08003efc   0x00000066   Code   RO           14    i.SystemClock_Config  main.o
    0x08003f62   0x08003f62   0x00000002   PAD
    0x08003f64   0x08003f64   0x00000010   Code   RO         4212    i.SystemInit        system_stm32g4xx.o
    0x08003f74   0x08003f74   0x0000000c   Code   RO          469    i.TIM2_IRQHandler   stm32g4xx_it.o
    0x08003f80   0x08003f80   0x0000000c   Code   RO          470    i.TIM4_IRQHandler   stm32g4xx_it.o
    0x08003f8c   0x08003f8c   0x000000bc   Code   RO         2623    i.TIM_Base_SetConfig  stm32g4xx_hal_tim.o
    0x08004048   0x08004048   0x0000001a   Code   RO         2624    i.TIM_CCxChannelCmd  stm32g4xx_hal_tim.o
    0x08004062   0x08004062   0x00000014   Code   RO         2634    i.TIM_ETR_SetConfig  stm32g4xx_hal_tim.o
    0x08004076   0x08004076   0x00000002   PAD
    0x08004078   0x08004078   0x00000014   Code   RO         2635    i.TIM_ITRx_SetConfig  stm32g4xx_hal_tim.o
    0x0800408c   0x0800408c   0x0000009c   Code   RO         2636    i.TIM_OC1_SetConfig  stm32g4xx_hal_tim.o
    0x08004128   0x08004128   0x00000090   Code   RO         2637    i.TIM_OC2_SetConfig  stm32g4xx_hal_tim.o
    0x080041b8   0x080041b8   0x00000090   Code   RO         2638    i.TIM_OC3_SetConfig  stm32g4xx_hal_tim.o
    0x08004248   0x08004248   0x00000090   Code   RO         2639    i.TIM_OC4_SetConfig  stm32g4xx_hal_tim.o
    0x080042d8   0x080042d8   0x00000070   Code   RO         2640    i.TIM_OC5_SetConfig  stm32g4xx_hal_tim.o
    0x08004348   0x08004348   0x00000070   Code   RO         2641    i.TIM_OC6_SetConfig  stm32g4xx_hal_tim.o
    0x080043b8   0x080043b8   0x00000022   Code   RO         2643    i.TIM_TI1_ConfigInputStage  stm32g4xx_hal_tim.o
    0x080043da   0x080043da   0x00000002   PAD
    0x080043dc   0x080043dc   0x0000006c   Code   RO         2644    i.TIM_TI1_SetConfig  stm32g4xx_hal_tim.o
    0x08004448   0x08004448   0x00000024   Code   RO         2645    i.TIM_TI2_ConfigInputStage  stm32g4xx_hal_tim.o
    0x0800446c   0x0800446c   0x00000036   Code   RO         2646    i.TIM_TI2_SetConfig  stm32g4xx_hal_tim.o
    0x080044a2   0x080044a2   0x00000002   PAD
    0x080044a4   0x080044a4   0x00000044   Code   RO         4107    i.UARTEx_SetNbDataToProcess  stm32g4xx_hal_uart_ex.o
    0x080044e8   0x080044e8   0x000000c8   Code   RO         3716    i.UART_AdvFeatureConfig  stm32g4xx_hal_uart.o
    0x080045b0   0x080045b0   0x000000ac   Code   RO         3717    i.UART_CheckIdleState  stm32g4xx_hal_uart.o
    0x0800465c   0x0800465c   0x00000014   Code   RO         3718    i.UART_DMAAbortOnError  stm32g4xx_hal_uart.o
    0x08004670   0x08004670   0x00000054   Code   RO         3728    i.UART_EndRxTransfer  stm32g4xx_hal_uart.o
    0x080046c4   0x080046c4   0x000000c8   Code   RO         3730    i.UART_RxISR_16BIT  stm32g4xx_hal_uart.o
    0x0800478c   0x0800478c   0x000001a0   Code   RO         3731    i.UART_RxISR_16BIT_FIFOEN  stm32g4xx_hal_uart.o
    0x0800492c   0x0800492c   0x000000c8   Code   RO         3732    i.UART_RxISR_8BIT   stm32g4xx_hal_uart.o
    0x080049f4   0x080049f4   0x000001a0   Code   RO         3733    i.UART_RxISR_8BIT_FIFOEN  stm32g4xx_hal_uart.o
    0x08004b94   0x08004b94   0x00000274   Code   RO         3734    i.UART_SetConfig    stm32g4xx_hal_uart.o
    0x08004e08   0x08004e08   0x00000110   Code   RO         3736    i.UART_Start_Receive_IT  stm32g4xx_hal_uart.o
    0x08004f18   0x08004f18   0x00000094   Code   RO         3741    i.UART_WaitOnFlagUntilTimeout  stm32g4xx_hal_uart.o
    0x08004fac   0x08004fac   0x0000000c   Code   RO          471    i.USART1_IRQHandler  stm32g4xx_it.o
    0x08004fb8   0x08004fb8   0x00000002   Code   RO          472    i.UsageFault_Handler  stm32g4xx_it.o
    0x08004fba   0x08004fba   0x00000002   PAD
    0x08004fbc   0x08004fbc   0x00000020   Code   RO         4822    i.__0printf         mc_w.l(printfa.o)
    0x08004fdc   0x08004fdc   0x00000028   Code   RO         4824    i.__0sprintf        mc_w.l(printfa.o)
    0x08005004   0x08005004   0x00000020   Code   RO         2411    i.__NVIC_SetPriority  stm32g4xx_hal_cortex.o
    0x08005024   0x08005024   0x0000000e   Code   RO         4898    i.__scatterload_copy  mc_w.l(handlers.o)
    0x08005032   0x08005032   0x00000002   Code   RO         4899    i.__scatterload_null  mc_w.l(handlers.o)
    0x08005034   0x08005034   0x0000000e   Code   RO         4900    i.__scatterload_zeroinit  mc_w.l(handlers.o)
    0x08005042   0x08005042   0x00000002   PAD
    0x08005044   0x08005044   0x00000184   Code   RO         4829    i._fp_digits        mc_w.l(printfa.o)
    0x080051c8   0x080051c8   0x000006dc   Code   RO         4830    i._printf_core      mc_w.l(printfa.o)
    0x080058a4   0x080058a4   0x00000024   Code   RO         4831    i._printf_post_padding  mc_w.l(printfa.o)
    0x080058c8   0x080058c8   0x0000002e   Code   RO         4832    i._printf_pre_padding  mc_w.l(printfa.o)
    0x080058f6   0x080058f6   0x0000000a   Code   RO         4834    i._sputc            mc_w.l(printfa.o)
    0x08005900   0x08005900   0x000001f8   Code   RO          234    i.adc_task          adc.o
    0x08005af8   0x08005af8   0x0000000c   Code   RO         4262    i.delay1            i2c_hal.o
    0x08005b04   0x08005b04   0x00000038   Code   RO         4263    i.eeprom_init       i2c_hal.o
    0x08005b3c   0x08005b3c   0x00000040   Code   RO         4264    i.eeprom_read       i2c_hal.o
    0x08005b7c   0x08005b7c   0x00000030   Code   RO         4265    i.eeprom_write      i2c_hal.o
    0x08005bac   0x08005bac   0x00000018   Code   RO          397    i.fputc             usart.o
    0x08005bc4   0x08005bc4   0x0000000c   Code   RO          289    i.key_init          tim.o
    0x08005bd0   0x08005bd0   0x000000ac   Code   RO          290    i.key_scan          tim.o
    0x08005c7c   0x08005c7c   0x00000218   Code   RO          291    i.key_task          tim.o
    0x08005e94   0x08005e94   0x00000030   Code   RO          186    i.led_init          gpio.o
    0x08005ec4   0x08005ec4   0x00000058   Code   RO          187    i.led_on_by_8bits   gpio.o
    0x08005f1c   0x08005f1c   0x00000048   Code   RO          188    i.led_task          gpio.o
    0x08005f64   0x08005f64   0x00000080   Code   RO           15    i.main              main.o
    0x08005fe4   0x08005fe4   0x0000001c   Code   RO          292    i.pwm_init          tim.o
    0x08006000   0x08006000   0x00000038   Code   RO          293    i.pwm_out_set_fre_duty  tim.o
    0x08006038   0x08006038   0x0000003c   Code   RO          294    i.pwm_task          tim.o
    0x08006074   0x08006074   0x0000003c   Code   RO         4397    i.show_init         lcd.o
    0x080060b0   0x080060b0   0x000002f4   Code   RO         4398    i.show_task         lcd.o
    0x080063a4   0x080063a4   0x00000014   Code   RO          398    i.uart_init         usart.o
    0x080063b8   0x080063b8   0x0000010c   Code   RO          399    i.uart_task         usart.o
    0x080064c4   0x080064c4   0x00000018   Data   RO         3742    .constdata          stm32g4xx_hal_uart.o
    0x080064dc   0x080064dc   0x00000010   Data   RO         4108    .constdata          stm32g4xx_hal_uart_ex.o
    0x080064ec   0x080064ec   0x00000010   Data   RO         4213    .constdata          system_stm32g4xx.o
    0x080064fc   0x080064fc   0x00000008   Data   RO         4214    .constdata          system_stm32g4xx.o
    0x08006504   0x08006504   0x000011d0   Data   RO         4400    .constdata          lcd.o
    0x080076d4   0x080076d4   0x00000020   Data   RO         4896    Region$$Table       anon$$obj.o


    Execution Region RW_IRAM1 (Exec base: 0x20000000, Load base: 0x080076f4, Size: 0x00000768, Max: 0x00008000, ABSOLUTE)

    Exec Addr    Load Addr    Size         Type   Attr      Idx    E Section Name        Object

    0x20000000   0x080076f4   0x00000001   Data   RW          189    .data               gpio.o
    0x20000001   0x080076f5   0x00000007   PAD
    0x20000008   0x080076fc   0x00000040   Data   RW          236    .data               adc.o
    0x20000048   0x0800773c   0x0000000c   Data   RW          296    .data               tim.o
    0x20000054   0x08007748   0x00000002   Data   RW          401    .data               usart.o
    0x20000056   0x0800774a   0x00000002   PAD
    0x20000058   0x0800774c   0x00000010   Data   RW          476    .data               stm32g4xx_it.o
    0x20000068   0x0800775c   0x0000000c   Data   RW         1073    .data               stm32g4xx_hal.o
    0x20000074   0x08007768   0x00000004   Data   RW         4215    .data               system_stm32g4xx.o
    0x20000078   0x0800776c   0x00000044   Data   RW         4401    .data               lcd.o
    0x200000bc   0x080077b0   0x00000004   Data   RW         4876    .data               mc_w.l(stdout.o)
    0x200000c0        -       0x0000006c   Zero   RW          235    .bss                adc.o
    0x2000012c        -       0x00000114   Zero   RW          295    .bss                tim.o
    0x20000240        -       0x00000114   Zero   RW          400    .bss                usart.o
    0x20000354        -       0x00000014   Zero   RW         4399    .bss                lcd.o
    0x20000368        -       0x00000400   Zero   RW            1    STACK               startup_stm32g431xx.o


==============================================================================

Image component sizes


      Code (inc. data)   RO Data    RW Data    ZI Data      Debug   Object Name

       780         96          0         64        108       3253   adc.o
       420         50          0          1          0       2910   gpio.o
       774         36          0          0          0       9009   i2c_hal.o
      2578        392       4560         68         20      14321   lcd.o
       234         14          0          0          0     681371   main.o
        36          8        472          0       1024        832   startup_stm32g431xx.o
       162         24          0         12          0       4313   stm32g4xx_hal.o
      2168        126          0          0          0      77301   stm32g4xx_hal_adc.o
       148         10          0          0          0      67290   stm32g4xx_hal_adc_ex.o
       198         14          0          0          0      33831   stm32g4xx_hal_cortex.o
       226          0          0          0          0       1935   stm32g4xx_hal_dma.o
       604         34          0          0          0       3003   stm32g4xx_hal_gpio.o
        48          6          0          0          0        862   stm32g4xx_hal_msp.o
       204         18          0          0          0       1401   stm32g4xx_hal_pwr_ex.o
      1688         92          0          0          0       6264   stm32g4xx_hal_rcc.o
       648         10          0          0          0       1876   stm32g4xx_hal_rcc_ex.o
      3574        304          0          0          0      24245   stm32g4xx_hal_tim.o
       170         24          0          0          0       5416   stm32g4xx_hal_tim_ex.o
      3894        140         24          0          0      37038   stm32g4xx_hal_uart.o
       288          6         16          0          0       5370   stm32g4xx_hal_uart_ex.o
       120         24          0         16          0       6354   stm32g4xx_it.o
        16          4         24          4          0       1127   system_stm32g4xx.o
      1740        248          0         12        276       9893   tim.o
       604        124          0          2        276       4200   usart.o

    ----------------------------------------------------------------------
     21356       1804       5128        188       1704    1003415   Object Totals
         0          0         32          0          0          0   (incl. Generated)
        34          0          0          9          0          0   (incl. Padding)

    ----------------------------------------------------------------------

      Code (inc. data)   RO Data    RW Data    ZI Data      Debug   Library Member Name

         0          0          0          0          0          0   entry.o
         0          0          0          0          0          0   entry10a.o
         0          0          0          0          0          0   entry11a.o
         8          4          0          0          0          0   entry2.o
         4          0          0          0          0          0   entry5.o
         0          0          0          0          0          0   entry7b.o
         0          0          0          0          0          0   entry8b.o
         8          4          0          0          0          0   entry9a.o
        30          0          0          0          0          0   handlers.o
        36          8          0          0          0         68   init.o
         0          0          0          0          0          0   iusefp.o
        30          0          0          0          0         68   llshl.o
        36          0          0          0          0         68   llsshr.o
        32          0          0          0          0         68   llushr.o
        36          0          0          0          0        108   memseta.o
      2308         96          0          0          0        604   printfa.o
         0          0          0          4          0          0   stdout.o
        44          0          0          0          0         80   uidiv.o
        98          0          0          0          0         92   uldiv.o
        48          0          0          0          0         68   cdrcmple.o
        56          0          0          0          0         88   d2f.o
       334          0          0          0          0        148   dadd.o
       222          0          0          0          0        100   ddiv.o
       186          0          0          0          0        176   depilogue.o
        48          0          0          0          0         68   dfixul.o
        26          0          0          0          0         76   dfltui.o
       228          0          0          0          0         96   dmul.o
        38          0          0          0          0         68   f2d.o
       110          0          0          0          0        168   fepilogue.o

    ----------------------------------------------------------------------
      3968        112          0          4          0       2212   Library Totals
         2          0          0          0          0          0   (incl. Padding)

    ----------------------------------------------------------------------

      Code (inc. data)   RO Data    RW Data    ZI Data      Debug   Library Name

      2670        112          0          4          0       1156   mc_w.l
      1296          0          0          0          0       1056   mf_w.l

    ----------------------------------------------------------------------
      3968        112          0          4          0       2212   Library Totals

    ----------------------------------------------------------------------

==============================================================================


      Code (inc. data)   RO Data    RW Data    ZI Data      Debug   

     25324       1916       5128        192       1704     987939   Grand Totals
     25324       1916       5128        192       1704     987939   ELF Image Totals
     25324       1916       5128        192          0          0   ROM Totals

==============================================================================

    Total RO  Size (Code + RO Data)                30452 (  29.74kB)
    Total RW  Size (RW Data + ZI Data)              1896 (   1.85kB)
    Total ROM Size (Code + RO Data + RW Data)      30644 (  29.93kB)

==============================================================================

